Component: ARM Compiler 5.06 update 6 (build 750) Tool: armlink [4d35ed]

==============================================================================

Section Cross References

    main.o(i.Init) refers to delay.o(i.delay_init) for delay_init
    main.o(i.Init) refers to misc.o(i.NVIC_PriorityGroupConfig) for NVIC_PriorityGroupConfig
    main.o(i.Init) refers to remotecontrol.o(i.remote_control_init) for remote_control_init
    main.o(i.Init) refers to usart1.o(i.Usart1_Init) for Usart1_Init
    main.o(i.Init) refers to led.o(i.LED_Init) for LED_Init
    main.o(i.Init) refers to imutask.o(i.IMU_Init) for IMU_Init
    main.o(i.Init) refers to stm32f4xx_gpio.o(i.GPIO_ResetBits) for GPIO_ResetBits
    main.o(i.Init) refers to stm32f4xx_gpio.o(i.GPIO_SetBits) for GPIO_SetBits
    main.o(i.Init) refers to can.o(i.CAN1_mode_init) for CAN1_mode_init
    main.o(i.Init) refers to can.o(i.CAN2_mode_init) for CAN2_mode_init
    main.o(i.Init) refers to usbd_core.o(i.USBD_Init) for USBD_Init
    main.o(i.Init) refers to delay.o(i.delay_ms) for delay_ms
    main.o(i.Init) refers to usbd_usr.o(.data) for USR_cb
    main.o(i.Init) refers to usbd_cdc_core.o(.data) for USBD_CDC_cb
    main.o(i.Init) refers to usbd_desc.o(.data) for USR_desc
    main.o(i.Init) refers to main.o(.bss) for .bss
    main.o(i.TaskStart) refers to tasks.o(i.xTaskCreate) for xTaskCreate
    main.o(i.TaskStart) refers to tasks.o(i.vTaskStartScheduler) for vTaskStartScheduler
    main.o(i.TaskStart) refers to main.o(.data) for .data
    main.o(i.TaskStart) refers to main.o(i.start_task) for start_task
    main.o(i.main) refers to main.o(i.Init) for Init
    main.o(i.main) refers to main.o(i.TaskStart) for TaskStart
    main.o(i.start_task) refers to port.o(i.vPortEnterCritical) for vPortEnterCritical
    main.o(i.start_task) refers to imutask.o(i.IMU_task_Create) for IMU_task_Create
    main.o(i.start_task) refers to gimbal_task.o(i.task_Gimbal_Create) for task_Gimbal_Create
    main.o(i.start_task) refers to shoot_task.o(i.task_Shoot_Create) for task_Shoot_Create
    main.o(i.start_task) refers to tx2_task.o(i.task_Tx2_Create) for task_Tx2_Create
    main.o(i.start_task) refers to tx2_task.o(i.task_PC_Create) for task_PC_Create
    main.o(i.start_task) refers to detect_task.o(i.task_Detect_Create) for task_Detect_Create
    main.o(i.start_task) refers to tasks.o(i.vTaskDelete) for vTaskDelete
    main.o(i.start_task) refers to port.o(i.vPortExitCritical) for vPortExitCritical
    main.o(i.start_task) refers to main.o(.data) for .data
    detect_task.o(i.DetectDisplay) refers to stm32f4xx_gpio.o(i.GPIO_SetBits) for GPIO_SetBits
    detect_task.o(i.DetectDisplay) refers to stm32f4xx_gpio.o(i.GPIO_ResetBits) for GPIO_ResetBits
    detect_task.o(i.DetectDisplay) refers to detect_task.o(.bss) for .bss
    detect_task.o(i.DetectDisplay) refers to detect_task.o(.data) for .data
    detect_task.o(i.DetectHook) refers to tasks.o(i.xTaskGetTickCount) for xTaskGetTickCount
    detect_task.o(i.DetectHook) refers to detect_task.o(.bss) for .bss
    detect_task.o(i.DetectInit) refers to memcpya.o(.text) for __aeabi_memcpy4
    detect_task.o(i.DetectInit) refers to detect_task.o(.constdata) for .constdata
    detect_task.o(i.DetectInit) refers to detect_task.o(.bss) for .bss
    detect_task.o(i.DetectInit) refers to remotecontrol.o(i.RC_data_is_error) for RC_data_is_error
    detect_task.o(i.DetectInit) refers to remotecontrol.o(i.slove_data_error) for slove_data_error
    detect_task.o(i.Detect_task) refers to tasks.o(i.xTaskGetTickCount) for xTaskGetTickCount
    detect_task.o(i.Detect_task) refers to detect_task.o(i.DetectInit) for DetectInit
    detect_task.o(i.Detect_task) refers to tasks.o(i.vTaskDelay) for vTaskDelay
    detect_task.o(i.Detect_task) refers to detect_task.o(i.DetectDisplay) for DetectDisplay
    detect_task.o(i.Detect_task) refers to tasks.o(i.uxTaskGetStackHighWaterMark) for uxTaskGetStackHighWaterMark
    detect_task.o(i.Detect_task) refers to detect_task.o(.data) for .data
    detect_task.o(i.Detect_task) refers to detect_task.o(.bss) for .bss
    detect_task.o(i.getErrorListPoint) refers to detect_task.o(.bss) for .bss
    detect_task.o(i.task_Detect_Create) refers to tasks.o(i.xTaskCreate) for xTaskCreate
    detect_task.o(i.task_Detect_Create) refers to detect_task.o(.data) for .data
    detect_task.o(i.task_Detect_Create) refers to detect_task.o(i.Detect_task) for Detect_task
    detect_task.o(i.toe_is_error) refers to detect_task.o(.bss) for .bss
    can_receive.o(i.CAN1_RX0_IRQHandler) refers to stm32f4xx_can.o(i.CAN_GetITStatus) for CAN_GetITStatus
    can_receive.o(i.CAN1_RX0_IRQHandler) refers to stm32f4xx_can.o(i.CAN_Receive) for CAN_Receive
    can_receive.o(i.CAN1_RX0_IRQHandler) refers to can_receive.o(i.CAN1_hook) for CAN1_hook
    can_receive.o(i.CAN1_RX0_IRQHandler) refers to can_receive.o(.bss) for .bss
    can_receive.o(i.CAN1_hook) refers to detect_task.o(i.DetectHook) for DetectHook
[...]
    SPI_I2S_SendData                         0x08005c0f   Thumb Code     4  stm32f4xx_spi.o(i.SPI_I2S_SendData)
    SPI_Init                                 0x08005c13   Thumb Code    56  stm32f4xx_spi.o(i.SPI_Init)
    Shoot_task                               0x08005e79   Thumb Code   160  shoot_task.o(i.Shoot_task)
    SmoothFilter_Calc                        0x08005f1d   Thumb Code    76  smooth_filter.o(i.SmoothFilter_Calc)
    SmoothFilter_Init                        0x08005f6d   Thumb Code    42  smooth_filter.o(i.SmoothFilter_Init)
    SysTick_CLKSourceConfig                  0x08005f9d   Thumb Code    24  misc.o(i.SysTick_CLKSourceConfig)
    SysTick_Handler                          0x08005fb5   Thumb Code    20  delay.o(i.SysTick_Handler)
    SystemInit                               0x08005fc9   Thumb Code    74  system_stm32f4xx.o(i.SystemInit)
    TaskStart                                0x08006025   Thumb Code    30  main.o(i.TaskStart)
    Tx2_task                                 0x08006059   Thumb Code   166  tx2_task.o(i.Tx2_task)
    USART1_IRQHandler                        0x08006119   Thumb Code    92  usart1.o(i.USART1_IRQHandler)
    USART2_IRQHandler                        0x0800617d   Thumb Code   236  remotecontrol.o(i.USART2_IRQHandler)
    USART6_IRQHandler                        0x0800627d   Thumb Code     2  usart6.o(i.USART6_IRQHandler)
    USART_ClearFlag                          0x0800627f   Thumb Code     6  stm32f4xx_usart.o(i.USART_ClearFlag)
    USART_ClearITPendingBit                  0x08006285   Thumb Code    12  stm32f4xx_usart.o(i.USART_ClearITPendingBit)
    USART_Cmd                                0x08006291   Thumb Code    20  stm32f4xx_usart.o(i.USART_Cmd)
    USART_DMACmd                             0x080062a5   Thumb Code    16  stm32f4xx_usart.o(i.USART_DMACmd)
    USART_DeInit                             0x080062b5   Thumb Code   138  stm32f4xx_usart.o(i.USART_DeInit)
    USART_GetITStatus                        0x08006361   Thumb Code    62  stm32f4xx_usart.o(i.USART_GetITStatus)
    USART_ITConfig                           0x0800639f   Thumb Code    48  stm32f4xx_usart.o(i.USART_ITConfig)
    USART_Init                               0x080063d1   Thumb Code   164  stm32f4xx_usart.o(i.USART_Init)
    USART_ReceiveData                        0x0800647d   Thumb Code     8  stm32f4xx_usart.o(i.USART_ReceiveData)
    USBD_ClrCfg                              0x08006485   Thumb Code    14  usbd_core.o(i.USBD_ClrCfg)
    USBD_CtlContinueRx                       0x08006493   Thumb Code    18  usbd_ioreq.o(i.USBD_CtlContinueRx)
    USBD_CtlContinueSendData                 0x080064a5   Thumb Code    18  usbd_ioreq.o(i.USBD_CtlContinueSendData)
    USBD_CtlError                            0x080064b7   Thumb Code    28  usbd_req.o(i.USBD_CtlError)
    USBD_CtlPrepareRx                        0x080064d3   Thumb Code    32  usbd_ioreq.o(i.USBD_CtlPrepareRx)
    USBD_CtlReceiveStatus                    0x080064f3   Thumb Code    34  usbd_ioreq.o(i.USBD_CtlReceiveStatus)
    USBD_CtlSendData                         0x08006515   Thumb Code    32  usbd_ioreq.o(i.USBD_CtlSendData)
    USBD_CtlSendStatus                       0x08006535   Thumb Code    34  usbd_ioreq.o(i.USBD_CtlSendStatus)
    USBD_GetString                           0x0800674b   Thumb Code    70  usbd_req.o(i.USBD_GetString)
    USBD_Init                                0x08006791   Thumb Code    52  usbd_core.o(i.USBD_Init)
    USBD_OTG_ISR_Handler                     0x080067e1   Thumb Code   236  usb_dcd_int.o(i.USBD_OTG_ISR_Handler)
    USBD_ParseSetupRequest                   0x080068d1   Thumb Code    68  usbd_req.o(i.USBD_ParseSetupRequest)
    USBD_SetCfg                              0x08006969   Thumb Code    26  usbd_core.o(i.USBD_SetCfg)
    USBD_StdDevReq                           0x08006abd   Thumb Code   236  usbd_req.o(i.USBD_StdDevReq)
    USBD_StdEPReq                            0x08006bad   Thumb Code   208  usbd_req.o(i.USBD_StdEPReq)
    USBD_StdItfReq                           0x08006c81   Thumb Code    54  usbd_req.o(i.USBD_StdItfReq)
    USBD_USR_ConfigStrDescriptor             0x08006cd5   Thumb Code    16  usbd_desc.o(i.USBD_USR_ConfigStrDescriptor)
    USBD_USR_DeviceConfigured                0x08006cf5   Thumb Code    12  usbd_usr.o(i.USBD_USR_DeviceConfigured)
    USBD_USR_DeviceConnected                 0x08006d21   Thumb Code    26  usbd_usr.o(i.USBD_USR_DeviceConnected)
    USBD_USR_DeviceDescriptor                0x08006d5d   Thumb Code     8  usbd_desc.o(i.USBD_USR_DeviceDescriptor)
    USBD_USR_DeviceDisconnected              0x08006d69   Thumb Code    12  usbd_usr.o(i.USBD_USR_DeviceDisconnected)
    USBD_USR_DeviceReset                     0x08006d95   Thumb Code    20  usbd_usr.o(i.USBD_USR_DeviceReset)
    USBD_USR_DeviceResumed                   0x08006e15   Thumb Code     6  usbd_usr.o(i.USBD_USR_DeviceResumed)
    USBD_USR_DeviceSuspended                 0x08006e31   Thumb Code    12  usbd_usr.o(i.USBD_USR_DeviceSuspended)
    USBD_USR_Init                            0x08006e5d   Thumb Code     2  usbd_usr.o(i.USBD_USR_Init)
    USBD_USR_InterfaceStrDescriptor          0x08006e61   Thumb Code    16  usbd_desc.o(i.USBD_USR_InterfaceStrDescriptor)
    USBD_USR_LangIDStrDescriptor             0x08006e85   Thumb Code     8  usbd_desc.o(i.USBD_USR_LangIDStrDescriptor)
    USBD_USR_ManufacturerStrDescriptor       0x08006e91   Thumb Code    16  usbd_desc.o(i.USBD_USR_ManufacturerStrDescriptor)
    USBD_USR_ProductStrDescriptor            0x08006eb9   Thumb Code    16  usbd_desc.o(i.USBD_USR_ProductStrDescriptor)
    USBD_USR_SerialStrDescriptor             0x08006eed   Thumb Code    48  usbd_desc.o(i.USBD_USR_SerialStrDescriptor)
    USB_OTG_BSP_EnableInterrupt              0x08006f31   Thumb Code    34  usb_bsp.o(i.USB_OTG_BSP_EnableInterrupt)
    USB_OTG_BSP_Init                         0x08006f55   Thumb Code   108  usb_bsp.o(i.USB_OTG_BSP_Init)
    USB_OTG_BSP_mDelay                       0x08006fc9   Thumb Code     4  usb_bsp.o(i.USB_OTG_BSP_mDelay)
    USB_OTG_BSP_uDelay                       0x08006fcd   Thumb Code     4  usb_bsp.o(i.USB_OTG_BSP_uDelay)
    USB_OTG_CoreInit                         0x08006fd1   Thumb Code   128  usb_core.o(i.USB_OTG_CoreInit)
    USB_OTG_CoreInitDev                      0x08007051   Thumb Code   304  usb_core.o(i.USB_OTG_CoreInitDev)
    USB_OTG_DisableGlobalInt                 0x080071d9   Thumb Code    16  usb_core.o(i.USB_OTG_DisableGlobalInt)
    USB_OTG_EP0Activate                      0x080071e9   Thumb Code    58  usb_core.o(i.USB_OTG_EP0Activate)
    USB_OTG_EP0StartXfer                     0x08007223   Thumb Code   184  usb_core.o(i.USB_OTG_EP0StartXfer)
    USB_OTG_EP0_OutStart                     0x080072dd   Thumb Code    32  usb_core.o(i.USB_OTG_EP0_OutStart)
    USB_OTG_EPActivate                       0x08007301   Thumb Code    82  usb_core.o(i.USB_OTG_EPActivate)
    USB_OTG_EPClearStall                     0x08007353   Thumb Code    50  usb_core.o(i.USB_OTG_EPClearStall)
    USB_OTG_EPDeactivate                     0x08007385   Thumb Code    52  usb_core.o(i.USB_OTG_EPDeactivate)
    USB_OTG_EPSetStall                       0x080073b9   Thumb Code    48  usb_core.o(i.USB_OTG_EPSetStall)
    USB_OTG_EPStartXfer                      0x080073e9   Thumb Code   298  usb_core.o(i.USB_OTG_EPStartXfer)
    USB_OTG_EnableDevInt                     0x08007515   Thumb Code    66  usb_core.o(i.USB_OTG_EnableDevInt)
    USB_OTG_EnableGlobalInt                  0x0800755d   Thumb Code    16  usb_core.o(i.USB_OTG_EnableGlobalInt)
    USB_OTG_FlushRxFifo                      0x0800756d   Thumb Code    54  usb_core.o(i.USB_OTG_FlushRxFifo)
    USB_OTG_FlushTxFifo                      0x080075a9   Thumb Code    62  usb_core.o(i.USB_OTG_FlushTxFifo)
    USB_OTG_GetDeviceSpeed                   0x080075ed   Thumb Code    38  usb_core.o(i.USB_OTG_GetDeviceSpeed)
    USB_OTG_InitDevSpeed                     0x08007613   Thumb Code    12  usb_core.o(i.USB_OTG_InitDevSpeed)
    USB_OTG_IsDeviceMode                     0x0800761f   Thumb Code    18  usb_core.o(i.USB_OTG_IsDeviceMode)
    USB_OTG_ReadCoreItr                      0x08007631   Thumb Code    10  usb_core.o(i.USB_OTG_ReadCoreItr)
    USB_OTG_ReadDevAllInEPItr                0x0800763b   Thumb Code    12  usb_core.o(i.USB_OTG_ReadDevAllInEPItr)
    USB_OTG_ReadDevAllOutEp_itr              0x08007647   Thumb Code    12  usb_core.o(i.USB_OTG_ReadDevAllOutEp_itr)
    USB_OTG_ReadDevOutEP_itr                 0x08007653   Thumb Code    16  usb_core.o(i.USB_OTG_ReadDevOutEP_itr)
    USB_OTG_ReadPacket                       0x08007663   Thumb Code    32  usb_core.o(i.USB_OTG_ReadPacket)
    USB_OTG_SelectCore                       0x08007685   Thumb Code   188  usb_core.o(i.USB_OTG_SelectCore)
    USB_OTG_SetCurrentMode                   0x08007745   Thumb Code    42  usb_core.o(i.USB_OTG_SetCurrentMode)
    USB_OTG_WritePacket                      0x0800776f   Thumb Code    40  usb_core.o(i.USB_OTG_WritePacket)
    UsageFault_Handler                       0x08007797   Thumb Code     2  stm32f4xx_it.o(i.UsageFault_Handler)
    Usart1_Init                              0x08007799   Thumb Code   210  usart1.o(i.Usart1_Init)
    VCP_Ctrl                                 0x08007879   Thumb Code   112  usbd_cdc_vcp.o(i.VCP_Ctrl)
    VCP_DataRx                               0x08007955   Thumb Code   114  usbd_cdc_vcp.o(i.VCP_DataRx)
    VCP_DataTx                               0x080079d1   Thumb Code    26  usbd_cdc_vcp.o(i.VCP_DataTx)
    VCP_DeInit                               0x080079f5   Thumb Code     4  usbd_cdc_vcp.o(i.VCP_DeInit)
    VCP_Init                                 0x080079f9   Thumb Code     4  usbd_cdc_vcp.o(i.VCP_Init)
    __0printf                                0x080079fd   Thumb Code    22  printfa.o(i.__0printf)
    __1printf                                0x080079fd   Thumb Code     0  printfa.o(i.__0printf)
    __2printf                                0x080079fd   Thumb Code     0  printfa.o(i.__0printf)
    __c89printf                              0x080079fd   Thumb Code     0  printfa.o(i.__0printf)
    printf                                   0x080079fd   Thumb Code     0  printfa.o(i.__0printf)
    __ARM_fpclassify                         0x08007a1d   Thumb Code    48  fpclassify.o(i.__ARM_fpclassify)
    __hardfp_asin                            0x08007a51   Thumb Code   770  asin.o(i.__hardfp_asin)
    __hardfp_atan                            0x08007db1   Thumb Code   622  atan.o(i.__hardfp_atan)
    __hardfp_atan2                           0x08008089   Thumb Code   432  atan2.o(i.__hardfp_atan2)
    __hardfp_cos                             0x08008279   Thumb Code   180  cos.o(i.__hardfp_cos)
    __hardfp_pow                             0x08008341   Thumb Code  3072  pow.o(i.__hardfp_pow)
    __hardfp_sin                             0x08008f91   Thumb Code   180  sin.o(i.__hardfp_sin)
    __hardfp_sqrt                            0x08009059   Thumb Code   122  sqrt_full.o(i.__hardfp_sqrt)
    __hardfp_sqrtf                           0x080090d3   Thumb Code    58  sqrtf_full.o(i.__hardfp_sqrtf)
    __ieee754_rem_pio2                       0x08009111   Thumb Code   938  rred.o(i.__ieee754_rem_pio2)
    __kernel_cos                             0x08009549   Thumb Code   322  cos_i.o(i.__kernel_cos)
    __kernel_poly                            0x080096b9   Thumb Code   248  poly.o(i.__kernel_poly)
    __kernel_sin                             0x080097b1   Thumb Code   280  sin_i.o(i.__kernel_sin)
    __mathlib_dbl_divzero                    0x080098e1   Thumb Code    28  dunder.o(i.__mathlib_dbl_divzero)
    __mathlib_dbl_infnan                     0x08009911   Thumb Code    20  dunder.o(i.__mathlib_dbl_infnan)
    __mathlib_dbl_infnan2                    0x08009925   Thumb Code    20  dunder.o(i.__mathlib_dbl_infnan2)
    __mathlib_dbl_invalid                    0x08009939   Thumb Code    24  dunder.o(i.__mathlib_dbl_invalid)
    __mathlib_dbl_overflow                   0x08009959   Thumb Code    24  dunder.o(i.__mathlib_dbl_overflow)
    __mathlib_dbl_underflow                  0x08009979   Thumb Code    24  dunder.o(i.__mathlib_dbl_underflow)
    __scatterload_copy                       0x08009999   Thumb Code    14  handlers.o(i.__scatterload_copy)
    __scatterload_null                       0x080099a7   Thumb Code     2  handlers.o(i.__scatterload_null)
    __scatterload_zeroinit                   0x080099a9   Thumb Code    14  handlers.o(i.__scatterload_zeroinit)
    __set_errno                              0x080099b9   Thumb Code     6  errno.o(i.__set_errno)
    accel_data_update                        0x0800a279   Thumb Code    80  accelerometer_calibration.o(i.accel_data_update)
    accel_mat_init                           0x0800a2d5   Thumb Code   312  accelerometer_calibration.o(i.accel_mat_init)
    atan                                     0x0800a419   Thumb Code    16  atan.o(i.atan)
    caculate_mat                             0x0800a429   Thumb Code   132  accelerometer_calibration.o(i.caculate_mat)
    cali_accel_para                          0x0800a4b1   Thumb Code   214  accelerometer_calibration.o(i.cali_accel_para)
    cali_fenction                            0x0800a58d   Thumb Code     4  accelerometer_calibration.o(i.cali_fenction)
    delay_init                               0x0800a591   Thumb Code    48  delay.o(i.delay_init)
    delay_ms                                 0x0800a5c5   Thumb Code    86  delay.o(i.delay_ms)
    delay_us                                 0x0800a621   Thumb Code    48  delay.o(i.delay_us)
    fabs                                     0x0800a655   Thumb Code    24  fabs.o(i.fabs)
    fp32_deadline                            0x0800a7d1   Thumb Code    26  user_lib.o(i.fp32_deadline)
    fp32_limit                               0x0800a7f1   Thumb Code    32  user_lib.o(i.fp32_limit)
    fp32_map                                 0x0800a811   Thumb Code    54  user_lib.o(i.fp32_map)
    fputc                                    0x0800a849   Thumb Code    14  usart1.o(i.fputc)
    getErrorListPoint                        0x0800a8ed   Thumb Code     4  detect_task.o(i.getErrorListPoint)
    get_Friction_left_Motor_Measure_Point    0x0800a8f5   Thumb Code    16  can_receive.o(i.get_Friction_left_Motor_Measure_Point)
    get_Friction_right_Motor_Measure_Point   0x0800a909   Thumb Code    16  can_receive.o(i.get_Friction_right_Motor_Measure_Point)
    get_Gyro_Angle_Point                     0x0800a91d   Thumb Code     4  imutask.o(i.get_Gyro_Angle_Point)
    get_PC_Data_Point                        0x0800a925   Thumb Code     4  tx2_task.o(i.get_PC_Data_Point)
    get_Pitch_Gimbal_Motor_Measure_Point     0x0800a92d   Thumb Code     4  can_receive.o(i.get_Pitch_Gimbal_Motor_Measure_Point)
    get_Trigger_Motor_Measure_Point          0x0800a935   Thumb Code    16  can_receive.o(i.get_Trigger_Motor_Measure_Point)
    get_Yaw_Gimbal_Motor_Measure_Point       0x0800a949   Thumb Code     4  can_receive.o(i.get_Yaw_Gimbal_Motor_Measure_Point)
    get_crc8_check_sum                       0x0800a951   Thumb Code    24  protocol.o(i.get_crc8_check_sum)
    get_relative_pos                         0x0800a96d   Thumb Code    42  gimbal_task.o(i.get_relative_pos)
    get_remote_control_point                 0x0800a999   Thumb Code     4  remotecontrol.o(i.get_remote_control_point)
    get_yaw_motor_point                      0x0800a9a1   Thumb Code     4  gimbal_task.o(i.get_yaw_motor_point)
    invSqrt                                  0x0800ad0d   Thumb Code    40  filter_control.o(i.invSqrt)
    main                                     0x0800ad39   Thumb Code    14  main.o(i.main)
    mpu_delay_ms                             0x0800ada9   Thumb Code    24  mpu_delay.o(i.mpu_delay_ms)
    my_sqrt                                  0x0800adc1   Thumb Code    60  filter_control.o(i.my_sqrt)
    osKernelSysTick                          0x0800ae01   Thumb Code    24  cmsis_os.o(i.osKernelSysTick)
    pvPortMalloc                             0x0800b6ad   Thumb Code   214  heap_4.o(i.pvPortMalloc)
    pvTaskIncrementMutexHeldCount            0x0800b7c9   Thumb Code    18  tasks.o(i.pvTaskIncrementMutexHeldCount)
    pxPortInitialiseStack                    0x0800b7e1   Thumb Code    40  port.o(i.pxPortInitialiseStack)
    remote_control_init                      0x0800b80d   Thumb Code    12  remotecontrol.o(i.remote_control_init)
    slove_data_error                         0x0800ba59   Thumb Code     6  remotecontrol.o(i.slove_data_error)
    sqrt                                     0x0800ba5f   Thumb Code   110  sqrt_full.o(i.sqrt)
    start_task                               0x0800bacd   Thumb Code    46  main.o(i.start_task)
    task_Detect_Create                       0x0800bb01   Thumb Code    24  detect_task.o(i.task_Detect_Create)
    task_Gimbal_Create                       0x0800bb2d   Thumb Code    26  gimbal_task.o(i.task_Gimbal_Create)
    task_PC_Create                           0x0800bb5d   Thumb Code    26  tx2_task.o(i.task_PC_Create)
    task_Shoot_Create                        0x0800bb95   Thumb Code    26  shoot_task.o(i.task_Shoot_Create)
    task_Tx2_Create                          0x0800bbc5   Thumb Code    26  tx2_task.o(i.task_Tx2_Create)
    uxListRemove                             0x0800be35   Thumb Code    36  list.o(i.uxListRemove)
    uxTaskGetStackHighWaterMark              0x0800be59   Thumb Code    12  tasks.o(i.uxTaskGetStackHighWaterMark)
    vListInitialise                          0x0800be69   Thumb Code    22  list.o(i.vListInitialise)
    vListInitialiseItem                      0x0800be7f   Thumb Code     6  list.o(i.vListInitialiseItem)
    vListInsert                              0x0800be85   Thumb Code    48  list.o(i.vListInsert)
    vListInsertEnd                           0x0800beb5   Thumb Code    24  list.o(i.vListInsertEnd)
    vPortEnterCritical                       0x0800becd   Thumb Code    50  port.o(i.vPortEnterCritical)
    vPortExitCritical                        0x0800bf4d   Thumb Code    34  port.o(i.vPortExitCritical)
    vPortFree                                0x0800bfb9   Thumb Code    94  heap_4.o(i.vPortFree)
    vPortSetupTimerInterrupt                 0x0800c05d   Thumb Code    26  port.o(i.vPortSetupTimerInterrupt)
    vPortValidateInterruptPriority           0x0800c07d   Thumb Code    70  port.o(i.vPortValidateInterruptPriority)
    vQueueAddToRegistry                      0x0800c111   Thumb Code    32  queue.o(i.vQueueAddToRegistry)
    vQueueWaitForMessageRestricted           0x0800c135   Thumb Code    68  queue.o(i.vQueueWaitForMessageRestricted)
    vTaskDelay                               0x0800c179   Thumb Code    62  tasks.o(i.vTaskDelay)
    vTaskDelete                              0x0800c1ed   Thumb Code   152  tasks.o(i.vTaskDelete)
    vTaskMissedYield                         0x0800c2c1   Thumb Code     8  tasks.o(i.vTaskMissedYield)
    vTaskPlaceOnEventList                    0x0800c2cd   Thumb Code    44  tasks.o(i.vTaskPlaceOnEventList)
    vTaskPlaceOnEventListRestricted          0x0800c329   Thumb Code    52  tasks.o(i.vTaskPlaceOnEventListRestricted)
    vTaskPriorityInherit                     0x0800c38d   Thumb Code   124  tasks.o(i.vTaskPriorityInherit)
    vTaskSetTimeOutState                     0x0800c411   Thumb Code    30  tasks.o(i.vTaskSetTimeOutState)
    vTaskStartScheduler                      0x0800c461   Thumb Code    96  tasks.o(i.vTaskStartScheduler)
    vTaskSuspendAll                          0x0800c4fd   Thumb Code    10  tasks.o(i.vTaskSuspendAll)
    vTaskSwitchContext                       0x0800c50d   Thumb Code    80  tasks.o(i.vTaskSwitchContext)
    xPortStartScheduler                      0x0800c591   Thumb Code   196  port.o(i.xPortStartScheduler)
    xPortSysTickHandler                      0x0800c6ad   Thumb Code    38  port.o(i.xPortSysTickHandler)
    xQueueGenericCreate                      0x0800c6d9   Thumb Code    82  queue.o(i.xQueueGenericCreate)
    xQueueGenericReceive                     0x0800c759   Thumb Code   348  queue.o(i.xQueueGenericReceive)
    xQueueGenericReset                       0x0800c8e5   Thumb Code   128  queue.o(i.xQueueGenericReset)
    xQueueGenericSend                        0x0800c995   Thumb Code   350  queue.o(i.xQueueGenericSend)
    xQueueGenericSendFromISR                 0x0800cb25   Thumb Code   188  queue.o(i.xQueueGenericSendFromISR)
    xTaskCheckForTimeOut                     0x0800cc0d   Thumb Code    94  tasks.o(i.xTaskCheckForTimeOut)
    xTaskCreate                              0x0800cc9d   Thumb Code    86  tasks.o(i.xTaskCreate)
    xTaskGetSchedulerState                   0x0800ccf5   Thumb Code    22  tasks.o(i.xTaskGetSchedulerState)
    xTaskGetTickCount                        0x0800cd11   Thumb Code     6  tasks.o(i.xTaskGetTickCount)
    xTaskGetTickCountFromISR                 0x0800cd1d   Thumb Code    12  tasks.o(i.xTaskGetTickCountFromISR)
    xTaskIncrementTick                       0x0800cd2d   Thumb Code   188  tasks.o(i.xTaskIncrementTick)
    xTaskPriorityDisinherit                  0x0800ce1d   Thumb Code   136  tasks.o(i.xTaskPriorityDisinherit)
    xTaskRemoveFromEventList                 0x0800ced9   Thumb Code   102  tasks.o(i.xTaskRemoveFromEventList)
    xTaskResumeAll                           0x0800cf79   Thumb Code   180  tasks.o(i.xTaskResumeAll)
    xTimerCreate                             0x0800d065   Thumb Code    74  timers.o(i.xTimerCreate)
    xTimerCreateTimerTask                    0x0800d0dd   Thumb Code    58  timers.o(i.xTimerCreateTimerTask)
    xTimerGenericCommand                     0x0800d155   Thumb Code    98  timers.o(i.xTimerGenericCommand)
    CRC8_TAB                                 0x0800d284   Data         256  protocol.o(.constdata)
    wCRC_Table                               0x0800d384   Data         512  protocol.o(.constdata)
    NUM                                      0x0800d588   Data         152  filter_control.o(.constdata)
    DEN                                      0x0800d620   Data         152  filter_control.o(.constdata)
    __mathlib_zero                           0x0800d858   Data           8  qnan.o(.constdata)
    Region$$Table$$Base                      0x0800d950   Number         0  anon$$obj.o(Region$$Table)
    Region$$Table$$Limit                     0x0800d970   Number         0  anon$$obj.o(Region$$Table)
    StartTask_Handler                        0x20000000   Data           4  main.o(.data)
    error_count01                            0x20000008   Data           4  detect_task.o(.data)
    time1                                    0x2000000c   Data           4  detect_task.o(.data)
    time1_count                              0x20000010   Data           4  detect_task.o(.data)
    time1_error_count01                      0x20000014   Data           4  detect_task.o(.data)
    action                                   0x20000018   Data           4  detect_task.o(.data)
    DetectTaskStack                          0x20000024   Data           4  detect_task.o(.data)
    send_f                                   0x20000030   Data           4  can_receive.o(.data)
    Yaw_Can_Set_Current                      0x20000034   Data           2  gimbal_task.o(.data)
    Pitch_Can_Set_Current                    0x20000036   Data           2  gimbal_task.o(.data)
    pitch_err                                0x20000038   Data           4  gimbal_task.o(.data)
    yaw_err                                  0x2000003c   Data           4  gimbal_task.o(.data)
    PC_PITCH                                 0x20000040   Data           4  gimbal_task.o(.data)
    PC_YAW                                   0x20000044   Data           4  gimbal_task.o(.data)
    yaw_patrol_MAX                           0x20000048   Data           4  gimbal_task.o(.data)
    yaw_patrol_MIN                           0x2000004c   Data           4  gimbal_task.o(.data)
    pitch_patrol_MAX                         0x20000050   Data           4  gimbal_task.o(.data)
    pitch_patrol_MIN                         0x20000054   Data           4  gimbal_task.o(.data)
    yaw_min                                  0x20000058   Data           4  gimbal_task.o(.data)
    timer                                    0x2000005c   Data           4  gimbal_task.o(.data)
    yaw_angle                                0x20000060   Data           4  gimbal_task.o(.data)
    TIME                                     0x20000064   Data           4  gimbal_task.o(.data)
    mink                                     0x20000068   Data           4  gimbal_task.o(.data)
    distance                                 0x2000006c   Data           4  gimbal_task.o(.data)
    GimbalTask_Handler                       0x2000007c   Data           4  gimbal_task.o(.data)
    adrc_pitch_num                           0x20000080   Data          52  gimbal_task.o(.data)
    adrc_yaw_num                             0x200000b4   Data          52  gimbal_task.o(.data)
    pc_pitch_deadline                        0x200000e8   Data           4  tx2_task.o(.data)
    pc_yaw_deadline                          0x200000ec   Data           4  tx2_task.o(.data)
    pc_pitch_raw                             0x200000f0   Data           4  tx2_task.o(.data)
    pc_yaw_raw                               0x200000f4   Data           4  tx2_task.o(.data)
    TxTaskStack                              0x200000f8   Data           4  tx2_task.o(.data)
    pitch_motor_speed                        0x200000fc   Data           4  tx2_task.o(.data)
    yaw_motor_speed                          0x20000100   Data           4  tx2_task.o(.data)
    tigger_right_speed                       0x2000010c   Data           2  shoot_task.o(.data)
    friction_speed                           0x2000010e   Data           2  shoot_task.o(.data)
    tigger_left_speed                        0x20000110   Data           2  shoot_task.o(.data)
    friction_speed2                          0x20000112   Data           2  shoot_task.o(.data)
    stuck_right                              0x20000114   Data           4  shoot_task.o(.data)
    stuck_left                               0x20000118   Data           4  shoot_task.o(.data)
    stuck_right_time                         0x2000011c   Data           4  shoot_task.o(.data)
    stuck_left_time                          0x20000120   Data           4  shoot_task.o(.data)
    min                                      0x20000124   Data           4  shoot_task.o(.data)
    a                                        0x20000128   Data           4  shoot_task.o(.data)
    ShootTask_Handler                        0x2000012c   Data           4  shoot_task.o(.data)
    b                                        0x20000130   Data           4  shoot_task.o(.data)
    TxCOM1                                   0x20000138   Data           4  usart1.o(.data)
    RxCOM1                                   0x2000013c   Data           4  usart1.o(.data)
    __stdout                                 0x20000140   Data           4  usart1.o(.data)
    frequency                                0x20000144   Data           4  adrc_core.o(.data)
    offset                                   0x20000148   Data           4  adrc_core.o(.data)
    Calibrateion_id                          0x20000150   Data           4  accelerometer_calibration.o(.data)
    ahat_T                                   0x20000154   Data           8  accelerometer_calibration.o(.data)
    ahat                                     0x2000015c   Data           8  accelerometer_calibration.o(.data)
    Ahat                                     0x20000164   Data           8  accelerometer_calibration.o(.data)
    K_m                                      0x2000016c   Data           8  accelerometer_calibration.o(.data)
    uMat                                     0x20000174   Data           8  accelerometer_calibration.o(.data)
    uMat_mius                                0x2000017c   Data           8  accelerometer_calibration.o(.data)
    P                                        0x20000184   Data           8  accelerometer_calibration.o(.data)
    K_ca                                     0x2000018c   Data           8  accelerometer_calibration.o(.data)
    K_ca_mines                               0x20000194   Data           8  accelerometer_calibration.o(.data)
    a_m                                      0x2000019c   Data           8  accelerometer_calibration.o(.data)
    ahat_T_data                              0x200001a4   Data          96  accelerometer_calibration.o(.data)
    ahat_data                                0x20000204   Data          96  accelerometer_calibration.o(.data)
    IMUTaskStack                             0x2000029c   Data           4  imutask.o(.data)
    SystemCoreClock                          0x200002c0   Data           4  system_stm32f4xx.o(.data)
    AHBPrescTable                            0x200002c4   Data          16  system_stm32f4xx.o(.data)
    pxCurrentTCB                             0x200002e4   Data           4  tasks.o(.data)
    USBD_DCD_INT_cb                          0x20000358   Data          44  usbd_core.o(.data)
    USBD_DCD_INT_fops                        0x20000384   Data           4  usbd_core.o(.data)
    SET_TEST_MODE                            0x20000388   Data           4  usbd_core.o(.data)
    USBD_ep_status                           0x20000390   Data           4  usbd_req.o(.data)
    USBD_default_cfg                         0x20000394   Data           4  usbd_req.o(.data)
    USBD_cfg_status                          0x20000398   Data           4  usbd_req.o(.data)
    USB_Tx_State                             0x2000039c   Data           1  usbd_cdc_core.o(.data)
    APP_Rx_ptr_in                            0x200003a4   Data           4  usbd_cdc_core.o(.data)
    APP_Rx_ptr_out                           0x200003a8   Data           4  usbd_cdc_core.o(.data)
    APP_Rx_length                            0x200003ac   Data           4  usbd_cdc_core.o(.data)
    CmdBuff                                  0x200003bc   Data           8  usbd_cdc_core.o(.data)
    usbd_cdc_CfgDesc                         0x200003c4   Data          67  usbd_cdc_core.o(.data)
    USBD_CDC_cb                              0x20000408   Data          44  usbd_cdc_core.o(.data)
    USB_USART_RX_STA                         0x20000434   Data           2  usbd_cdc_vcp.o(.data)
    linecoding                               0x20000438   Data           8  usbd_cdc_vcp.o(.data)
    VCP_fops                                 0x20000440   Data          20  usbd_cdc_vcp.o(.data)
    USR_desc                                 0x20000454   Data          28  usbd_desc.o(.data)
    USBD_LangIDDesc                          0x20000470   Data           4  usbd_desc.o(.data)
    USBD_DeviceDesc                          0x20000474   Data          18  usbd_desc.o(.data)
    USBD_StringSerial                        0x20000486   Data          26  usbd_desc.o(.data)
    bDeviceState                             0x200004a0   Data           1  usbd_usr.o(.data)
    USR_cb                                   0x200004a4   Data          28  usbd_usr.o(.data)
    USB_OTG_dev                              0x200004c4   Data        1524  main.o(.bss)
    monitorList                              0x20000ab8   Data         396  detect_task.o(.bss)
    motor_yaw                                0x20000c6c   Data          20  can_receive.o(.bss)
    motor_pit                                0x20000c80   Data          20  can_receive.o(.bss)
    motor_trigger                            0x20000c94   Data          40  can_receive.o(.bss)
    motor_left_friction                      0x20000cbc   Data          40  can_receive.o(.bss)
    motor_right_friction                     0x20000ce4   Data          40  can_receive.o(.bss)
    judge_receive                            0x20000d0c   Data          12  can_receive.o(.bss)
    gimbal_control                           0x20000d18   Data         500  gimbal_task.o(.bss)
    adrc_pitch                               0x20000f0c   Data          76  gimbal_task.o(.bss)
    pitch_trans_num                          0x20000f58   Data          44  gimbal_task.o(.bss)
    adrc_yaw                                 0x20000f84   Data          76  gimbal_task.o(.bss)
    yaw_trans_num                            0x20000fd0   Data          44  gimbal_task.o(.bss)
    Pitch_Motor_Smooth                       0x20000ffc   Data        1032  gimbal_task.o(.bss)
    Yaw_Motor_Smooth                         0x20001404   Data        1032  gimbal_task.o(.bss)
    GimbalRaw                                0x2000180c   Data          24  tx2_task.o(.bss)
    TX_vision_Mes                            0x20001834   Data          16  tx2_task.o(.bss)
    InterUpdate                              0x20001844   Data          20  tx2_task.o(.bss)
    shoot_motor                              0x20001858   Data         536  shoot_task.o(.bss)
    friction_smooth                          0x20001a70   Data        1032  shoot_task.o(.bss)
    rc_ctrl                                  0x20001e78   Data          22  remotecontrol.o(.bss)
    Ahat_data                                0x20001ed8   Data          72  accelerometer_calibration.o(.bss)
    K_m_data                                 0x20001f20   Data          48  accelerometer_calibration.o(.bss)
    uMat_data                                0x20001f50   Data          64  accelerometer_calibration.o(.bss)
    uMat_mius_data                           0x20001f90   Data          64  accelerometer_calibration.o(.bss)
    P_data                                   0x20001fd0   Data          96  accelerometer_calibration.o(.bss)
    K_ca_data                                0x20002030   Data          36  accelerometer_calibration.o(.bss)
    a_data                                   0x20002054   Data          12  accelerometer_calibration.o(.bss)
    K_ca_mines_data                          0x20002060   Data          36  accelerometer_calibration.o(.bss)
    Gyro_Fiter_t                             0x20002088   Data        1776  filter_control.o(.bss)
    MPU9250_Real_Data                        0x200027f0   Data          40  imutask.o(.bss)
    MPU6500_Offest_data                      0x20002840   Data          40  imutask.o(.bss)
    Angular_Handler                          0x20002868   Data          24  imutask.o(.bss)
    xQueueRegistry                           0x20002894   Data          64  queue.o(.bss)
    USB_Rx_Buffer                            0x20007be0   Data          64  usbd_cdc_core.o(.bss)
    APP_Rx_Buffer                            0x20007c20   Data        2048  usbd_cdc_core.o(.bss)
    USART_PRINTF_Buffer                      0x20008420   Data         200  usbd_cdc_vcp.o(.bss)
    USB_USART_RX_BUF                         0x200084e8   Data         200  usbd_cdc_vcp.o(.bss)
    USBD_StrDesc                             0x200085b0   Data         255  usbd_desc.o(.bss)
    __initial_sp                             0x20008ab0   Data           0  startup_stm32f40_41xxx.o(STACK)



==============================================================================

Memory Map of the image

  Image Entry point : 0x08000189

  Load Region LR_IROM1 (Base: 0x08000000, Size: 0x0000de34, Max: 0x00080000, ABSOLUTE, COMPRESSED[0x0000db10])

    Execution Region ER_IROM1 (Base: 0x08000000, Size: 0x0000d970, Max: 0x00080000, ABSOLUTE)

    Base Addr    Size         Type   Attr      Idx    E Section Name        Object

    0x08000000   0x00000188   Data   RO         2308    RESET               startup_stm32f40_41xxx.o
    0x08000188   0x00000000   Code   RO         9612  * .ARM.Collect$$$$00000000  mc_w.l(entry.o)
    0x08000188   0x00000004   Code   RO         9959    .ARM.Collect$$$$00000001  mc_w.l(entry2.o)
    0x0800018c   0x00000004   Code   RO         9962    .ARM.Collect$$$$00000004  mc_w.l(entry5.o)
    0x08000190   0x00000000   Code   RO         9964    .ARM.Collect$$$$00000008  mc_w.l(entry7b.o)
    0x08000190   0x00000000   Code   RO         9966    .ARM.Collect$$$$0000000A  mc_w.l(entry8b.o)
    0x08000190   0x00000008   Code   RO         9967    .ARM.Collect$$$$0000000B  mc_w.l(entry9a.o)
    0x08000198   0x00000000   Code   RO         9969    .ARM.Collect$$$$0000000D  mc_w.l(entry10a.o)
    0x08000198   0x00000000   Code   RO         9971    .ARM.Collect$$$$0000000F  mc_w.l(entry11a.o)
    0x08000198   0x00000004   Code   RO         9960    .ARM.Collect$$$$00002712  mc_w.l(entry2.o)
    0x0800019c   0x000000b6   Code   RO         8357    .emb_text           port.o
    0x08000252   0x00000002   PAD
    0x08000254   0x00000024   Code   RO         2309    .text               startup_stm32f40_41xxx.o
    0x08000278   0x00000008   Code   RO         9430    .text               arm_cortexM4lf_math.lib(arm_mat_init_f32.o)
    0x08000280   0x00000530   Code   RO         9479    .text               arm_cortexM4lf_math.lib(arm_mat_inverse_f32.o)
    0x080007b0   0x0000013c   Code   RO         9503    .text               arm_cortexM4lf_math.lib(arm_mat_mult_f32.o)
    0x080008ec   0x00000024   Code   RO         9615    .text               mc_w.l(memcpya.o)
    0x08000910   0x00000024   Code   RO         9617    .text               mc_w.l(memseta.o)
    0x08000934   0x0000014e   Code   RO         9886    .text               mf_w.l(dadd.o)
    0x08000a82   0x000000e4   Code   RO         9888    .text               mf_w.l(dmul.o)
    0x08000b66   0x000000de   Code   RO         9890    .text               mf_w.l(ddiv.o)
    0x08000c44   0x00000022   Code   RO         9894    .text               mf_w.l(dflti.o)
    0x08000c66   0x0000001a   Code   RO         9896    .text               mf_w.l(dfltui.o)
    0x08000c80   0x00000026   Code   RO         9898    .text               mf_w.l(f2d.o)
    0x08000ca6   0x00000002   PAD
    0x08000ca8   0x00000030   Code   RO         9900    .text               mf_w.l(cdcmple.o)
    0x08000cd8   0x00000030   Code   RO         9902    .text               mf_w.l(cdrcmple.o)
    0x08000d08   0x00000038   Code   RO         9904    .text               mf_w.l(d2f.o)
    0x08000d40   0x0000002c   Code   RO         9973    .text               mc_w.l(uidiv.o)
    0x08000d6c   0x00000062   Code   RO         9975    .text               mc_w.l(uldiv.o)
    0x08000dce   0x0000001e   Code   RO         9977    .text               mc_w.l(llshl.o)
    0x08000dec   0x00000024   Code   RO         9979    .text               mc_w.l(llsshr.o)
    0x08000e10   0x00000000   Code   RO         9988    .text               mc_w.l(iusefp.o)
    0x08000e10   0x0000006e   Code   RO         9989    .text               mf_w.l(fepilogue.o)
    0x08000e7e   0x000000ba   Code   RO         9991    .text               mf_w.l(depilogue.o)
    0x08000f38   0x0000002e   Code   RO         9993    .text               mf_w.l(dscalb.o)
    0x08000f66   0x000000a2   Code   RO         9995    .text               mf_w.l(dsqrt.o)
    0x08001008   0x00000030   Code   RO         9997    .text               mf_w.l(dfixul.o)
    0x08001038   0x00000024   Code   RO         9999    .text               mc_w.l(init.o)
    0x0800105c   0x00000020   Code   RO        10001    .text               mc_w.l(llushr.o)
    0x0800107c   0x0000003e   Code   RO        10003    .text               mf_w.l(dfixi.o)
    0x080010ba   0x00000056   Code   RO        10013    .text               mc_w.l(__dczerorl2.o)
    0x08001110   0x00000224   Code   RO         2033    i.ACCEL_Calibration  imutask.o
    0x08001334   0x00000098   Code   RO         2034    i.ACCEL_Filter      imutask.o
    0x080013cc   0x0000021c   Code   RO         1339    i.ADRC              adrc_core.o
    0x080015e8   0x00000098   Code   RO         1411    i.ADRC_init         adrc_user.o
    0x08001680   0x000005d8   Code   RO         2035    i.AHRSUpdate_GraDes_Delay_Corretion  imutask.o
    0x08001c58   0x0000000c   Code   RO         1927    i.Acce_Correct_Filter  filter_control.o
    0x08001c64   0x000000bc   Code   RO         2036    i.Accel_calibration_get  imutask.o
    0x08001d20   0x00000350   Code   RO         1928    i.Atti2Mat_d        filter_control.o
    0x08002070   0x00000002   Code   RO         2315    i.BusFault_Handler  stm32f4xx_it.o
    0x08002072   0x00000002   PAD
    0x08002074   0x00000030   Code   RO          383    i.CAN1_RX0_IRQHandler  can_receive.o
    0x080020a4   0x00000148   Code   RO          384    i.CAN1_hook         can_receive.o
    0x080021ec   0x00000110   Code   RO         1115    i.CAN1_mode_init    can.o
    0x080022fc   0x00000030   Code   RO          385    i.CAN2_RX1_IRQHandler  can_receive.o
    0x0800232c   0x00000084   Code   RO          386    i.CAN2_hook         can_receive.o
    0x080023b0   0x00000114   Code   RO         1116    i.CAN2_mode_init    can.o
    0x080024c4   0x0000008c   Code   RO          387    i.CAN_CMD_RC        can_receive.o
    0x08002550   0x000000cc   Code   RO         2697    i.CAN_FilterInit    stm32f4xx_can.o
    0x0800261c   0x00000054   Code   RO          388    i.CAN_Friction      can_receive.o
    0x08002670   0x000000a8   Code   RO         2699    i.CAN_GetITStatus   stm32f4xx_can.o
    0x08002718   0x00000050   Code   RO          389    i.CAN_Gimbal        can_receive.o
    0x08002768   0x00000010   Code   RO         2703    i.CAN_ITConfig      stm32f4xx_can.o
    0x08002778   0x000000e8   Code   RO         2704    i.CAN_Init          stm32f4xx_can.o
    0x08002860   0x00000058   Code   RO          390    i.CAN_MPU           can_receive.o
    0x080028b8   0x0000008e   Code   RO         2707    i.CAN_Receive       stm32f4xx_can.o
    0x08002946   0x000000a4   Code   RO         2712    i.CAN_Transmit      stm32f4xx_can.o
    0x080029ea   0x00000002   PAD
    0x080029ec   0x00000050   Code   RO          391    i.CAN_Trigger       can_receive.o
    0x08002a3c   0x000000c8   Code   RO         1929    i.Chebyshev50HzLPF  filter_control.o
    0x08002b04   0x0000000c   Code   RO         2715    i.CheckITStatus     stm32f4xx_can.o
    0x08002b10   0x0000002c   Code   RO         8501    i.DCD_EP_Close      usb_dcd.o
    0x08002b3c   0x00000038   Code   RO         8502    i.DCD_EP_ClrStall   usb_dcd.o
    0x08002b74   0x0000003c   Code   RO         8504    i.DCD_EP_Open       usb_dcd.o
    0x08002bb0   0x00000044   Code   RO         8505    i.DCD_EP_PrepareRx  usb_dcd.o
    0x08002bf4   0x00000010   Code   RO         8506    i.DCD_EP_SetAddress  usb_dcd.o
    0x08002c04   0x00000038   Code   RO         8507    i.DCD_EP_Stall      usb_dcd.o
    0x08002c3c   0x0000003e   Code   RO         8508    i.DCD_EP_Tx         usb_dcd.o
    0x08002c7a   0x00000052   Code   RO         8594    i.DCD_HandleEnumDone_ISR  usb_dcd_int.o
    0x08002ccc   0x000000c0   Code   RO         8595    i.DCD_HandleInEP_ISR  usb_dcd_int.o
    0x08002d8c   0x000000ac   Code   RO         8596    i.DCD_HandleOutEP_ISR  usb_dcd_int.o
    0x08002e38   0x0000007c   Code   RO         8597    i.DCD_HandleRxStatusQueueLevel_ISR  usb_dcd_int.o
    0x08002eb4   0x00000070   Code   RO         8598    i.DCD_HandleUSBSuspend_ISR  usb_dcd_int.o
    0x08002f24   0x00000084   Code   RO         8599    i.DCD_HandleUsbReset_ISR  usb_dcd_int.o
    0x08002fa8   0x00000092   Code   RO         8510    i.DCD_Init          usb_dcd.o
    0x0800303a   0x0000008e   Code   RO         8600    i.DCD_WriteEmptyTxFifo  usb_dcd_int.o
    0x080030c8   0x0000002c   Code   RO         3426    i.DMA_ClearFlag     stm32f4xx_dma.o
    0x080030f4   0x0000002c   Code   RO         3427    i.DMA_ClearITPendingBit  stm32f4xx_dma.o
    0x08003120   0x00000014   Code   RO         3428    i.DMA_Cmd           stm32f4xx_dma.o
    0x08003134   0x00000124   Code   RO         3429    i.DMA_DeInit        stm32f4xx_dma.o
    0x08003258   0x00000014   Code   RO         3430    i.DMA_DoubleBufferModeCmd  stm32f4xx_dma.o
    0x0800326c   0x00000016   Code   RO         3431    i.DMA_DoubleBufferModeConfig  stm32f4xx_dma.o
    0x08003282   0x00000006   Code   RO         3434    i.DMA_GetCurrDataCounter  stm32f4xx_dma.o
    0x08003288   0x0000000e   Code   RO         3435    i.DMA_GetCurrentMemoryTarget  stm32f4xx_dma.o
    0x08003296   0x00000002   PAD
    0x08003298   0x00000054   Code   RO         3440    i.DMA_Init          stm32f4xx_dma.o
    0x080032ec   0x00000004   Code   RO         3443    i.DMA_SetCurrDataCounter  stm32f4xx_dma.o
    0x080032f0   0x00000002   Code   RO         2316    i.DebugMon_Handler  stm32f4xx_it.o
    0x080032f2   0x00000002   PAD
    0x080032f4   0x00000140   Code   RO          321    i.DetectDisplay     detect_task.o
    0x08003434   0x00000050   Code   RO          322    i.DetectHook        detect_task.o
    0x08003484   0x00000090   Code   RO          323    i.DetectInit        detect_task.o
    0x08003514   0x000000f0   Code   RO          324    i.Detect_task       detect_task.o
    0x08003604   0x0000000c   Code   RO         3764    i.FLASH_ClearFlag   stm32f4xx_flash.o
    0x08003610   0x0000006c   Code   RO         3770    i.FLASH_EraseSector  stm32f4xx_flash.o
    0x0800367c   0x0000003c   Code   RO         3772    i.FLASH_GetStatus   stm32f4xx_flash.o
    0x080036b8   0x00000010   Code   RO         3776    i.FLASH_Lock        stm32f4xx_flash.o
    0x080036c8   0x00000038   Code   RO         3797    i.FLASH_ProgramByte  stm32f4xx_flash.o
    0x08003700   0x00000024   Code   RO         3802    i.FLASH_Unlock      stm32f4xx_flash.o
    0x08003724   0x0000001e   Code   RO         3803    i.FLASH_WaitForLastOperation  stm32f4xx_flash.o
    0x08003742   0x0000001c   Code   RO         1741    i.FlashAllEraseBoot  bsp_flash.o
    0x0800375e   0x00000002   PAD
    0x08003760   0x00000018   Code   RO         1744    i.FlashReadK        bsp_flash.o
    0x08003778   0x00000034   Code   RO         1745    i.FlashWriteK       bsp_flash.o
    0x080037ac   0x000000f4   Code   RO          483    i.GIMBAL_Behaviour_update  gimbal_task.o
    0x080038a0   0x000000bc   Code   RO          484    i.GIMBAL_Feedback_Update  gimbal_task.o
    0x0800395c   0x000002a8   Code   RO          485    i.GIMBAL_Handoff_Pid  gimbal_task.o
    0x08003c04   0x00000078   Code   RO         4065    i.GPIO_Init         stm32f4xx_gpio.o
    0x08003c7c   0x00000020   Code   RO         4066    i.GPIO_PinAFConfig  stm32f4xx_gpio.o
    0x08003c9c   0x00000004   Code   RO         4072    i.GPIO_ResetBits    stm32f4xx_gpio.o
    0x08003ca0   0x00000004   Code   RO         4073    i.GPIO_SetBits      stm32f4xx_gpio.o
    0x08003ca4   0x00000074   Code   RO         2039    i.GYRO_Filter       imutask.o
    0x08003d18   0x00000054   Code   RO         2221    i.Get_Sys_Ticks     mpu_time_init.o
    0x08003d6c   0x000000e8   Code   RO          486    i.Gimbal_Behavour   gimbal_task.o
    0x08003e54   0x00000188   Code   RO          487    i.Gimbal_Init       gimbal_task.o
    0x08003fdc   0x000001d8   Code   RO          488    i.Gimbal_Rc_Ctrl_Armor  gimbal_task.o
    0x080041b4   0x00000094   Code   RO          489    i.Gimbal_task       gimbal_task.o
    0x08004248   0x00000070   Code   RO         1931    i.Gyro_Correct_Filter  filter_control.o
    0x080042b8   0x00000064   Code   RO         9096    i.Handle_USBAsynchXfer  usbd_cdc_core.o
    0x0800431c   0x00000002   Code   RO         2317    i.HardFault_Handler  stm32f4xx_it.o
    0x0800431e   0x00000002   PAD
    0x08004320   0x00000078   Code   RO         2040    i.IMU_Calibration   imutask.o
    0x08004398   0x0000001a   Code   RO         2041    i.IMU_Init          imutask.o
    0x080043b2   0x00000002   PAD
    0x080043b4   0x0000007c   Code   RO         2044    i.IMU_task          imutask.o
    0x08004430   0x00000030   Code   RO         2045    i.IMU_task_Create   imutask.o
    0x08004460   0x00000088   Code   RO            3    i.Init              main.o
    0x080044e8   0x00000036   Code   RO         9287    i.IntToUnicode      usbd_desc.o
    0x0800451e   0x00000002   PAD
    0x08004520   0x00000068   Code   RO          615    i.Interactive_task  tx2_task.o
    0x08004588   0x000000a4   Code   RO          806    i.LED_Init          led.o
    0x0800462c   0x0000012e   Code   RO         1794    i.MPU6500_1_init    bsp_mpu9250_init.o
    0x0800475a   0x0000012e   Code   RO         1795    i.MPU6500_2_init    bsp_mpu9250_init.o
    0x08004888   0x00000018   Code   RO         1796    i.MPU6500_Init      bsp_mpu9250_init.o
    0x080048a0   0x00000052   Code   RO         1797    i.MPU9250_Get_Accelerometer  bsp_mpu9250_init.o
    0x080048f2   0x00000082   Code   RO         1798    i.MPU9250_Get_Gyroscope  bsp_mpu9250_init.o
    0x08004974   0x00000050   Code   RO         1800    i.MPU9250_Get_Temperature  bsp_mpu9250_init.o
    0x080049c4   0x0000005c   Code   RO         1802    i.MPU9250_Read_Byte  bsp_mpu9250_init.o
    0x08004a20   0x00000070   Code   RO         1803    i.MPU9250_Read_Len  bsp_mpu9250_init.o
    0x08004a90   0x00000058   Code   RO         1806    i.MPU9250_Write_Byte  bsp_mpu9250_init.o
    0x08004ae8   0x00000098   Code   RO         1811    i.MPU_SPI_Configuration  bsp_mpu9250_init.o
    0x08004b80   0x000003f0   Code   RO         1933    i.Mat2Quat          filter_control.o
    0x08004f70   0x0000005c   Code   RO         1934    i.Mat_Trans_d       filter_control.o
    0x08004fcc   0x00000002   Code   RO         2318    i.MemManage_Handler  stm32f4xx_it.o
    0x08004fce   0x00000002   PAD
    0x08004fd0   0x000000f4   Code   RO          616    i.MinipcDatePrcess  tx2_task.o
    0x080050c4   0x00000002   Code   RO         2319    i.NMI_Handler       stm32f4xx_it.o
    0x080050c6   0x00000002   PAD
    0x080050c8   0x00000064   Code   RO         2405    i.NVIC_Init         misc.o
    0x0800512c   0x00000014   Code   RO         2406    i.NVIC_PriorityGroupConfig  misc.o
    0x08005140   0x0000000c   Code   RO         9358    i.OTG_FS_IRQHandler  usbd_usr.o
    0x0800514c   0x00000148   Code   RO         1141    i.PID_Calc          pid.o
    0x08005294   0x00000170   Code   RO         1142    i.PID_GIMBAL_Calc   pid.o
    0x08005404   0x00000088   Code   RO         1143    i.PID_GIMBAL_Init   pid.o
    0x0800548c   0x0000005c   Code   RO         1144    i.PID_Init          pid.o
    0x080054e8   0x00000014   Code   RO          617    i.PcDataCheck       tx2_task.o
    0x080054fc   0x00000028   Code   RO         1146    i.Pid_Reset         pid.o
    0x08005524   0x00000052   Code   RO         1247    i.RAMP_float        ramp_control.o
    0x08005576   0x00000002   PAD
    0x08005578   0x00000018   Code   RO         4951    i.RCC_AHB1PeriphClockCmd  stm32f4xx_rcc.o
    0x08005590   0x00000018   Code   RO         4954    i.RCC_AHB2PeriphClockCmd  stm32f4xx_rcc.o
    0x080055a8   0x00000018   Code   RO         4960    i.RCC_APB1PeriphClockCmd  stm32f4xx_rcc.o
    0x080055c0   0x00000018   Code   RO         4962    i.RCC_APB1PeriphResetCmd  stm32f4xx_rcc.o
    0x080055d8   0x00000018   Code   RO         4963    i.RCC_APB2PeriphClockCmd  stm32f4xx_rcc.o
    0x080055f0   0x00000018   Code   RO         4965    i.RCC_APB2PeriphResetCmd  stm32f4xx_rcc.o
    0x08005608   0x00000090   Code   RO         4972    i.RCC_GetClocksFreq  stm32f4xx_rcc.o
    0x08005698   0x00000140   Code   RO         1006    i.RC_Init           rc.o
    0x080057d8   0x0000000a   Code   RO          859    i.RC_abs            remotecontrol.o
    0x080057e2   0x00000002   PAD
    0x080057e4   0x0000006c   Code   RO          860    i.RC_data_is_error  remotecontrol.o
    0x08005850   0x0000005c   Code   RO         1007    i.RC_restart        rc.o
    0x080058ac   0x000000b4   Code   RO          861    i.SBUS_TO_RC        remotecontrol.o
    0x08005960   0x000000b0   Code   RO          709    i.SHOOT_Auto        shoot_task.o
    0x08005a10   0x000000e8   Code   RO          710    i.SHOOT_Rc          shoot_task.o
    0x08005af8   0x000000bc   Code   RO         2181    i.SPI1_Init         mpu_spi_init.o
    0x08005bb4   0x00000034   Code   RO         2182    i.SPI1_ReadWriteByte  mpu_spi_init.o
    0x08005be8   0x00000014   Code   RO         6085    i.SPI_Cmd           stm32f4xx_spi.o
    0x08005bfc   0x0000000e   Code   RO         6093    i.SPI_I2S_GetFlagStatus  stm32f4xx_spi.o
    0x08005c0a   0x00000004   Code   RO         6096    i.SPI_I2S_ReceiveData  stm32f4xx_spi.o
    0x08005c0e   0x00000004   Code   RO         6097    i.SPI_I2S_SendData  stm32f4xx_spi.o
    0x08005c12   0x00000038   Code   RO         6098    i.SPI_Init          stm32f4xx_spi.o
    0x08005c4a   0x00000002   PAD
    0x08005c4c   0x000000b4   Code   RO         2368    i.SetSysClock       system_stm32f4xx.o
    0x08005d00   0x00000178   Code   RO          711    i.Shoot_Init        shoot_task.o
    0x08005e78   0x000000a4   Code   RO          712    i.Shoot_task        shoot_task.o
    0x08005f1c   0x00000050   Code   RO         1393    i.SmoothFilter_Calc  smooth_filter.o
    0x08005f6c   0x00000030   Code   RO         1394    i.SmoothFilter_Init  smooth_filter.o
    0x08005f9c   0x00000018   Code   RO         2409    i.SysTick_CLKSourceConfig  misc.o
    0x08005fb4   0x00000014   Code   RO         2268    i.SysTick_Handler   delay.o
    0x08005fc8   0x0000005c   Code   RO         2370    i.SystemInit        system_stm32f4xx.o
    0x08006024   0x00000034   Code   RO            4    i.TaskStart         main.o
    0x08006058   0x000000c0   Code   RO          618    i.Tx2_task          tx2_task.o
    0x08006118   0x00000064   Code   RO          942    i.USART1_IRQHandler  usart1.o
    0x0800617c   0x00000100   Code   RO          862    i.USART2_IRQHandler  remotecontrol.o
    0x0800627c   0x00000002   Code   RO          826    i.USART6_IRQHandler  usart6.o
    0x0800627e   0x00000006   Code   RO         6846    i.USART_ClearFlag   stm32f4xx_usart.o
    0x08006284   0x0000000c   Code   RO         6847    i.USART_ClearITPendingBit  stm32f4xx_usart.o
    0x08006290   0x00000014   Code   RO         6850    i.USART_Cmd         stm32f4xx_usart.o
    0x080062a4   0x00000010   Code   RO         6851    i.USART_DMACmd      stm32f4xx_usart.o
    0x080062b4   0x000000ac   Code   RO         6852    i.USART_DeInit      stm32f4xx_usart.o
    0x08006360   0x0000003e   Code   RO         6854    i.USART_GetITStatus  stm32f4xx_usart.o
    0x0800639e   0x00000030   Code   RO         6856    i.USART_ITConfig    stm32f4xx_usart.o
    0x080063ce   0x00000002   PAD
    0x080063d0   0x000000ac   Code   RO         6857    i.USART_Init        stm32f4xx_usart.o
    0x0800647c   0x00000008   Code   RO         6864    i.USART_ReceiveData  stm32f4xx_usart.o
    0x08006484   0x0000000e   Code   RO         8875    i.USBD_ClrCfg       usbd_core.o
    0x08006492   0x00000012   Code   RO         8972    i.USBD_CtlContinueRx  usbd_ioreq.o
    0x080064a4   0x00000012   Code   RO         8973    i.USBD_CtlContinueSendData  usbd_ioreq.o
    0x080064b6   0x0000001c   Code   RO         9028    i.USBD_CtlError     usbd_req.o
    0x080064d2   0x00000020   Code   RO         8974    i.USBD_CtlPrepareRx  usbd_ioreq.o
    0x080064f2   0x00000022   Code   RO         8975    i.USBD_CtlReceiveStatus  usbd_ioreq.o
    0x08006514   0x00000020   Code   RO         8976    i.USBD_CtlSendData  usbd_ioreq.o
    0x08006534   0x00000022   Code   RO         8977    i.USBD_CtlSendStatus  usbd_ioreq.o
    0x08006556   0x00000002   PAD
    0x08006558   0x000000b0   Code   RO         8876    i.USBD_DataInStage  usbd_core.o
    0x08006608   0x00000074   Code   RO         8877    i.USBD_DataOutStage  usbd_core.o
    0x0800667c   0x000000ce   Code   RO         9029    i.USBD_GetDescriptor  usbd_req.o
    0x0800674a   0x00000046   Code   RO         9030    i.USBD_GetString    usbd_req.o
    0x08006790   0x00000034   Code   RO         8879    i.USBD_Init         usbd_core.o
    0x080067c4   0x0000000e   Code   RO         8880    i.USBD_IsoINIncomplete  usbd_core.o
    0x080067d2   0x0000000e   Code   RO         8881    i.USBD_IsoOUTIncomplete  usbd_core.o
    0x080067e0   0x000000f0   Code   RO         8601    i.USBD_OTG_ISR_Handler  usb_dcd_int.o
    0x080068d0   0x00000044   Code   RO         9031    i.USBD_ParseSetupRequest  usbd_req.o
    0x08006914   0x0000002e   Code   RO         8882    i.USBD_Reset        usbd_core.o
    0x08006942   0x00000016   Code   RO         8883    i.USBD_Resume       usbd_core.o
    0x08006958   0x00000010   Code   RO         8884    i.USBD_SOF          usbd_core.o
    0x08006968   0x0000001a   Code   RO         8885    i.USBD_SetCfg       usbd_core.o
    0x08006982   0x00000002   PAD
    0x08006984   0x00000074   Code   RO         9032    i.USBD_SetConfig    usbd_req.o
    0x080069f8   0x0000007c   Code   RO         9033    i.USBD_SetFeature   usbd_req.o
    0x08006a74   0x00000048   Code   RO         8886    i.USBD_SetupStage   usbd_core.o
    0x08006abc   0x000000f0   Code   RO         9034    i.USBD_StdDevReq    usbd_req.o
    0x08006bac   0x000000d4   Code   RO         9035    i.USBD_StdEPReq     usbd_req.o
    0x08006c80   0x00000036   Code   RO         9036    i.USBD_StdItfReq    usbd_req.o
    0x08006cb6   0x0000001c   Code   RO         8887    i.USBD_Suspend      usbd_core.o
    0x08006cd2   0x00000002   PAD
    0x08006cd4   0x00000020   Code   RO         9288    i.USBD_USR_ConfigStrDescriptor  usbd_desc.o
    0x08006cf4   0x0000002c   Code   RO         9359    i.USBD_USR_DeviceConfigured  usbd_usr.o
    0x08006d20   0x0000003c   Code   RO         9360    i.USBD_USR_DeviceConnected  usbd_usr.o
    0x08006d5c   0x0000000c   Code   RO         9289    i.USBD_USR_DeviceDescriptor  usbd_desc.o
    0x08006d68   0x0000002c   Code   RO         9361    i.USBD_USR_DeviceDisconnected  usbd_usr.o
    0x08006d94   0x00000080   Code   RO         9362    i.USBD_USR_DeviceReset  usbd_usr.o
    0x08006e14   0x0000001c   Code   RO         9363    i.USBD_USR_DeviceResumed  usbd_usr.o
    0x08006e30   0x0000002c   Code   RO         9364    i.USBD_USR_DeviceSuspended  usbd_usr.o
    0x08006e5c   0x00000002   Code   RO         9365    i.USBD_USR_Init     usbd_usr.o
    0x08006e5e   0x00000002   PAD
    0x08006e60   0x00000024   Code   RO         9290    i.USBD_USR_InterfaceStrDescriptor  usbd_desc.o
    0x08006e84   0x0000000c   Code   RO         9291    i.USBD_USR_LangIDStrDescriptor  usbd_desc.o
    0x08006e90   0x00000028   Code   RO         9292    i.USBD_USR_ManufacturerStrDescriptor  usbd_desc.o
    0x08006eb8   0x00000034   Code   RO         9293    i.USBD_USR_ProductStrDescriptor  usbd_desc.o
    0x08006eec   0x00000038   Code   RO         9294    i.USBD_USR_SerialStrDescriptor  usbd_desc.o
    0x08006f24   0x0000000c   Code   RO         9097    i.USBD_cdc_GetCfgDesc  usbd_cdc_core.o
    0x08006f30   0x00000022   Code   RO         9168    i.USB_OTG_BSP_EnableInterrupt  usb_bsp.o
    0x08006f52   0x00000002   PAD
    0x08006f54   0x00000074   Code   RO         9169    i.USB_OTG_BSP_Init  usb_bsp.o
    0x08006fc8   0x00000004   Code   RO         9170    i.USB_OTG_BSP_mDelay  usb_bsp.o
    0x08006fcc   0x00000004   Code   RO         9171    i.USB_OTG_BSP_uDelay  usb_bsp.o
    0x08006fd0   0x00000080   Code   RO         8654    i.USB_OTG_CoreInit  usb_core.o
    0x08007050   0x00000130   Code   RO         8655    i.USB_OTG_CoreInitDev  usb_core.o
    0x08007180   0x00000058   Code   RO         8656    i.USB_OTG_CoreReset  usb_core.o
    0x080071d8   0x00000010   Code   RO         8657    i.USB_OTG_DisableGlobalInt  usb_core.o
    0x080071e8   0x0000003a   Code   RO         8658    i.USB_OTG_EP0Activate  usb_core.o
    0x08007222   0x000000b8   Code   RO         8659    i.USB_OTG_EP0StartXfer  usb_core.o
    0x080072da   0x00000002   PAD
    0x080072dc   0x00000024   Code   RO         8660    i.USB_OTG_EP0_OutStart  usb_core.o
    0x08007300   0x00000052   Code   RO         8661    i.USB_OTG_EPActivate  usb_core.o
    0x08007352   0x00000032   Code   RO         8662    i.USB_OTG_EPClearStall  usb_core.o
    0x08007384   0x00000034   Code   RO         8663    i.USB_OTG_EPDeactivate  usb_core.o
    0x080073b8   0x00000030   Code   RO         8664    i.USB_OTG_EPSetStall  usb_core.o
    0x080073e8   0x0000012a   Code   RO         8665    i.USB_OTG_EPStartXfer  usb_core.o
    0x08007512   0x00000002   PAD
    0x08007514   0x00000048   Code   RO         8666    i.USB_OTG_EnableDevInt  usb_core.o
    0x0800755c   0x00000010   Code   RO         8667    i.USB_OTG_EnableGlobalInt  usb_core.o
    0x0800756c   0x0000003c   Code   RO         8668    i.USB_OTG_FlushRxFifo  usb_core.o
    0x080075a8   0x00000044   Code   RO         8669    i.USB_OTG_FlushTxFifo  usb_core.o
    0x080075ec   0x00000026   Code   RO         8670    i.USB_OTG_GetDeviceSpeed  usb_core.o
    0x08007612   0x0000000c   Code   RO         8673    i.USB_OTG_InitDevSpeed  usb_core.o
    0x0800761e   0x00000012   Code   RO         8674    i.USB_OTG_IsDeviceMode  usb_core.o
    0x08007630   0x0000000a   Code   RO         8676    i.USB_OTG_ReadCoreItr  usb_core.o
    0x0800763a   0x0000000c   Code   RO         8677    i.USB_OTG_ReadDevAllInEPItr  usb_core.o
    0x08007646   0x0000000c   Code   RO         8678    i.USB_OTG_ReadDevAllOutEp_itr  usb_core.o
    0x08007652   0x00000010   Code   RO         8679    i.USB_OTG_ReadDevOutEP_itr  usb_core.o
    0x08007662   0x00000020   Code   RO         8681    i.USB_OTG_ReadPacket  usb_core.o
    0x08007682   0x00000002   PAD
    0x08007684   0x000000c0   Code   RO         8682    i.USB_OTG_SelectCore  usb_core.o
    0x08007744   0x0000002a   Code   RO         8683    i.USB_OTG_SetCurrentMode  usb_core.o
    0x0800776e   0x00000028   Code   RO         8687    i.USB_OTG_WritePacket  usb_core.o
    0x08007796   0x00000002   Code   RO         2320    i.UsageFault_Handler  stm32f4xx_it.o
    0x08007798   0x000000e0   Code   RO          943    i.Usart1_Init       usart1.o
    0x08007878   0x000000dc   Code   RO         9221    i.VCP_Ctrl          usbd_cdc_vcp.o
    0x08007954   0x0000007c   Code   RO         9222    i.VCP_DataRx        usbd_cdc_vcp.o
    0x080079d0   0x00000024   Code   RO         9223    i.VCP_DataTx        usbd_cdc_vcp.o
    0x080079f4   0x00000004   Code   RO         9224    i.VCP_DeInit        usbd_cdc_vcp.o
    0x080079f8   0x00000004   Code   RO         9225    i.VCP_Init          usbd_cdc_vcp.o
    0x080079fc   0x00000020   Code   RO         9858    i.__0printf         mc_w.l(printfa.o)
    0x08007a1c   0x00000030   Code   RO         9943    i.__ARM_fpclassify  m_wm.l(fpclassify.o)
    0x08007a4c   0x00000004   PAD
    0x08007a50   0x00000360   Code   RO         9524    i.__hardfp_asin     m_wm.l(asin.o)
    0x08007db0   0x000002d8   Code   RO         9906    i.__hardfp_atan     m_wm.l(atan.o)
    0x08008088   0x000001f0   Code   RO         9538    i.__hardfp_atan2    m_wm.l(atan2.o)
    0x08008278   0x000000c8   Code   RO         9550    i.__hardfp_cos      m_wm.l(cos.o)
    0x08008340   0x00000c50   Code   RO         9562    i.__hardfp_pow      m_wm.l(pow.o)
    0x08008f90   0x000000c8   Code   RO         9576    i.__hardfp_sin      m_wm.l(sin.o)
    0x08009058   0x0000007a   Code   RO         9588    i.__hardfp_sqrt     m_wm.l(sqrt_full.o)
    0x080090d2   0x0000003a   Code   RO         9594    i.__hardfp_sqrtf    m_wm.l(sqrtf_full.o)
    0x0800910c   0x00000004   PAD
    0x08009110   0x00000438   Code   RO         9948    i.__ieee754_rem_pio2  m_wm.l(rred.o)
    0x08009548   0x00000170   Code   RO         9920    i.__kernel_cos      m_wm.l(cos_i.o)
    0x080096b8   0x000000f8   Code   RO         9945    i.__kernel_poly     m_wm.l(poly.o)
    0x080097b0   0x00000130   Code   RO         9953    i.__kernel_sin      m_wm.l(sin_i.o)
    0x080098e0   0x00000030   Code   RO         9923    i.__mathlib_dbl_divzero  m_wm.l(dunder.o)
    0x08009910   0x00000014   Code   RO         9924    i.__mathlib_dbl_infnan  m_wm.l(dunder.o)
    0x08009924   0x00000014   Code   RO         9925    i.__mathlib_dbl_infnan2  m_wm.l(dunder.o)
    0x08009938   0x00000020   Code   RO         9926    i.__mathlib_dbl_invalid  m_wm.l(dunder.o)
    0x08009958   0x00000020   Code   RO         9927    i.__mathlib_dbl_overflow  m_wm.l(dunder.o)
    0x08009978   0x00000020   Code   RO         9929    i.__mathlib_dbl_underflow  m_wm.l(dunder.o)
    0x08009998   0x0000000e   Code   RO        10007    i.__scatterload_copy  mc_w.l(handlers.o)
    0x080099a6   0x00000002   Code   RO        10008    i.__scatterload_null  mc_w.l(handlers.o)
    0x080099a8   0x0000000e   Code   RO        10009    i.__scatterload_zeroinit  mc_w.l(handlers.o)
    0x080099b6   0x00000002   PAD
    0x080099b8   0x0000000c   Code   RO         9983    i.__set_errno       mc_w.l(errno.o)
    0x080099c4   0x00000184   Code   RO         9865    i._fp_digits        mc_w.l(printfa.o)
    0x08009b48   0x000006dc   Code   RO         9866    i._printf_core      mc_w.l(printfa.o)
    0x0800a224   0x00000024   Code   RO         9867    i._printf_post_padding  mc_w.l(printfa.o)
    0x0800a248   0x0000002e   Code   RO         9868    i._printf_pre_padding  mc_w.l(printfa.o)
    0x0800a276   0x00000002   PAD
    0x0800a278   0x0000005c   Code   RO         1689    i.accel_data_update  accelerometer_calibration.o
    0x0800a2d4   0x00000144   Code   RO         1690    i.accel_mat_init    accelerometer_calibration.o
    0x0800a418   0x00000010   Code   RO         9908    i.atan              m_wm.l(atan.o)
    0x0800a428   0x00000088   Code   RO         1691    i.caculate_mat      accelerometer_calibration.o
    0x0800a4b0   0x000000dc   Code   RO         1692    i.cali_accel_para   accelerometer_calibration.o
    0x0800a58c   0x00000004   Code   RO         1693    i.cali_fenction     accelerometer_calibration.o
    0x0800a590   0x00000034   Code   RO         2269    i.delay_init        delay.o
    0x0800a5c4   0x0000005c   Code   RO         2270    i.delay_ms          delay.o
    0x0800a620   0x00000034   Code   RO         2271    i.delay_us          delay.o
    0x0800a654   0x00000018   Code   RO         9939    i.fabs              m_wm.l(fabs.o)
    0x0800a66c   0x000000c8   Code   RO         1340    i.fal               adrc_core.o
    0x0800a734   0x0000009c   Code   RO         1341    i.fhan              adrc_core.o
    0x0800a7d0   0x00000020   Code   RO         1197    i.fp32_deadline     user_lib.o
    0x0800a7f0   0x00000020   Code   RO         1198    i.fp32_limit        user_lib.o
    0x0800a810   0x00000036   Code   RO         1199    i.fp32_map          user_lib.o
    0x0800a846   0x00000002   PAD
    0x0800a848   0x00000014   Code   RO          945    i.fputc             usart1.o
    0x0800a85c   0x00000090   Code   RO          713    i.friction_shoot_control  shoot_task.o
    0x0800a8ec   0x00000008   Code   RO          325    i.getErrorListPoint  detect_task.o
    0x0800a8f4   0x00000014   Code   RO          392    i.get_Friction_left_Motor_Measure_Point  can_receive.o
    0x0800a908   0x00000014   Code   RO          393    i.get_Friction_right_Motor_Measure_Point  can_receive.o
    0x0800a91c   0x00000008   Code   RO         2048    i.get_Gyro_Angle_Point  imutask.o
    0x0800a924   0x00000008   Code   RO          619    i.get_PC_Data_Point  tx2_task.o
    0x0800a92c   0x00000008   Code   RO          394    i.get_Pitch_Gimbal_Motor_Measure_Point  can_receive.o
    0x0800a934   0x00000014   Code   RO          395    i.get_Trigger_Motor_Measure_Point  can_receive.o
    0x0800a948   0x00000008   Code   RO          396    i.get_Yaw_Gimbal_Motor_Measure_Point  can_receive.o
    0x0800a950   0x0000001c   Code   RO         1539    i.get_crc8_check_sum  protocol.o
    0x0800a96c   0x0000002a   Code   RO          491    i.get_relative_pos  gimbal_task.o
    0x0800a996   0x00000002   PAD
    0x0800a998   0x00000008   Code   RO          863    i.get_remote_control_point  remotecontrol.o
    0x0800a9a0   0x00000008   Code   RO          492    i.get_yaw_motor_point  gimbal_task.o
    0x0800a9a8   0x00000086   Code   RO          493    i.gimbal_PID_compute  gimbal_task.o
    0x0800aa2e   0x0000007e   Code   RO          494    i.gimbal_PID_init   gimbal_task.o
    0x0800aaac   0x00000254   Code   RO          495    i.gimbal_track_armor  gimbal_task.o
    0x0800ad00   0x0000000c   Code   RO         7992    i.inHandlerMode     cmsis_os.o
    0x0800ad0c   0x0000002c   Code   RO         1936    i.invSqrt           filter_control.o
    0x0800ad38   0x0000000e   Code   RO            5    i.main              main.o
    0x0800ad46   0x00000062   Code   RO          620    i.minipc_Send_Message  tx2_task.o
    0x0800ada8   0x00000018   Code   RO         2161    i.mpu_delay_ms      mpu_delay.o
    0x0800adc0   0x00000040   Code   RO         1937    i.my_sqrt           filter_control.o
    0x0800ae00   0x00000018   Code   RO         8000    i.osKernelSysTick   cmsis_os.o
    0x0800ae18   0x00000070   Code   RO         7500    i.prvAddCurrentTaskToDelayedList  tasks.o
    0x0800ae88   0x000000d0   Code   RO         7501    i.prvAddNewTaskToReadyList  tasks.o
    0x0800af58   0x00000050   Code   RO         7864    i.prvCheckForValidListAndQueue  timers.o
    0x0800afa8   0x00000054   Code   RO         7502    i.prvCheckTasksWaitingTermination  tasks.o
    0x0800affc   0x00000026   Code   RO         7274    i.prvCopyDataFromQueue  queue.o
    0x0800b022   0x0000006c   Code   RO         7275    i.prvCopyDataToQueue  queue.o
    0x0800b08e   0x00000014   Code   RO         7503    i.prvDeleteTCB      tasks.o
    0x0800b0a2   0x00000002   PAD
    0x0800b0a4   0x0000004c   Code   RO         8442    i.prvHeapInit       heap_4.o
    0x0800b0f0   0x00000028   Code   RO         7504    i.prvIdleTask       tasks.o
    0x0800b118   0x000000c8   Code   RO         7505    i.prvInitialiseNewTask  tasks.o
    0x0800b1e0   0x0000004c   Code   RO         8443    i.prvInsertBlockIntoFreeList  heap_4.o
    0x0800b22c   0x00000038   Code   RO         7865    i.prvInsertTimerInActiveList  timers.o
    0x0800b264   0x0000001a   Code   RO         7276    i.prvIsQueueEmpty   queue.o
    0x0800b27e   0x00000002   PAD
    0x0800b280   0x00000098   Code   RO         7277    i.prvNotifyQueueSetContainer  queue.o
    0x0800b318   0x00000060   Code   RO         7866    i.prvProcessExpiredTimer  timers.o
    0x0800b378   0x000000f4   Code   RO         7867    i.prvProcessReceivedCommands  timers.o
    0x0800b46c   0x0000006c   Code   RO         7868    i.prvProcessTimerOrBlockTask  timers.o
    0x0800b4d8   0x00000020   Code   RO         7507    i.prvResetNextTaskUnblockTime  tasks.o
    0x0800b4f8   0x00000028   Code   RO         7869    i.prvSampleTimeNow  timers.o
    0x0800b520   0x0000006c   Code   RO         7870    i.prvSwitchTimerLists  timers.o
    0x0800b58c   0x00000014   Code   RO         7508    i.prvTaskCheckFreeStackSpace  tasks.o
    0x0800b5a0   0x0000006c   Code   RO         8358    i.prvTaskExitError  port.o
    0x0800b60c   0x00000028   Code   RO         7871    i.prvTimerTask      timers.o
    0x0800b634   0x00000078   Code   RO         7278    i.prvUnlockQueue    queue.o
    0x0800b6ac   0x0000011c   Code   RO         8444    i.pvPortMalloc      heap_4.o
    0x0800b7c8   0x00000018   Code   RO         7510    i.pvTaskIncrementMutexHeldCount  tasks.o
    0x0800b7e0   0x0000002c   Code   RO         8359    i.pxPortInitialiseStack  port.o
    0x0800b80c   0x00000010   Code   RO          864    i.remote_control_init  remotecontrol.o
    0x0800b81c   0x00000054   Code   RO          714    i.shoot__behavour_set  shoot_task.o
    0x0800b870   0x0000004c   Code   RO          715    i.shoot_ctrl_limit  shoot_task.o
    0x0800b8bc   0x000000c8   Code   RO          716    i.shoot_down_control  shoot_task.o
    0x0800b984   0x00000054   Code   RO          717    i.shoot_gight_stuck_bullet  shoot_task.o
    0x0800b9d8   0x00000054   Code   RO          718    i.shoot_left_stuck_bullet  shoot_task.o
    0x0800ba2c   0x0000002c   Code   RO         1342    i.sign              adrc_core.o
    0x0800ba58   0x00000006   Code   RO          866    i.slove_data_error  remotecontrol.o
    0x0800ba5e   0x0000006e   Code   RO         9590    i.sqrt              m_wm.l(sqrt_full.o)
    0x0800bacc   0x00000034   Code   RO            6    i.start_task        main.o
    0x0800bb00   0x0000002c   Code   RO          326    i.task_Detect_Create  detect_task.o
    0x0800bb2c   0x00000030   Code   RO          496    i.task_Gimbal_Create  gimbal_task.o
    0x0800bb5c   0x00000038   Code   RO          621    i.task_PC_Create    tx2_task.o
    0x0800bb94   0x00000030   Code   RO          719    i.task_Shoot_Create  shoot_task.o
    0x0800bbc4   0x00000030   Code   RO          622    i.task_Tx2_Create   tx2_task.o
    0x0800bbf4   0x00000048   Code   RO          720    i.trigger_speed_control  shoot_task.o
    0x0800bc3c   0x00000048   Code   RO         9098    i.usbd_cdc_DataIn   usbd_cdc_core.o
    0x0800bc84   0x00000034   Code   RO         9099    i.usbd_cdc_DataOut  usbd_cdc_core.o
    0x0800bcb8   0x00000028   Code   RO         9100    i.usbd_cdc_DeInit   usbd_cdc_core.o
    0x0800bce0   0x00000028   Code   RO         9101    i.usbd_cdc_EP0_RxReady  usbd_cdc_core.o
    0x0800bd08   0x00000054   Code   RO         9102    i.usbd_cdc_Init     usbd_cdc_core.o
    0x0800bd5c   0x00000020   Code   RO         9103    i.usbd_cdc_SOF      usbd_cdc_core.o
    0x0800bd7c   0x000000b8   Code   RO         9104    i.usbd_cdc_Setup    usbd_cdc_core.o
    0x0800be34   0x00000024   Code   RO         7229    i.uxListRemove      list.o
    0x0800be58   0x00000010   Code   RO         7513    i.uxTaskGetStackHighWaterMark  tasks.o
    0x0800be68   0x00000016   Code   RO         7230    i.vListInitialise   list.o
    0x0800be7e   0x00000006   Code   RO         7231    i.vListInitialiseItem  list.o
    0x0800be84   0x00000030   Code   RO         7232    i.vListInsert       list.o
    0x0800beb4   0x00000018   Code   RO         7233    i.vListInsertEnd    list.o
    0x0800becc   0x00000080   Code   RO         8361    i.vPortEnterCritical  port.o
    0x0800bf4c   0x0000006c   Code   RO         8362    i.vPortExitCritical  port.o
    0x0800bfb8   0x000000a4   Code   RO         8445    i.vPortFree         heap_4.o
    0x0800c05c   0x00000020   Code   RO         8363    i.vPortSetupTimerInterrupt  port.o
    0x0800c07c   0x00000094   Code   RO         8364    i.vPortValidateInterruptPriority  port.o
    0x0800c110   0x00000024   Code   RO         7284    i.vQueueAddToRegistry  queue.o
    0x0800c134   0x00000044   Code   RO         7288    i.vQueueWaitForMessageRestricted  queue.o
    0x0800c178   0x00000074   Code   RO         7519    i.vTaskDelay        tasks.o
    0x0800c1ec   0x000000d4   Code   RO         7521    i.vTaskDelete       tasks.o
    0x0800c2c0   0x0000000c   Code   RO         7525    i.vTaskMissedYield  tasks.o
    0x0800c2cc   0x0000005c   Code   RO         7527    i.vTaskPlaceOnEventList  tasks.o
    0x0800c328   0x00000064   Code   RO         7528    i.vTaskPlaceOnEventListRestricted  tasks.o
    0x0800c38c   0x00000084   Code   RO         7530    i.vTaskPriorityInherit  tasks.o
    0x0800c410   0x00000050   Code   RO         7534    i.vTaskSetTimeOutState  tasks.o
    0x0800c460   0x0000009c   Code   RO         7535    i.vTaskStartScheduler  tasks.o
    0x0800c4fc   0x00000010   Code   RO         7537    i.vTaskSuspendAll   tasks.o
    0x0800c50c   0x00000084   Code   RO         7538    i.vTaskSwitchContext  tasks.o
    0x0800c590   0x0000011c   Code   RO         8365    i.xPortStartScheduler  port.o
    0x0800c6ac   0x0000002c   Code   RO         8366    i.xPortSysTickHandler  port.o
    0x0800c6d8   0x00000080   Code   RO         7293    i.xQueueGenericCreate  queue.o
    0x0800c758   0x0000018c   Code   RO         7294    i.xQueueGenericReceive  queue.o
    0x0800c8e4   0x000000b0   Code   RO         7295    i.xQueueGenericReset  queue.o
    0x0800c994   0x00000190   Code   RO         7296    i.xQueueGenericSend  queue.o
    0x0800cb24   0x000000e8   Code   RO         7297    i.xQueueGenericSendFromISR  queue.o
    0x0800cc0c   0x00000090   Code   RO         7539    i.xTaskCheckForTimeOut  tasks.o
    0x0800cc9c   0x00000056   Code   RO         7540    i.xTaskCreate       tasks.o
    0x0800ccf2   0x00000002   PAD
    0x0800ccf4   0x0000001c   Code   RO         7544    i.xTaskGetSchedulerState  tasks.o
    0x0800cd10   0x0000000c   Code   RO         7545    i.xTaskGetTickCount  tasks.o
    0x0800cd1c   0x00000010   Code   RO         7546    i.xTaskGetTickCountFromISR  tasks.o
    0x0800cd2c   0x000000f0   Code   RO         7547    i.xTaskIncrementTick  tasks.o
    0x0800ce1c   0x000000bc   Code   RO         7550    i.xTaskPriorityDisinherit  tasks.o
    0x0800ced8   0x000000a0   Code   RO         7551    i.xTaskRemoveFromEventList  tasks.o
    0x0800cf78   0x000000ec   Code   RO         7553    i.xTaskResumeAll    tasks.o
    0x0800d064   0x00000078   Code   RO         7874    i.xTimerCreate      timers.o
    0x0800d0dc   0x00000078   Code   RO         7875    i.xTimerCreateTimerTask  timers.o
    0x0800d154   0x00000094   Code   RO         7876    i.xTimerGenericCommand  timers.o
    0x0800d1e8   0x0000003c   Data   RO          329    .constdata          detect_task.o
    0x0800d224   0x00000030   Data   RO          498    .constdata          gimbal_task.o
    0x0800d254   0x00000030   Data   RO          722    .constdata          shoot_task.o
    0x0800d284   0x00000300   Data   RO         1543    .constdata          protocol.o
    0x0800d584   0x00000004   PAD
    0x0800d588   0x00000130   Data   RO         1943    .constdata          filter_control.o
    0x0800d6b8   0x00000050   Data   RO         9527    .constdata          m_wm.l(asin.o)
    0x0800d708   0x00000088   Data   RO         9565    .constdata          m_wm.l(pow.o)
    0x0800d790   0x00000098   Data   RO         9909    .constdata          m_wm.l(atan.o)
    0x0800d828   0x00000030   Data   RO         9921    .constdata          m_wm.l(cos_i.o)
    0x0800d858   0x00000008   Data   RO         9947    .constdata          m_wm.l(qnan.o)
    0x0800d860   0x000000c8   Data   RO         9950    .constdata          m_wm.l(rred.o)
    0x0800d928   0x00000028   Data   RO         9954    .constdata          m_wm.l(sin_i.o)
    0x0800d950   0x00000020   Data   RO        10005    Region$$Table       anon$$obj.o


    Execution Region RW_IRAM1 (Base: 0x20000000, Size: 0x00008ab0, Max: 0x00020000, ABSOLUTE, COMPRESSED[0x000001a0])

    Base Addr    Size         Type   Attr      Idx    E Section Name        Object

    0x20000000   0x00000004   Data   RW            8    .data               main.o
    0x20000004   0x00000028   Data   RW          330    .data               detect_task.o
    0x2000002c   0x00000008   Data   RW          398    .data               can_receive.o
    0x20000034   0x000000b4   Data   RW          499    .data               gimbal_task.o
    0x200000e8   0x00000024   Data   RW          627    .data               tx2_task.o
    0x2000010c   0x00000028   Data   RW          723    .data               shoot_task.o
    0x20000134   0x00000002   Data   RW          883    .data               remotecontrol.o
    0x20000136   0x00000002   PAD
    0x20000138   0x00000008   Data   RW          946    .data               usart1.o
    0x20000140   0x00000004   Data   RW          947    .data               usart1.o
    0x20000144   0x0000000c   Data   RW         1344    .data               adrc_core.o
    0x20000150   0x00000114   Data   RW         1695    .data               accelerometer_calibration.o
    0x20000264   0x00000004   PAD
    0x20000268   0x00000050   Data   RW         2054    .data               imutask.o
    0x200002b8   0x00000008   Data   RW         2272    .data               delay.o
    0x200002c0   0x00000014   Data   RW         2371    .data               system_stm32f4xx.o
    0x200002d4   0x00000010   Data   RW         5004    .data               stm32f4xx_rcc.o
    0x200002e4   0x0000003c   Data   RW         7556    .data               tasks.o
    0x20000320   0x00000014   Data   RW         7884    .data               timers.o
    0x20000334   0x0000000c   Data   RW         8367    .data               port.o
    0x20000340   0x00000018   Data   RW         8450    .data               heap_4.o
    0x20000358   0x0000002c   Data   RW         8888    .data               usbd_core.o
    0x20000384   0x00000004   Data   RW         8889    .data               usbd_core.o
    0x20000388   0x00000004   Data   RW         8890    .data               usbd_core.o
    0x2000038c   0x00000010   Data   RW         9037    .data               usbd_req.o
    0x2000039c   0x0000006b   Data   RW         9107    .data               usbd_cdc_core.o
    0x20000407   0x00000001   PAD
    0x20000408   0x0000002c   Data   RW         9108    .data               usbd_cdc_core.o
    0x20000434   0x0000000c   Data   RW         9228    .data               usbd_cdc_vcp.o
    0x20000440   0x00000014   Data   RW         9229    .data               usbd_cdc_vcp.o
    0x20000454   0x0000001c   Data   RW         9296    .data               usbd_desc.o
    0x20000470   0x00000030   Data   RW         9297    .data               usbd_desc.o
    0x200004a0   0x00000001   Data   RW         9366    .data               usbd_usr.o
    0x200004a1   0x00000003   PAD
    0x200004a4   0x0000001c   Data   RW         9367    .data               usbd_usr.o
    0x200004c0   0x00000004   Data   RW         9984    .data               mc_w.l(errno.o)
    0x200004c4   0x000005f4   Zero   RW            7    .bss                main.o
    0x20000ab8   0x0000018c   Zero   RW          328    .bss                detect_task.o
    0x20000c44   0x000000d4   Zero   RW          397    .bss                can_receive.o
    0x20000d18   0x00000af4   Zero   RW          497    .bss                gimbal_task.o
    0x2000180c   0x0000004c   Zero   RW          623    .bss                tx2_task.o
    0x20001858   0x00000620   Zero   RW          721    .bss                shoot_task.o
    0x20001e78   0x0000005e   Zero   RW          867    .bss                remotecontrol.o
    0x20001ed6   0x00000002   PAD
    0x20001ed8   0x000001ac   Zero   RW         1694    .bss                accelerometer_calibration.o
    0x20002084   0x00000004   PAD
    0x20002088   0x000006f0   Zero   RW         1940    .bss                filter_control.o
    0x20002778   0x0000011c   Zero   RW         2050    .bss                imutask.o
    0x20002894   0x00000040   Zero   RW         7308    .bss                queue.o
    0x200028d4   0x000002e4   Zero   RW         7555    .bss                tasks.o
    0x20002bb8   0x00000028   Zero   RW         7883    .bss                timers.o
    0x20002be0   0x00005000   Zero   RW         8449    .bss                heap_4.o
    0x20007be0   0x00000840   Zero   RW         9106    .bss                usbd_cdc_core.o
    0x20008420   0x00000190   Zero   RW         9227    .bss                usbd_cdc_vcp.o
    0x200085b0   0x000000ff   Zero   RW         9295    .bss                usbd_desc.o
    0x200086af   0x00000001   PAD
    0x200086b0   0x00000400   Zero   RW         2306    STACK               startup_stm32f40_41xxx.o


==============================================================================

Image component sizes


      Code (inc. data)   RO Data    RW Data    ZI Data      Debug   Object Name

       776         34          0        276        428       5252   accelerometer_calibration.o
       940         48          0         12          0       5164   adrc_core.o
       152          6          0          0          0       1008   adrc_user.o
       104         10          0          0          0       2143   bsp_flash.o
      1364         60          0          0          0       8209   bsp_mpu9250_init.o
       548         24          0          0          0       2190   can.o
      1104        100          0          8        212      10854   can_receive.o
        36          0          0          0          0       7316   cmsis_os.o
       216         14          0          8          0       2869   delay.o
       836         86         60         40        396       5073   detect_task.o
         0          0          0          0          0       9452   event_groups.o
      2380         92        304          0       1776      10853   filter_control.o
      3310        300         48        180       2804      48068   gimbal_task.o
       600        154          0         24      20480       4299   heap_4.o
      2826        198          0         80        284      14639   imutask.o
       164          8          0          0          0        631   led.o
       136          0          0          0          0       3382   list.o
       254         50          0          4       1524     369127   main.o
       144         14          0          0          0       2237   misc.o
        24          0          0          0          0        643   mpu_delay.o
       240         12          0          0          0       1329   mpu_spi_init.o
        84         10          0          0          0        612   mpu_time_init.o
       964         26          0          0          0       4594   pid.o
      1078        422          0         12          0      11201   port.o
        28          4        768          0          0       1606   protocol.o
      1880        284          0          0         64      13829   queue.o
        82          0          0          0          0        785   ramp_control.o
       412         32          0          0          0     265955   rc.o
       584         34          0          2         94       8892   remotecontrol.o
      1740        104         48         40       1568      15645   shoot_task.o
       128         10          0          0          0       1840   smooth_filter.o
        36          8        392          0       1024        860   startup_stm32f40_41xxx.o
       938         16          0          0          0       6402   stm32f4xx_can.o
       550         48          0          0          0       8000   stm32f4xx_dma.o
       318         36          0          0          0       4949   stm32f4xx_flash.o
       160          0          0          0          0       3023   stm32f4xx_gpio.o
        12          0          0          0          0       2989   stm32f4xx_it.o
       288         48          0         16          0       6858   stm32f4xx_rcc.o
        98          0          0          0          0       3702   stm32f4xx_spi.o
       516         42          0          0          0       7296   stm32f4xx_usart.o
       272         36          0         20          0       1965   system_stm32f4xx.o
      2914        782          0         60        740      32512   tasks.o
      1160        276          0         20         40      10386   timers.o
       770        138          0         36         76      11981   tx2_task.o
       344         28          0         12          0       5030   usart1.o
         2          0          0          0          0        492   usart6.o
       158          8          0          0          0       2751   usb_bsp.o
      1984         30          0          0          0      21962   usb_core.o
       508          0          0          0          0       6360   usb_dcd.o
      1196         36          0          0          0       8147   usb_dcd_int.o
       616         74          0        151       2112       9428   usbd_cdc_core.o
       388        128          0         32        400       4611   usbd_cdc_vcp.o
       596          4          0         52          0      10132   usbd_core.o
       294        112          0         76        255       6851   usbd_desc.o
       168          0          0          0          0       4692   usbd_ioreq.o
      1118         44          0         16          0       9064   usbd_req.o
       362        266          0         29          0       4418   usbd_usr.o
       118          6          0          0          0       2180   user_lib.o

    ----------------------------------------------------------------------
     39074       4302       1656       1216      34284    1036738   Object Totals
         0          0         32          0          0          0   (incl. Generated)
        56          0          4         10          7          0   (incl. Padding)

    ----------------------------------------------------------------------

      Code (inc. data)   RO Data    RW Data    ZI Data      Debug   Library Member Name

         8          0          0          0          0      17159   arm_mat_init_f32.o
      1328          4          0          0          0       2718   arm_mat_inverse_f32.o
       316          4          0          0          0       1627   arm_mat_mult_f32.o
       864         94         80          0          0        280   asin.o
       744        106        152          0          0        352   atan.o
       496         64          0          0          0        192   atan2.o
       200         20          0          0          0        164   cos.o
       368         46         48          0          0        200   cos_i.o
       184         44          0          0          0        744   dunder.o
        24          0          0          0          0        124   fabs.o
        48          0          0          0          0        124   fpclassify.o
       248          0          0          0          0        152   poly.o
      3152        296        136          0          0        352   pow.o
         0          0          8          0          0          0   qnan.o
      1080        142        200          0          0        188   rred.o
       200         20          0          0          0        164   sin.o
       304         24         40          0          0        208   sin_i.o
       232          0          0          0          0        296   sqrt_full.o
        58          0          0          0          0        136   sqrtf_full.o
        86          0          0          0          0          0   __dczerorl2.o
         0          0          0          0          0          0   entry.o
         0          0          0          0          0          0   entry10a.o
         0          0          0          0          0          0   entry11a.o
         8          4          0          0          0          0   entry2.o
         4          0          0          0          0          0   entry5.o
         0          0          0          0          0          0   entry7b.o
         0          0          0          0          0          0   entry8b.o
         8          4          0          0          0          0   entry9a.o
        12          6          0          4          0         68   errno.o
        30          0          0          0          0          0   handlers.o
        36          8          0          0          0         68   init.o
         0          0          0          0          0          0   iusefp.o
        30          0          0          0          0         68   llshl.o
        36          0          0          0          0         68   llsshr.o
        32          0          0          0          0         68   llushr.o
        36          0          0          0          0         68   memcpya.o
        36          0          0          0          0        108   memseta.o
      2258         90          0          0          0        452   printfa.o
        44          0          0          0          0         80   uidiv.o
        98          0          0          0          0         92   uldiv.o
        48          0          0          0          0         68   cdcmple.o
        48          0          0          0          0         68   cdrcmple.o
        56          0          0          0          0         88   d2f.o
       334          0          0          0          0        148   dadd.o
       222          0          0          0          0        100   ddiv.o
       186          0          0          0          0        176   depilogue.o
        62          0          0          0          0         80   dfixi.o
        48          0          0          0          0         68   dfixul.o
        34          0          0          0          0         76   dflti.o
        26          0          0          0          0         76   dfltui.o
       228          0          0          0          0         96   dmul.o
        46          0          0          0          0         80   dscalb.o
       162          0          0          0          0        100   dsqrt.o
        38          0          0          0          0         68   f2d.o
       110          0          0          0          0        168   fepilogue.o

    ----------------------------------------------------------------------
     14270        976        664          4          0      27780   Library Totals
        14          0          0          0          0          0   (incl. Padding)

    ----------------------------------------------------------------------

      Code (inc. data)   RO Data    RW Data    ZI Data      Debug   Library Name

      1652          8          0          0          0      21504   arm_cortexM4lf_math.lib
      8202        856        664          0          0       3676   m_wm.l
      2754        112          0          4          0       1140   mc_w.l
      1648          0          0          0          0       1460   mf_w.l

    ----------------------------------------------------------------------
     14270        976        664          4          0      27780   Library Totals

    ----------------------------------------------------------------------

==============================================================================


      Code (inc. data)   RO Data    RW Data    ZI Data      Debug   

     53344       5278       2320       1220      34284    1025850   Grand Totals
     53344       5278       2320        416      34284    1025850   ELF Image Totals (compressed)
     53344       5278       2320        416          0          0   ROM Totals

==============================================================================

    Total RO  Size (Code + RO Data)                55664 (  54.36kB)
    Total RW  Size (RW Data + ZI Data)             35504 (  34.67kB)
    Total ROM Size (Code + RO Data + RW Data)      56080 (  54.77kB)

==============================================================================

