<html>
<body>
<pre>
<h1>µVision Build Log</h1>
<h2>Tool Versions:</h2>
IDE-Version: ¦ÌVision V5.14.1
Copyright (C) 2015 ARM Ltd and ARM Germany GmbH. All rights reserved.
License Information: Cortex-M4, 2, LIC=YA39H-WAUF4-01JP1-C03QY-Z9PMI-GJG50
 
Tool Versions:
Toolchain:       MDK-ARM Standard  Version: 5.28.0.0
Toolchain Path:  D:\keil\ARM\ARMCC\Bin
C Compiler:      Armcc.exe V5.06 update 6 (build 750)
Assembler:       Armasm.exe V5.06 update 6 (build 750)
Linker/Locator:  ArmLink.exe V5.06 update 6 (build 750)
Library Manager: ArmAr.exe V5.06 update 6 (build 750)
Hex Converter:   FromElf.exe V5.06 update 6 (build 750)
CPU DLL:         SARMCM3.DLL V5.28.0.0
Dialog DLL:      DCM.DLL V1.17.3.0
Target DLL:      STLink\ST-LINKIII-KEIL_SWO.dll V3.0.6.0
Dialog DLL:      TCM.DLL V1.36.2.0
 
<h2>Project:</h2>
C:\Users\pengq\Desktop\5.6 ÉÚ±øË«°å\7.16GIMBAL_USB £¨ADRC£©\User\Template.uvprojx
Project File Date:  07/19/2023

<h2>Output:</h2>
*** Using Compiler 'V5.06 update 6 (build 750)', folder: 'D:\keil\ARM\ARMCC\Bin'
Rebuild target 'Template'
compiling main.c...
compiling detect_task.c...
compiling CAN_receive.c...
compiling gimbal_task.c...
compiling tx2_task.c...
compiling chassis_task.c...
compiling shoot_task.c...
compiling LED.c...
compiling usart6.c...
compiling RemoteControl.c...
compiling usart1.c...
compiling rc.c...
compiling can.c...
compiling pid.c...
compiling user_lib.c...
compiling Ramp_Control.c...
compiling ADRC_core.c...
compiling Smooth_Filter.c...
compiling ADRC_user.c...
compiling Judge_Task.c...
compiling judgement_info.c...
compiling protocol.c...
compiling get_judge_measure.c...
compiling accelerometer_calibration.c...
compiling BSP_Flash.c...
compiling BSP_MPU9250_Init.c...
compiling Filter_Control.c...
compiling IMUTask.c...
compiling mpu_delay.c...
compiling MPU_SPI_Init.c...
compiling MPU_TIME_Init.c...
compiling sys.c...
compiling delay.c...
assembling startup_stm32f40_41xxx.s...
compiling stm32f4xx_it.c...
compiling system_stm32f4xx.c...
compiling misc.c...
compiling stm32f4xx_adc.c...
compiling stm32f4xx_can.c...
compiling stm32f4xx_cec.c...
compiling stm32f4xx_crc.c...
compiling stm32f4xx_cryp.c...
compiling stm32f4xx_cryp_aes.c...
compiling stm32f4xx_cryp_des.c...
compiling stm32f4xx_cryp_tdes.c...
compiling stm32f4xx_dac.c...
compiling stm32f4xx_dbgmcu.c...
compiling stm32f4xx_dcmi.c...
compiling stm32f4xx_dfsdm.c...
compiling stm32f4xx_dma.c...
compiling stm32f4xx_dma2d.c...
compiling stm32f4xx_dsi.c...
compiling stm32f4xx_exti.c...
compiling stm32f4xx_flash.c...
compiling stm32f4xx_flash_ramfunc.c...
compiling stm32f4xx_fmpi2c.c...
compiling stm32f4xx_gpio.c...
compiling stm32f4xx_hash.c...
compiling stm32f4xx_hash_md5.c...
compiling stm32f4xx_hash_sha1.c...
compiling stm32f4xx_i2c.c...
compiling stm32f4xx_iwdg.c...
compiling stm32f4xx_lptim.c...
compiling stm32f4xx_ltdc.c...
compiling stm32f4xx_pwr.c...
compiling stm32f4xx_qspi.c...
compiling stm32f4xx_rcc.c...
compiling stm32f4xx_rng.c...
compiling stm32f4xx_rtc.c...
compiling stm32f4xx_sai.c...
compiling stm32f4xx_sdio.c...
compiling stm32f4xx_spdifrx.c...
compiling stm32f4xx_spi.c...
compiling stm32f4xx_syscfg.c...
compiling stm32f4xx_tim.c...
compiling stm32f4xx_usart.c...
compiling stm32f4xx_wwdg.c...
compiling croutine.c...
compiling event_groups.c...
compiling list.c...
compiling queue.c...
compiling tasks.c...
compiling timers.c...
compiling cmsis_os.c...
compiling port.c...
compiling heap_4.c...
compiling usb_dcd.c...
compiling usb_dcd_int.c...
compiling usb_core.c...
compiling usbd_core.c...
compiling usbd_ioreq.c...
compiling usbd_req.c...
compiling usbd_cdc_core.c...
compiling usb_bsp.c...
compiling usbd_cdc_vcp.c...
compiling usbd_desc.c...
compiling usbd_usr.c...
linking...
Program Size: Code=53344 RO-data=2320 RW-data=1220 ZI-data=34284  
".\Objects\zero.axf" - 0 Error(s), 0 Warning(s).

<h2>Collection of Component include folders:</h2>
  C:\Users\pengq\Desktop\5.6 ÉÚ±øË«°å\7.16GIMBAL_USB £¨ADRC£©\User\RTE
  D:\keil\Keil\STM32F4xx_DFP\2.10.0\Drivers\CMSIS\Device\ST\STM32F4xx\Include

<h2>Collection of Component Files used:</h2>
</pre>
</body>
</html>
