Component: ARM Compiler 5.06 update 6 (build 750) Tool: armlink [4d35ed]

==============================================================================

Section Cross References

    main.o(i.Init) refers to delay.o(i.delay_init) for delay_init
    main.o(i.Init) refers to misc.o(i.NVIC_PriorityGroupConfig) for NVIC_PriorityGroupConfig
    main.o(i.Init) refers to remotecontrol.o(i.remote_control_init) for remote_control_init
    main.o(i.Init) refers to usart1.o(i.Usart1_Init) for Usart1_Init
    main.o(i.Init) refers to timer.o(i.TIM3_Int_Init) for TIM3_Int_Init
    main.o(i.Init) refers to infrared.o(i.infrared_Usart_init) for infrared_Usart_init
    main.o(i.Init) refers to led.o(i.LED_Init) for LED_Init
    main.o(i.Init) refers to imutask.o(i.IMU_Init) for IMU_Init
    main.o(i.Init) refers to stm32f4xx_gpio.o(i.GPIO_ResetBits) for GPIO_ResetBits
    main.o(i.Init) refers to stm32f4xx_gpio.o(i.GPIO_SetBits) for GPIO_SetBits
    main.o(i.Init) refers to can.o(i.CAN1_mode_init) for CAN1_mode_init
    main.o(i.Init) refers to can.o(i.CAN2_mode_init) for CAN2_mode_init
    main.o(i.Init) refers to delay.o(i.delay_ms) for delay_ms
    main.o(i.TaskStart) refers to tasks.o(i.xTaskCreate) for xTaskCreate
    main.o(i.TaskStart) refers to tasks.o(i.vTaskStartScheduler) for vTaskStartScheduler
    main.o(i.TaskStart) refers to main.o(.data) for StartTask_Handler
    main.o(i.TaskStart) refers to main.o(i.start_task) for start_task
    main.o(i.main) refers to main.o(i.Init) for Init
    main.o(i.main) refers to main.o(i.TaskStart) for TaskStart
    main.o(i.start_task) refers to port.o(i.vPortEnterCritical) for vPortEnterCritical
    main.o(i.start_task) refers to imutask.o(i.IMU_task_Create) for IMU_task_Create
    main.o(i.start_task) refers to gimbal_task.o(i.task_Gimbal_Create) for task_Gimbal_Create
    main.o(i.start_task) refers to chassis_task.o(i.task_Chsssis_Create) for task_Chsssis_Create
    main.o(i.start_task) refers to detect_task.o(i.task_Detect_Create) for task_Detect_Create
    main.o(i.start_task) refers to judge_task.o(i.task_Judge_Create) for task_Judge_Create
    main.o(i.start_task) refers to tasks.o(i.vTaskDelete) for vTaskDelete
    main.o(i.start_task) refers to port.o(i.vPortExitCritical) for vPortExitCritical
    main.o(i.start_task) refers to main.o(.data) for StartTask_Handler
    detect_task.o(i.DetectDisplay) refers to stm32f4xx_gpio.o(i.GPIO_SetBits) for GPIO_SetBits
    detect_task.o(i.DetectDisplay) refers to stm32f4xx_gpio.o(i.GPIO_ResetBits) for GPIO_ResetBits
    detect_task.o(i.DetectDisplay) refers to detect_task.o(.data) for i
    detect_task.o(i.DetectDisplay) refers to detect_task.o(.bss) for monitorList
    detect_task.o(i.DetectHook) refers to tasks.o(i.xTaskGetTickCount) for xTaskGetTickCount
    detect_task.o(i.DetectHook) refers to detect_task.o(.bss) for monitorList
    detect_task.o(i.DetectInit) refers to memcpya.o(.text) for __aeabi_memcpy4
    detect_task.o(i.DetectInit) refers to detect_task.o(.constdata) for .constdata
    detect_task.o(i.DetectInit) refers to detect_task.o(.bss) for monitorList
    detect_task.o(i.DetectInit) refers to remotecontrol.o(i.RC_data_is_error) for RC_data_is_error
    detect_task.o(i.DetectInit) refers to remotecontrol.o(i.slove_data_error) for slove_data_error
    detect_task.o(i.Detect_task) refers to tasks.o(i.xTaskGetTickCount) for xTaskGetTickCount
    detect_task.o(i.Detect_task) refers to detect_task.o(i.DetectInit) for DetectInit
    detect_task.o(i.Detect_task) refers to tasks.o(i.vTaskDelay) for vTaskDelay
    detect_task.o(i.Detect_task) refers to detect_task.o(i.DetectDisplay) for DetectDisplay
    detect_task.o(i.Detect_task) refers to tasks.o(i.uxTaskGetStackHighWaterMark) for uxTaskGetStackHighWaterMark
    detect_task.o(i.Detect_task) refers to detect_task.o(.data) for systemTime
    detect_task.o(i.Detect_task) refers to detect_task.o(.bss) for monitorList
    detect_task.o(i.getErrorListPoint) refers to detect_task.o(.bss) for monitorList
    detect_task.o(i.task_Detect_Create) refers to tasks.o(i.xTaskCreate) for xTaskCreate
    detect_task.o(i.task_Detect_Create) refers to detect_task.o(.data) for DETECT_TASK_Handler
    detect_task.o(i.task_Detect_Create) refers to detect_task.o(i.Detect_task) for Detect_task
    detect_task.o(i.toe_is_error) refers to detect_task.o(.bss) for monitorList
    can_receive.o(i.CAN1_RX0_IRQHandler) refers to stm32f4xx_can.o(i.CAN_GetITStatus) for CAN_GetITStatus
    can_receive.o(i.CAN1_RX0_IRQHandler) refers to stm32f4xx_can.o(i.CAN_Receive) for CAN_Receive
    can_receive.o(i.CAN1_RX0_IRQHandler) refers to can_receive.o(i.CAN1_hook) for CAN1_hook
    can_receive.o(i.CAN1_RX0_IRQHandler) refers to can_receive.o(.bss) for rx1_message
    can_receive.o(i.CAN1_hook) refers to detect_task.o(i.DetectHook) for DetectHook
    can_receive.o(i.CAN1_hook) refers to can_receive.o(.data) for i
    can_receive.o(i.CAN1_hook) refers to can_receive.o(.bss) for motor_chassis
[...]
    DMA_ClearFlag                            0x08003861   Thumb Code    38  stm32f4xx_dma.o(i.DMA_ClearFlag)
    DMA_ClearITPendingBit                    0x08003895   Thumb Code    38  stm32f4xx_dma.o(i.DMA_ClearITPendingBit)
    DMA_Cmd                                  0x080038c9   Thumb Code    22  stm32f4xx_dma.o(i.DMA_Cmd)
    DMA_DeInit                               0x080038e1   Thumb Code   324  stm32f4xx_dma.o(i.DMA_DeInit)
    DMA_DoubleBufferModeCmd                  0x08003a39   Thumb Code    22  stm32f4xx_dma.o(i.DMA_DoubleBufferModeCmd)
    DMA_DoubleBufferModeConfig               0x08003a4f   Thumb Code    24  stm32f4xx_dma.o(i.DMA_DoubleBufferModeConfig)
    DMA_GetCurrDataCounter                   0x08003a67   Thumb Code     8  stm32f4xx_dma.o(i.DMA_GetCurrDataCounter)
    DMA_GetCurrentMemoryTarget               0x08003a6f   Thumb Code    20  stm32f4xx_dma.o(i.DMA_GetCurrentMemoryTarget)
    DMA_Init                                 0x08003a85   Thumb Code    82  stm32f4xx_dma.o(i.DMA_Init)
    DMA_SetCurrDataCounter                   0x08003add   Thumb Code     4  stm32f4xx_dma.o(i.DMA_SetCurrDataCounter)
    DMA_StructInit                           0x08003ae1   Thumb Code    34  stm32f4xx_dma.o(i.DMA_StructInit)
    DebugMon_Handler                         0x08003b03   Thumb Code     2  stm32f4xx_it.o(i.DebugMon_Handler)
    DetectHook                               0x08003c71   Thumb Code   288  detect_task.o(i.DetectHook)
    Detect_task                              0x08003f09   Thumb Code   588  detect_task.o(i.Detect_task)
    Distance_State                           0x08004165   Thumb Code   232  positioning.o(i.Distance_State)
    FLASH_ClearFlag                          0x08004265   Thumb Code     6  stm32f4xx_flash.o(i.FLASH_ClearFlag)
    FLASH_EraseSector                        0x08004271   Thumb Code   130  stm32f4xx_flash.o(i.FLASH_EraseSector)
    FLASH_GetStatus                          0x080042f9   Thumb Code    80  stm32f4xx_flash.o(i.FLASH_GetStatus)
    FLASH_Lock                               0x0800434d   Thumb Code    14  stm32f4xx_flash.o(i.FLASH_Lock)
    FLASH_ProgramByte                        0x08004361   Thumb Code    70  stm32f4xx_flash.o(i.FLASH_ProgramByte)
    FLASH_Unlock                             0x080043ad   Thumb Code    24  stm32f4xx_flash.o(i.FLASH_Unlock)
    FLASH_WaitForLastOperation               0x080043d1   Thumb Code    34  stm32f4xx_flash.o(i.FLASH_WaitForLastOperation)
    FlashAllEraseBoot                        0x080043f3   Thumb Code    26  bsp_flash.o(i.FlashAllEraseBoot)
    FlashReadK                               0x0800440d   Thumb Code    24  bsp_flash.o(i.FlashReadK)
    FlashWriteK                              0x08004429   Thumb Code    48  bsp_flash.o(i.FlashWriteK)
    GPIO_Init                                0x08004495   Thumb Code   144  stm32f4xx_gpio.o(i.GPIO_Init)
    GPIO_PinAFConfig                         0x08004525   Thumb Code    70  stm32f4xx_gpio.o(i.GPIO_PinAFConfig)
    GPIO_ResetBits                           0x0800456b   Thumb Code     4  stm32f4xx_gpio.o(i.GPIO_ResetBits)
    GPIO_SetBits                             0x0800456f   Thumb Code     4  stm32f4xx_gpio.o(i.GPIO_SetBits)
    GYRO_Filter                              0x08004575   Thumb Code   152  imutask.o(i.GYRO_Filter)
    Get_Sys_Ticks                            0x08004615   Thumb Code    94  mpu_time_init.o(i.Get_Sys_Ticks)
    Gimbal_task                              0x080046dd   Thumb Code    88  gimbal_task.o(i.Gimbal_task)
    Gyro_Correct_Filter                      0x0800473d   Thumb Code   104  filter_control.o(i.Gyro_Correct_Filter)
    HardFault_Handler                        0x080047b5   Thumb Code     4  stm32f4xx_it.o(i.HardFault_Handler)
    IMU_Calibration                          0x080047b9   Thumb Code   134  imutask.o(i.IMU_Calibration)
    IMU_Init                                 0x08004855   Thumb Code    26  imutask.o(i.IMU_Init)
    IMU_task                                 0x08004871   Thumb Code   124  imutask.o(i.IMU_task)
    IMU_task_Create                          0x080048fd   Thumb Code    26  imutask.o(i.IMU_task_Create)
    Init                                     0x0800492d   Thumb Code   110  main.o(i.Init)
    JUDGE_SHOOT_SPEED                        0x080049a1   Thumb Code    20  judgement_info.o(i.JUDGE_SHOOT_SPEED)
    JUDGE_ShootAllow_17mm                    0x080049b9   Thumb Code     6  judgement_info.o(i.JUDGE_ShootAllow_17mm)
    JUDGE_id1_usGetRemoteHeat17              0x080049c5   Thumb Code     6  judgement_info.o(i.JUDGE_id1_usGetRemoteHeat17)
    JUDGE_id2_usGetRemoteHeat17              0x080049d1   Thumb Code     6  judgement_info.o(i.JUDGE_id2_usGetRemoteHeat17)
    JUDGE_usGetState                         0x080049dd   Thumb Code     8  judgement_info.o(i.JUDGE_usGetState)
    Judge_DataVerify                         0x080049e9   Thumb Code    32  judge_task.o(i.Judge_DataVerify)
    Judge_task                               0x08004a09   Thumb Code   308  judge_task.o(i.Judge_task)
    LED_Init                                 0x08004b4d   Thumb Code   186  led.o(i.LED_Init)
    MPU6500_1_init                           0x08004c11   Thumb Code   310  bsp_mpu9250_init.o(i.MPU6500_1_init)
    MPU6500_2_init                           0x08004d47   Thumb Code   310  bsp_mpu9250_init.o(i.MPU6500_2_init)
    MPU6500_Init                             0x08004e7d   Thumb Code    26  bsp_mpu9250_init.o(i.MPU6500_Init)
    MPU9250_Get_Accelerometer                0x08004e97   Thumb Code   178  bsp_mpu9250_init.o(i.MPU9250_Get_Accelerometer)
    MPU9250_Get_Gyroscope                    0x08004f49   Thumb Code   220  bsp_mpu9250_init.o(i.MPU9250_Get_Gyroscope)
    MPU9250_Get_Temperature                  0x08005025   Thumb Code    94  bsp_mpu9250_init.o(i.MPU9250_Get_Temperature)
    MPU9250_Read_Byte                        0x08005095   Thumb Code    78  bsp_mpu9250_init.o(i.MPU9250_Read_Byte)
    MPU9250_Read_Len                         0x080050ed   Thumb Code   116  bsp_mpu9250_init.o(i.MPU9250_Read_Len)
    MPU9250_Write_Byte                       0x08005169   Thumb Code    76  bsp_mpu9250_init.o(i.MPU9250_Write_Byte)
    MPU_SPI_Configuration                    0x080051bd   Thumb Code   140  bsp_mpu9250_init.o(i.MPU_SPI_Configuration)
    Mat2Quat                                 0x08005255   Thumb Code  3628  filter_control.o(i.Mat2Quat)
    Mat_Trans_d                              0x08006089   Thumb Code    98  filter_control.o(i.Mat_Trans_d)
    MemManage_Handler                        0x080060eb   Thumb Code     4  stm32f4xx_it.o(i.MemManage_Handler)
    NMI_Handler                              0x080060ef   Thumb Code     2  stm32f4xx_it.o(i.NMI_Handler)
    NVIC_Init                                0x080060f1   Thumb Code   106  misc.o(i.NVIC_Init)
    NVIC_PriorityGroupConfig                 0x08006169   Thumb Code    10  misc.o(i.NVIC_PriorityGroupConfig)
    PID_Calc                                 0x0800617d   Thumb Code   286  pid.o(i.PID_Calc)
    PID_Init                                 0x0800629b   Thumb Code    54  pid.o(i.PID_Init)
    PcDataCheck                              0x080062d1   Thumb Code    22  usart6.o(i.PcDataCheck)
    RCC_AHB1PeriphClockCmd                   0x080062e9   Thumb Code    26  stm32f4xx_rcc.o(i.RCC_AHB1PeriphClockCmd)
    RCC_APB1PeriphClockCmd                   0x08006309   Thumb Code    26  stm32f4xx_rcc.o(i.RCC_APB1PeriphClockCmd)
    RCC_APB1PeriphResetCmd                   0x08006329   Thumb Code    26  stm32f4xx_rcc.o(i.RCC_APB1PeriphResetCmd)
    RCC_APB2PeriphClockCmd                   0x08006349   Thumb Code    26  stm32f4xx_rcc.o(i.RCC_APB2PeriphClockCmd)
    RCC_APB2PeriphResetCmd                   0x08006369   Thumb Code    26  stm32f4xx_rcc.o(i.RCC_APB2PeriphResetCmd)
    RCC_GetClocksFreq                        0x08006389   Thumb Code   214  stm32f4xx_rcc.o(i.RCC_GetClocksFreq)
    RC_Init                                  0x08006471   Thumb Code   320  rc.o(i.RC_Init)
    RC_data_is_error                         0x0800663d   Thumb Code   146  remotecontrol.o(i.RC_data_is_error)
    RC_restart                               0x080066d5   Thumb Code    70  rc.o(i.RC_restart)
    Remain_outpost_HP                        0x0800672d   Thumb Code    40  judgement_info.o(i.Remain_outpost_HP)
    SPI1_Init                                0x08006839   Thumb Code   186  mpu_spi_init.o(i.SPI1_Init)
    SPI1_ReadWriteByte                       0x080068fd   Thumb Code    50  mpu_spi_init.o(i.SPI1_ReadWriteByte)
    SPI_Cmd                                  0x08006935   Thumb Code    24  stm32f4xx_spi.o(i.SPI_Cmd)
    SPI_I2S_GetFlagStatus                    0x0800694d   Thumb Code    18  stm32f4xx_spi.o(i.SPI_I2S_GetFlagStatus)
    SPI_I2S_ReceiveData                      0x0800695f   Thumb Code     6  stm32f4xx_spi.o(i.SPI_I2S_ReceiveData)
    SPI_I2S_SendData                         0x08006965   Thumb Code     4  stm32f4xx_spi.o(i.SPI_I2S_SendData)
    SPI_Init                                 0x08006969   Thumb Code    60  stm32f4xx_spi.o(i.SPI_Init)
    SysTick_CLKSourceConfig                  0x08006a91   Thumb Code    40  misc.o(i.SysTick_CLKSourceConfig)
    SysTick_Handler                          0x08006ab9   Thumb Code    16  delay.o(i.SysTick_Handler)
    SystemInit                               0x08006ac9   Thumb Code    88  system_stm32f4xx.o(i.SystemInit)
    TIM3_IRQHandler                          0x08006b31   Thumb Code    76  timer.o(i.TIM3_IRQHandler)
    TIM3_Int_Init                            0x08006b95   Thumb Code    86  timer.o(i.TIM3_Int_Init)
    TIM4_IRQHandler                          0x08006bf1   Thumb Code    20  timer.o(i.TIM4_IRQHandler)
    TIM_ClearITPendingBit                    0x08006c09   Thumb Code     6  stm32f4xx_tim.o(i.TIM_ClearITPendingBit)
    TIM_Cmd                                  0x08006c0f   Thumb Code    24  stm32f4xx_tim.o(i.TIM_Cmd)
    TIM_GetITStatus                          0x08006c27   Thumb Code    34  stm32f4xx_tim.o(i.TIM_GetITStatus)
    TIM_ITConfig                             0x08006c49   Thumb Code    18  stm32f4xx_tim.o(i.TIM_ITConfig)
    TIM_TimeBaseInit                         0x08006c5d   Thumb Code   104  stm32f4xx_tim.o(i.TIM_TimeBaseInit)
    TaskStart                                0x08006ce1   Thumb Code    28  main.o(i.TaskStart)
    USART1_IRQHandler                        0x08006d11   Thumb Code    92  usart1.o(i.USART1_IRQHandler)
    USART2_IRQHandler                        0x08006d75   Thumb Code   234  remotecontrol.o(i.USART2_IRQHandler)
    USART3_IRQHandler                        0x08006e79   Thumb Code   426  infrared.o(i.USART3_IRQHandler)
    USART6_IRQHandler                        0x08007041   Thumb Code   276  usart6.o(i.USART6_IRQHandler)
    USART_ClearFlag                          0x08007169   Thumb Code    18  stm32f4xx_usart.o(i.USART_ClearFlag)
    USART_ClearITPendingBit                  0x0800717b   Thumb Code    30  stm32f4xx_usart.o(i.USART_ClearITPendingBit)
    USART_ClockInit                          0x08007199   Thumb Code    32  stm32f4xx_usart.o(i.USART_ClockInit)
    USART_Cmd                                0x080071b9   Thumb Code    24  stm32f4xx_usart.o(i.USART_Cmd)
    USART_DMACmd                             0x080071d1   Thumb Code    18  stm32f4xx_usart.o(i.USART_DMACmd)
    USART_DeInit                             0x080071e5   Thumb Code   206  stm32f4xx_usart.o(i.USART_DeInit)
    USART_GetITStatus                        0x080072d5   Thumb Code    84  stm32f4xx_usart.o(i.USART_GetITStatus)
    USART_ITConfig                           0x08007329   Thumb Code    74  stm32f4xx_usart.o(i.USART_ITConfig)
    USART_Init                               0x08007375   Thumb Code   204  stm32f4xx_usart.o(i.USART_Init)
    USART_ReceiveData                        0x08007449   Thumb Code    10  stm32f4xx_usart.o(i.USART_ReceiveData)
    USART_StructInit                         0x08007453   Thumb Code    24  stm32f4xx_usart.o(i.USART_StructInit)
    UsageFault_Handler                       0x0800746b   Thumb Code     4  stm32f4xx_it.o(i.UsageFault_Handler)
    Usart1_Init                              0x08007471   Thumb Code   220  usart1.o(i.Usart1_Init)
    Usart3_Init                              0x0800755d   Thumb Code   374  usart3.o(i.Usart3_Init)
    __0printf$3                              0x080076e1   Thumb Code    22  printf3.o(i.__0printf$3)
    __1printf$3                              0x080076e1   Thumb Code     0  printf3.o(i.__0printf$3)
    __2printf                                0x080076e1   Thumb Code     0  printf3.o(i.__0printf$3)
    __ARM_fpclassify                         0x08007701   Thumb Code    48  fpclassify.o(i.__ARM_fpclassify)
    __hardfp_asin                            0x08007731   Thumb Code   770  asin.o(i.__hardfp_asin)
    __hardfp_atan                            0x08007a91   Thumb Code   622  atan.o(i.__hardfp_atan)
    __hardfp_atan2                           0x08007d69   Thumb Code   432  atan2.o(i.__hardfp_atan2)
    __hardfp_cos                             0x08007f59   Thumb Code   180  cos.o(i.__hardfp_cos)
    __hardfp_fabs                            0x08008021   Thumb Code    20  fabs.o(i.__hardfp_fabs)
    __hardfp_sin                             0x08008039   Thumb Code   180  sin.o(i.__hardfp_sin)
    __hardfp_sqrt                            0x08008101   Thumb Code   122  sqrt_full.o(i.__hardfp_sqrt)
    __ieee754_rem_pio2                       0x08008181   Thumb Code   938  rred.o(i.__ieee754_rem_pio2)
    __kernel_cos                             0x080085b9   Thumb Code   322  cos_i.o(i.__kernel_cos)
    __kernel_poly                            0x08008729   Thumb Code   248  poly.o(i.__kernel_poly)
    __kernel_sin                             0x08008821   Thumb Code   280  sin_i.o(i.__kernel_sin)
    __mathlib_dbl_infnan                     0x08008951   Thumb Code    20  dunder.o(i.__mathlib_dbl_infnan)
    __mathlib_dbl_infnan2                    0x08008965   Thumb Code    20  dunder.o(i.__mathlib_dbl_infnan2)
    __mathlib_dbl_invalid                    0x08008979   Thumb Code    24  dunder.o(i.__mathlib_dbl_invalid)
    __mathlib_dbl_underflow                  0x08008999   Thumb Code    24  dunder.o(i.__mathlib_dbl_underflow)
    __scatterload_copy                       0x080089b9   Thumb Code    14  handlers.o(i.__scatterload_copy)
    __scatterload_null                       0x080089c7   Thumb Code     2  handlers.o(i.__scatterload_null)
    __scatterload_zeroinit                   0x080089c9   Thumb Code    14  handlers.o(i.__scatterload_zeroinit)
    __set_errno                              0x080089d9   Thumb Code     6  errno.o(i.__set_errno)
    accel_data_update                        0x08008b9d   Thumb Code   124  accelerometer_calibration.o(i.accel_data_update)
    accel_mat_init                           0x08008c25   Thumb Code   332  accelerometer_calibration.o(i.accel_mat_init)
    atan                                     0x08008dc1   Thumb Code    16  atan.o(i.atan)
    caculate_mat                             0x08008dd1   Thumb Code   138  accelerometer_calibration.o(i.caculate_mat)
    cali_accel_para                          0x08008e65   Thumb Code   250  accelerometer_calibration.o(i.cali_accel_para)
    cali_fenction                            0x08008f89   Thumb Code     8  accelerometer_calibration.o(i.cali_fenction)
    delay_init                               0x0800a495   Thumb Code    58  delay.o(i.delay_init)
    delay_ms                                 0x0800a4d9   Thumb Code   136  delay.o(i.delay_ms)
    fabs                                     0x0800a565   Thumb Code    24  fabs.o(i.fabs)
    fp32_constrain                           0x0800a57d   Thumb Code    22  user_lib.o(i.fp32_constrain)
    fputc                                    0x0800a595   Thumb Code    22  usart1.o(i.fputc)
    getErrorListPoint                        0x0800a5b1   Thumb Code     4  detect_task.o(i.getErrorListPoint)
    get_Chassis_Motor_Measure_Point          0x0800a5b9   Thumb Code    18  can_receive.o(i.get_Chassis_Motor_Measure_Point)
    get_Gyro_Angle_Point                     0x0800a5d1   Thumb Code     4  imutask.o(i.get_Gyro_Angle_Point)
    get_Robot_Command_t                      0x0800a5d9   Thumb Code     4  get_judge_measure.o(i.get_Robot_Command_t)
    get_Robot_Pos_t                          0x0800a5e1   Thumb Code     4  get_judge_measure.o(i.get_Robot_Pos_t)
    get_Yaw_Gimbal_Motor_Measure_Point       0x0800a5e9   Thumb Code     4  can_receive.o(i.get_Yaw_Gimbal_Motor_Measure_Point)
    get_can_remote_control_point             0x0800a5f1   Thumb Code     4  can_receive.o(i.get_can_remote_control_point)
    get_crc16_check_sum                      0x0800a5f9   Thumb Code    46  protocol.o(i.get_crc16_check_sum)
    get_crc8_check_sum                       0x0800a62d   Thumb Code    32  protocol.o(i.get_crc8_check_sum)
    get_game_robot_state_t                   0x0800a651   Thumb Code     4  get_judge_measure.o(i.get_game_robot_state_t)
    get_game_state_t                         0x0800a659   Thumb Code     4  get_judge_measure.o(i.get_game_state_t)
    get_power_heat_data_t                    0x0800a661   Thumb Code     4  get_judge_measure.o(i.get_power_heat_data_t)
    get_relative_pos                         0x0800a669   Thumb Code    58  gimbal_task.o(i.get_relative_pos)
    get_robot_hurt_t                         0x0800a6a5   Thumb Code     4  get_judge_measure.o(i.get_robot_hurt_t)
    get_sensor_Distance_point                0x0800a6ad   Thumb Code     4  infrared.o(i.get_sensor_Distance_point)
    get_yaw_motor_point                      0x0800a6b5   Thumb Code     4  gimbal_task.o(i.get_yaw_motor_point)
    infrared_Usart_init                      0x0800a6cd   Thumb Code    16  infrared.o(i.infrared_Usart_init)
    invSqrt                                  0x0800a6e1   Thumb Code    56  filter_control.o(i.invSqrt)
    is_red_or_blue                           0x0800a71d   Thumb Code    24  judgement_info.o(i.is_red_or_blue)
    judgement_data_handler                   0x0800a73d   Thumb Code   320  judgement_info.o(i.judgement_data_handler)
    main                                     0x0800a8bd   Thumb Code    14  main.o(i.main)
    mpu_delay_ms                             0x0800aa35   Thumb Code    28  mpu_delay.o(i.mpu_delay_ms)
    my_sqrt                                  0x0800aa51   Thumb Code    88  filter_control.o(i.my_sqrt)
    osKernelSysTick                          0x0800aaad   Thumb Code    20  cmsis_os.o(i.osKernelSysTick)
    pvPortMalloc                             0x0800b5f5   Thumb Code   262  heap_4.o(i.pvPortMalloc)
    pvTaskIncrementMutexHeldCount            0x0800b751   Thumb Code    26  tasks.o(i.pvTaskIncrementMutexHeldCount)
    pxPortInitialiseStack                    0x0800b771   Thumb Code    38  port.o(i.pxPortInitialiseStack)
    remote_control_init                      0x0800b79d   Thumb Code    16  remotecontrol.o(i.remote_control_init)
    slove_data_error                         0x0800b7b1   Thumb Code    10  remotecontrol.o(i.slove_data_error)
    sqrt                                     0x0800b7bb   Thumb Code   110  sqrt_full.o(i.sqrt)
    start_task                               0x0800b829   Thumb Code    42  main.o(i.start_task)
    task_Chsssis_Create                      0x0800b859   Thumb Code    26  chassis_task.o(i.task_Chsssis_Create)
    task_Detect_Create                       0x0800b88d   Thumb Code    24  detect_task.o(i.task_Detect_Create)
    task_Gimbal_Create                       0x0800b8b9   Thumb Code    26  gimbal_task.o(i.task_Gimbal_Create)
    task_Judge_Create                        0x0800b8e9   Thumb Code    26  judge_task.o(i.task_Judge_Create)
    uxListRemove                             0x0800b919   Thumb Code    40  list.o(i.uxListRemove)
    uxTaskGetStackHighWaterMark              0x0800b941   Thumb Code    34  tasks.o(i.uxTaskGetStackHighWaterMark)
    vListInitialise                          0x0800b969   Thumb Code    26  list.o(i.vListInitialise)
    vListInitialiseItem                      0x0800b983   Thumb Code     6  list.o(i.vListInitialiseItem)
    vListInsert                              0x0800b989   Thumb Code    52  list.o(i.vListInsert)
    vListInsertEnd                           0x0800b9bd   Thumb Code    24  list.o(i.vListInsertEnd)
    vPortEnterCritical                       0x0800b9d5   Thumb Code    68  port.o(i.vPortEnterCritical)
    vPortExitCritical                        0x0800ba65   Thumb Code    48  port.o(i.vPortExitCritical)
    vPortFree                                0x0800badd   Thumb Code   120  heap_4.o(i.vPortFree)
    vPortSetupTimerInterrupt                 0x0800bb9d   Thumb Code    26  port.o(i.vPortSetupTimerInterrupt)
    vPortValidateInterruptPriority           0x0800bbbd   Thumb Code    86  port.o(i.vPortValidateInterruptPriority)
    vQueueAddToRegistry                      0x0800bc65   Thumb Code    38  queue.o(i.vQueueAddToRegistry)
    vQueueWaitForMessageRestricted           0x0800bc91   Thumb Code    74  queue.o(i.vQueueWaitForMessageRestricted)
    vTaskDelay                               0x0800bcdd   Thumb Code    72  tasks.o(i.vTaskDelay)
    vTaskDelete                              0x0800bd59   Thumb Code   192  tasks.o(i.vTaskDelete)
    vTaskMissedYield                         0x0800be6d   Thumb Code     8  tasks.o(i.vTaskMissedYield)
    vTaskPlaceOnEventList                    0x0800be79   Thumb Code    42  tasks.o(i.vTaskPlaceOnEventList)
    vTaskPlaceOnEventListRestricted          0x0800bed5   Thumb Code    50  tasks.o(i.vTaskPlaceOnEventListRestricted)
    vTaskPriorityInherit                     0x0800bf39   Thumb Code   164  tasks.o(i.vTaskPriorityInherit)
    vTaskSetTimeOutState                     0x0800bfe9   Thumb Code    32  tasks.o(i.vTaskSetTimeOutState)
    vTaskStartScheduler                      0x0800c03d   Thumb Code   108  tasks.o(i.vTaskStartScheduler)
    vTaskSuspendAll                          0x0800c0f1   Thumb Code    12  tasks.o(i.vTaskSuspendAll)
    vTaskSwitchContext                       0x0800c101   Thumb Code   110  tasks.o(i.vTaskSwitchContext)
    verify_crc16_check_sum                   0x0800c1b1   Thumb Code    60  protocol.o(i.verify_crc16_check_sum)
    verify_crc8_check_sum                    0x0800c1f1   Thumb Code    48  protocol.o(i.verify_crc8_check_sum)
    xPortStartScheduler                      0x0800c221   Thumb Code   258  port.o(i.xPortStartScheduler)
    xPortSysTickHandler                      0x0800c385   Thumb Code    46  port.o(i.xPortSysTickHandler)
    xQueueGenericCreate                      0x0800c3b9   Thumb Code    78  queue.o(i.xQueueGenericCreate)
    xQueueGenericReceive                     0x0800c435   Thumb Code   416  queue.o(i.xQueueGenericReceive)
    xQueueGenericReset                       0x0800c605   Thumb Code   136  queue.o(i.xQueueGenericReset)
    xQueueGenericSend                        0x0800c6bd   Thumb Code   412  queue.o(i.xQueueGenericSend)
    xQueueGenericSendFromISR                 0x0800c889   Thumb Code   234  queue.o(i.xQueueGenericSendFromISR)
    xTaskCheckForTimeOut                     0x0800c9a1   Thumb Code   116  tasks.o(i.xTaskCheckForTimeOut)
    xTaskCreate                              0x0800ca49   Thumb Code    96  tasks.o(i.xTaskCreate)
    xTaskGetSchedulerState                   0x0800caa9   Thumb Code    24  tasks.o(i.xTaskGetSchedulerState)
    xTaskGetTickCount                        0x0800cac9   Thumb Code     6  tasks.o(i.xTaskGetTickCount)
    xTaskGetTickCountFromISR                 0x0800cad5   Thumb Code    16  tasks.o(i.xTaskGetTickCountFromISR)
    xTaskIncrementTick                       0x0800cae9   Thumb Code   272  tasks.o(i.xTaskIncrementTick)
    xTaskPriorityDisinherit                  0x0800cc51   Thumb Code   168  tasks.o(i.xTaskPriorityDisinherit)
    xTaskRemoveFromEventList                 0x0800cd31   Thumb Code   118  tasks.o(i.xTaskRemoveFromEventList)
    xTaskResumeAll                           0x0800cded   Thumb Code   214  tasks.o(i.xTaskResumeAll)
    xTimerCreateTimerTask                    0x0800cf15   Thumb Code    56  timers.o(i.xTimerCreateTimerTask)
    xTimerGenericCommand                     0x0800cf8d   Thumb Code   118  timers.o(i.xTimerGenericCommand)
    CRC8_INIT                                0x0800d0ac   Data           1  protocol.o(.constdata)
    CRC8_TAB                                 0x0800d0ad   Data         256  protocol.o(.constdata)
    wCRC_Table                               0x0800d1ae   Data         512  protocol.o(.constdata)
    NL                                       0x0800d3b0   Data           4  filter_control.o(.constdata)
    NUM                                      0x0800d3b8   Data         152  filter_control.o(.constdata)
    DL                                       0x0800d450   Data           4  filter_control.o(.constdata)
    DEN                                      0x0800d458   Data         152  filter_control.o(.constdata)
    sinTable_f32                             0x0800d4f0   Data        2052  arm_common_tables.o(.constdata)
    __mathlib_zero                           0x0800de10   Data           8  qnan.o(.constdata)
    Region$$Table$$Base                      0x0800df08   Number         0  anon$$obj.o(Region$$Table)
    Region$$Table$$Limit                     0x0800df28   Number         0  anon$$obj.o(Region$$Table)
    StartTask_Handler                        0x20000000   Data           4  main.o(.data)
    DetectTaskStack                          0x20000004   Data           4  detect_task.o(.data)
    error_count01                            0x2000000c   Data           4  detect_task.o(.data)
    time1                                    0x20000010   Data           4  detect_task.o(.data)
    time1_count                              0x20000014   Data           4  detect_task.o(.data)
    time1_error_count01                      0x20000018   Data           4  detect_task.o(.data)
    action                                   0x2000001c   Data           4  detect_task.o(.data)
    YAW_receive_current                      0x20000030   Data           4  can_receive.o(.data)
    MPU_R_YAW                                0x20000034   Data           4  can_receive.o(.data)
    GimbalTask_Handler                       0x2000003c   Data           4  gimbal_task.o(.data)
    Yaw_Can_Set_Current                      0x20000040   Data           4  gimbal_task.o(.data)
    ChassisTask_Handler                      0x20000048   Data           4  chassis_task.o(.data)
    bisai_start                              0x2000004c   Data           1  chassis_task.o(.data)
    outpost                                  0x2000004d   Data           1  chassis_task.o(.data)
    color                                    0x20000050   Data           4  chassis_task.o(.data)
    i                                        0x20000054   Data           1  chassis_task.o(.data)
    kin                                      0x20000058   Data           4  chassis_task.o(.data)
    Rotation_rate                            0x2000005c   Data           4  chassis_task.o(.data)
    chassis_state                            0x20000060   Data           4  chassis_task.o(.data)
    autoX                                    0x20000064   Data           4  chassis_task.o(.data)
    autoY                                    0x20000068   Data           4  chassis_task.o(.data)
    autoZ                                    0x2000006c   Data           4  chassis_task.o(.data)
    bit1                                     0x20000070   Data           4  chassis_task.o(.data)
    bit2                                     0x20000074   Data           4  chassis_task.o(.data)
    bit3                                     0x20000078   Data           4  chassis_task.o(.data)
    bit4                                     0x2000007c   Data           4  chassis_task.o(.data)
    chassis_return                           0x20000080   Data           4  chassis_task.o(.data)
    chassis_s                                0x20000084   Data           4  chassis_task.o(.data)
    ain                                      0x20000088   Data           4  chassis_task.o(.data)
    Ramp_vx                                  0x2000008c   Data           4  chassis_task.o(.data)
    Ramp_vy                                  0x20000090   Data           4  chassis_task.o(.data)
    Ramp_vz                                  0x20000094   Data           4  chassis_task.o(.data)
    dodge                                    0x20000098   Data           4  chassis_task.o(.data)
    h                                        0x2000009c   Data           4  chassis_task.o(.data)
    toatl_speed_err                          0x200000a0   Data           4  chassis_task.o(.data)
    INPUTMOD                                 0x200000ae   Data           1  remotecontrol.o(.data)
    Q_Flag                                   0x200000af   Data           1  remotecontrol.o(.data)
    E_Flag                                   0x200000b0   Data           1  remotecontrol.o(.data)
    F_Flag                                   0x200000b1   Data           1  remotecontrol.o(.data)
    G_Flag                                   0x200000b2   Data           1  remotecontrol.o(.data)
    V_Flag                                   0x200000b3   Data           1  remotecontrol.o(.data)
    R_Flag                                   0x200000b4   Data           1  remotecontrol.o(.data)
    MOU_LEFT_F                               0x200000b5   Data           1  remotecontrol.o(.data)
    MOU_RIGH_F                               0x200000b6   Data           1  remotecontrol.o(.data)
    W_Flag                                   0x200000b7   Data           1  remotecontrol.o(.data)
    A_Flag                                   0x200000b8   Data           1  remotecontrol.o(.data)
    S_Flag                                   0x200000b9   Data           1  remotecontrol.o(.data)
    D_Flag                                   0x200000ba   Data           1  remotecontrol.o(.data)
    Shift_Flag                               0x200000bb   Data           1  remotecontrol.o(.data)
    Ctrl_Flag                                0x200000bc   Data           1  remotecontrol.o(.data)
    TxCOM1                                   0x200000c0   Data           4  usart1.o(.data)
    RxCOM1                                   0x200000c4   Data           4  usart1.o(.data)
    __stdout                                 0x200000c8   Data           4  usart1.o(.data)
    TxCOM6                                   0x200000cc   Data           4  usart6.o(.data)
    RxCOM6                                   0x200000d0   Data           4  usart6.o(.data)
    receive_distance                         0x200000d4   Data           4  usart6.o(.data)
    TIME_COUNT0                              0x200000dc   Data           4  timer.o(.data)
    count_vx                                 0x200000e0   Data           4  timer.o(.data)
    count_vy                                 0x200000e4   Data           4  timer.o(.data)
    chassis_vy                               0x200000e8   Data           4  timer.o(.data)
    chassis_vz                               0x200000ec   Data           4  timer.o(.data)
    chassis_vx                               0x200000f0   Data           4  timer.o(.data)
    Distances                                0x200000f4   Data           8  positioning.o(.data)
    Yaw                                      0x200000fc   Data           4  positioning.o(.data)
    InfraredTask_Handler                     0x20000100   Data           4  infrared.o(.data)
    USART3_TX_BUF                            0x20000104   Data           9  infrared.o(.data)
    a                                        0x20000110   Data           4  infrared.o(.data)
    time                                     0x20000114   Data           4  infrared.o(.data)
    sensor_Distance                          0x20000118   Data           6  infrared.o(.data)
    rx_sum                                   0x2000011e   Data           1  infrared.o(.data)
    Q                                        0x2000011f   Data           1  infrared.o(.data)
    Judge_Flag                               0x20000128   Data           8  judge_task.o(.data)
    judgeisTaskStack                         0x20000130   Data           4  judge_task.o(.data)
    GameResult                               0x20000134   Data           1  judgement_info.o(.data)
    EventData                                0x20000135   Data           4  judgement_info.o(.data)
    SupplyProjectileAction                   0x20000139   Data           4  judgement_info.o(.data)
    BuffMusk                                 0x2000013d   Data           5  judgement_info.o(.data)
    AerialRobotEnergy                        0x20000142   Data           2  judgement_info.o(.data)
    RobotHurt                                0x20000144   Data           1  judgement_info.o(.data)
    ShootData                                0x20000145   Data           7  judgement_info.o(.data)
    Bullet_Remaing                           0x2000014c   Data           6  judgement_info.o(.data)
    Judge_Self_ID                            0x20000152   Data           1  judgement_info.o(.data)
    Judge_SelfClient_ID                      0x20000154   Data           2  judgement_info.o(.data)
    cmd_id                                   0x20000156   Data           2  judgement_info.o(.data)
    Color                                    0x20000158   Data           1  judgement_info.o(.data)
    shoot_time                               0x2000015c   Data           4  judgement_info.o(.data)
    shoot_ping                               0x20000160   Data           4  judgement_info.o(.data)
    ShootNum                                 0x20000164   Data           2  judgement_info.o(.data)
    Shoot_Speed_Now                          0x20000168   Data           4  judgement_info.o(.data)
    Shoot_Speed_Last                         0x2000016c   Data           4  judgement_info.o(.data)
    Send_Color                               0x20000170   Data           1  judgement_info.o(.data)
    send_time                                0x20000172   Data           2  judgement_info.o(.data)
    CRC_INIT                                 0x20000178   Data           2  protocol.o(.data)
    Calibrateion_id                          0x2000017c   Data           4  accelerometer_calibration.o(.data)
    ahat_T_data                              0x20000180   Data          96  accelerometer_calibration.o(.data)
    ahat_data                                0x200001e0   Data          96  accelerometer_calibration.o(.data)
    ahat_T                                   0x20000240   Data           8  accelerometer_calibration.o(.data)
    ahat                                     0x20000248   Data           8  accelerometer_calibration.o(.data)
    Ahat                                     0x20000250   Data           8  accelerometer_calibration.o(.data)
    K_m                                      0x20000258   Data           8  accelerometer_calibration.o(.data)
    uMat                                     0x20000260   Data           8  accelerometer_calibration.o(.data)
    uMat_mius                                0x20000268   Data           8  accelerometer_calibration.o(.data)
    P                                        0x20000270   Data           8  accelerometer_calibration.o(.data)
    K_ca                                     0x20000278   Data           8  accelerometer_calibration.o(.data)
    K_ca_mines                               0x20000280   Data           8  accelerometer_calibration.o(.data)
    a_m                                      0x20000288   Data           8  accelerometer_calibration.o(.data)
    spi_rtx                                  0x20000290   Data          16  imutask.o(.data)
    last_yaw                                 0x200002a0   Data           4  imutask.o(.data)
    timeText                                 0x200002a4   Data           4  imutask.o(.data)
    Yaw_Temp                                 0x200002cc   Data           4  imutask.o(.data)
    K                                        0x200002d4   Data          12  imutask.o(.data)
    Accex_x                                  0x200002e0   Data           4  imutask.o(.data)
    IMUTaskStack                             0x200002e4   Data           4  imutask.o(.data)
    issu                                     0x200002ec   Data           2  imutask.o(.data)
    SystemCoreClock                          0x2000031c   Data           4  system_stm32f4xx.o(.data)
    AHBPrescTable                            0x20000320   Data          16  system_stm32f4xx.o(.data)
    pxCurrentTCB                             0x20000340   Data           4  tasks.o(.data)
    monitorList                              0x200003b8   Data         324  detect_task.o(.bss)
    motor_yaw                                0x200004fc   Data          20  can_receive.o(.bss)
    motor_chassis                            0x20000510   Data          80  can_receive.o(.bss)
    Can_Rc_ctrl                              0x20000560   Data          22  can_receive.o(.bss)
    Positioning_t                            0x20000578   Data          12  can_receive.o(.bss)
    gimbal_control                           0x200005ac   Data          20  gimbal_task.o(.bss)
    gumbal_judge                             0x200005c0   Data          28  gimbal_task.o(.bss)
    chassis_move                             0x200005dc   Data         784  chassis_task.o(.bss)
    wheel_rpm                                0x200008ec   Data          16  chassis_task.o(.bss)
    out_speed_err                            0x200008fc   Data          16  chassis_task.o(.bss)
    finaal_out                               0x2000090c   Data          16  chassis_task.o(.bss)
    rc_ctrl                                  0x2000091c   Data          22  remotecontrol.o(.bss)
    fff                                      0x2000097a   Data          10  usart6.o(.bss)
    Judge_Buffer                             0x200009c0   Data         100  judge_task.o(.bss)
    GameState                                0x20000a24   Data          11  judgement_info.o(.bss)
    GameRobotSurvivors                       0x20000a2f   Data          32  judgement_info.o(.bss)
    GameRobotStat                            0x20000a4f   Data          27  judgement_info.o(.bss)
    PowerHeatData                            0x20000a6a   Data          16  judgement_info.o(.bss)
    GameRobotPos                             0x20000a7a   Data          16  judgement_info.o(.bss)
    robot_command                            0x20000a8a   Data          15  judgement_info.o(.bss)
    Communication_data                       0x20000a99   Data         112  judgement_info.o(.bss)
    Student_Interactive                      0x20000b09   Data         119  judgement_info.o(.bss)
    ShowData                                 0x20000b80   Data         143  judgement_info.o(.bss)
    CommuData                                0x20000c0f   Data         242  judgement_info.o(.bss)
    CliendTxBuffer                           0x20000d01   Data         200  judgement_info.o(.bss)
    TeammateTxBuffer                         0x20000dc9   Data         200  judgement_info.o(.bss)
    Ahat_data                                0x20000e94   Data          72  accelerometer_calibration.o(.bss)
    K_m_data                                 0x20000edc   Data          48  accelerometer_calibration.o(.bss)
    uMat_data                                0x20000f0c   Data          64  accelerometer_calibration.o(.bss)
    uMat_mius_data                           0x20000f4c   Data          64  accelerometer_calibration.o(.bss)
    P_data                                   0x20000f8c   Data          96  accelerometer_calibration.o(.bss)
    K_ca_data                                0x20000fec   Data          36  accelerometer_calibration.o(.bss)
    a_data                                   0x20001010   Data          12  accelerometer_calibration.o(.bss)
    K_ca_mines_data                          0x2000101c   Data          36  accelerometer_calibration.o(.bss)
    Acce_BufferData                          0x20001040   Data          72  filter_control.o(.bss)
    Acce_Fiter_t                             0x20001088   Data        1776  filter_control.o(.bss)
    Gyro_Fiter_t                             0x20001778   Data        1776  filter_control.o(.bss)
    Gyro_BufferData                          0x20001e68   Data          72  filter_control.o(.bss)
    MPU9250_Real_Data                        0x20001eb0   Data          40  imutask.o(.bss)
    MPU6500_Offest_data                      0x20001f00   Data          40  imutask.o(.bss)
    mpu6500_real_data                        0x20001f28   Data          16  imutask.o(.bss)
    Angular_Handler                          0x20001f38   Data          28  imutask.o(.bss)
    B                                        0x20001f54   Data          12  imutask.o(.bss)
    xQueueRegistry                           0x20001fec   Data          64  queue.o(.bss)
    __initial_sp                             0x20007738   Data           0  startup_stm32f40_41xxx.o(STACK)



==============================================================================

Memory Map of the image

  Image Entry point : 0x08000189

  Load Region LR_IROM1 (Base: 0x08000000, Size: 0x0000e2e0, Max: 0x00100000, ABSOLUTE, COMPRESSED[0x0000df90])

    Execution Region ER_IROM1 (Exec base: 0x08000000, Load base: 0x08000000, Size: 0x0000df28, Max: 0x00100000, ABSOLUTE)

    Exec Addr    Load Addr    Size         Type   Attr      Idx    E Section Name        Object

    0x08000000   0x08000000   0x00000188   Data   RO         2081    RESET               startup_stm32f40_41xxx.o
    0x08000188   0x08000188   0x00000000   Code   RO         8619  * .ARM.Collect$$$$00000000  mc_w.l(entry.o)
    0x08000188   0x08000188   0x00000004   Code   RO         8962    .ARM.Collect$$$$00000001  mc_w.l(entry2.o)
    0x0800018c   0x0800018c   0x00000004   Code   RO         8965    .ARM.Collect$$$$00000004  mc_w.l(entry5.o)
    0x08000190   0x08000190   0x00000000   Code   RO         8967    .ARM.Collect$$$$00000008  mc_w.l(entry7b.o)
    0x08000190   0x08000190   0x00000000   Code   RO         8969    .ARM.Collect$$$$0000000A  mc_w.l(entry8b.o)
    0x08000190   0x08000190   0x00000008   Code   RO         8970    .ARM.Collect$$$$0000000B  mc_w.l(entry9a.o)
    0x08000198   0x08000198   0x00000000   Code   RO         8972    .ARM.Collect$$$$0000000D  mc_w.l(entry10a.o)
    0x08000198   0x08000198   0x00000000   Code   RO         8974    .ARM.Collect$$$$0000000F  mc_w.l(entry11a.o)
    0x08000198   0x08000198   0x00000004   Code   RO         8963    .ARM.Collect$$$$00002712  mc_w.l(entry2.o)
    0x0800019c   0x0800019c   0x000000b6   Code   RO         8180    .emb_text           port.o
    0x08000252   0x08000252   0x00000002   PAD
    0x08000254   0x08000254   0x00000024   Code   RO         2082    .text               startup_stm32f40_41xxx.o
    0x08000278   0x08000278   0x00000078   Code   RO         8323    .text               arm_cortexM4lf_math.lib(arm_cos_f32.o)
    0x080002f0   0x080002f0   0x00000074   Code   RO         8376    .text               arm_cortexM4lf_math.lib(arm_sin_f32.o)
    0x08000364   0x08000364   0x00000008   Code   RO         8400    .text               arm_cortexM4lf_math.lib(arm_mat_init_f32.o)
    0x0800036c   0x0800036c   0x00000530   Code   RO         8424    .text               arm_cortexM4lf_math.lib(arm_mat_inverse_f32.o)
    0x0800089c   0x0800089c   0x0000013c   Code   RO         8448    .text               arm_cortexM4lf_math.lib(arm_mat_mult_f32.o)
    0x080009d8   0x080009d8   0x00000024   Code   RO         8622    .text               mc_w.l(memcpya.o)
    0x080009fc   0x080009fc   0x00000024   Code   RO         8624    .text               mc_w.l(memseta.o)
    0x08000a20   0x08000a20   0x0000014e   Code   RO         8893    .text               mf_w.l(dadd.o)
    0x08000b6e   0x08000b6e   0x000000e4   Code   RO         8895    .text               mf_w.l(dmul.o)
    0x08000c52   0x08000c52   0x000000de   Code   RO         8897    .text               mf_w.l(ddiv.o)
    0x08000d30   0x08000d30   0x00000022   Code   RO         8901    .text               mf_w.l(dflti.o)
    0x08000d52   0x08000d52   0x0000001a   Code   RO         8903    .text               mf_w.l(dfltui.o)
    0x08000d6c   0x08000d6c   0x0000003e   Code   RO         8905    .text               mf_w.l(dfixi.o)
    0x08000daa   0x08000daa   0x00000026   Code   RO         8907    .text               mf_w.l(f2d.o)
    0x08000dd0   0x08000dd0   0x00000030   Code   RO         8909    .text               mf_w.l(cdcmple.o)
    0x08000e00   0x08000e00   0x00000030   Code   RO         8911    .text               mf_w.l(cdrcmple.o)
    0x08000e30   0x08000e30   0x00000038   Code   RO         8913    .text               mf_w.l(d2f.o)
    0x08000e68   0x08000e68   0x0000002c   Code   RO         8976    .text               mc_w.l(uidiv.o)
    0x08000e94   0x08000e94   0x0000001e   Code   RO         8980    .text               mc_w.l(llshl.o)
    0x08000eb2   0x08000eb2   0x00000020   Code   RO         8982    .text               mc_w.l(llushr.o)
    0x08000ed2   0x08000ed2   0x00000024   Code   RO         8984    .text               mc_w.l(llsshr.o)
    0x08000ef6   0x08000ef6   0x00000000   Code   RO         8993    .text               mc_w.l(iusefp.o)
    0x08000ef6   0x08000ef6   0x0000006e   Code   RO         8994    .text               mf_w.l(fepilogue.o)
    0x08000f64   0x08000f64   0x000000ba   Code   RO         8996    .text               mf_w.l(depilogue.o)
    0x0800101e   0x0800101e   0x000000a2   Code   RO         8998    .text               mf_w.l(dsqrt.o)
    0x080010c0   0x080010c0   0x00000024   Code   RO         9002    .text               mc_w.l(init.o)
    0x080010e4   0x080010e4   0x00000056   Code   RO         9012    .text               mc_w.l(__dczerorl2.o)
    0x0800113a   0x0800113a   0x00000002   PAD
    0x0800113c   0x0800113c   0x000002ec   Code   RO         1807    i.ACCEL_Calibration  imutask.o
    0x08001428   0x08001428   0x000000b8   Code   RO         1808    i.ACCEL_Filter      imutask.o
    0x080014e0   0x080014e0   0x00000ddc   Code   RO         1809    i.AHRSUpdate_GraDes_Delay_Corretion  imutask.o
    0x080022bc   0x080022bc   0x00000014   Code   RO         1707    i.Acce_Correct_Filter  filter_control.o
    0x080022d0   0x080022d0   0x00000110   Code   RO         1810    i.Accel_calibration_get  imutask.o
    0x080023e0   0x080023e0   0x000003d8   Code   RO         1708    i.Atti2Mat_d        filter_control.o
    0x080027b8   0x080027b8   0x00000004   Code   RO         2088    i.BusFault_Handler  stm32f4xx_it.o
    0x080027bc   0x080027bc   0x00000028   Code   RO          344    i.CAN1_RX0_IRQHandler  can_receive.o
    0x080027e4   0x080027e4   0x000001d4   Code   RO          345    i.CAN1_hook         can_receive.o
    0x080029b8   0x080029b8   0x00000124   Code   RO          835    i.CAN1_mode_init    can.o
    0x08002adc   0x08002adc   0x00000028   Code   RO          346    i.CAN2_RX1_IRQHandler  can_receive.o
    0x08002b04   0x08002b04   0x00000114   Code   RO          347    i.CAN2_hook         can_receive.o
    0x08002c18   0x08002c18   0x00000128   Code   RO          836    i.CAN2_mode_init    can.o
    0x08002d40   0x08002d40   0x00000064   Code   RO          348    i.CAN_CMD_CHASSIS   can_receive.o
    0x08002da4   0x08002da4   0x00000108   Code   RO         2470    i.CAN_FilterInit    stm32f4xx_can.o
    0x08002eac   0x08002eac   0x00000120   Code   RO         2472    i.CAN_GetITStatus   stm32f4xx_can.o
    0x08002fcc   0x08002fcc   0x00000012   Code   RO         2476    i.CAN_ITConfig      stm32f4xx_can.o
    0x08002fde   0x08002fde   0x00000114   Code   RO         2477    i.CAN_Init          stm32f4xx_can.o
    0x080030f2   0x080030f2   0x00000002   PAD
    0x080030f4   0x080030f4   0x0000006c   Code   RO          350    i.CAN_JUDGE_1       can_receive.o
    0x08003160   0x08003160   0x000000f0   Code   RO         2480    i.CAN_Receive       stm32f4xx_can.o
    0x08003250   0x08003250   0x00000030   Code   RO          351    i.CAN_Send_Positioning  can_receive.o
    0x08003280   0x08003280   0x00000126   Code   RO         2485    i.CAN_Transmit      stm32f4xx_can.o
    0x080033a6   0x080033a6   0x00000002   PAD
    0x080033a8   0x080033a8   0x00000284   Code   RO          500    i.Chassis_Power_Limit  chassis_task.o
    0x0800362c   0x0800362c   0x000000e0   Code   RO          501    i.Chassis_task      chassis_task.o
    0x0800370c   0x0800370c   0x00000140   Code   RO         1709    i.Chebyshev50HzLPF  filter_control.o
    0x0800384c   0x0800384c   0x00000012   Code   RO         2488    i.CheckITStatus     stm32f4xx_can.o
    0x0800385e   0x0800385e   0x00000002   PAD
    0x08003860   0x08003860   0x00000034   Code   RO         3199    i.DMA_ClearFlag     stm32f4xx_dma.o
    0x08003894   0x08003894   0x00000034   Code   RO         3200    i.DMA_ClearITPendingBit  stm32f4xx_dma.o
    0x080038c8   0x080038c8   0x00000016   Code   RO         3201    i.DMA_Cmd           stm32f4xx_dma.o
    0x080038de   0x080038de   0x00000002   PAD
    0x080038e0   0x080038e0   0x00000158   Code   RO         3202    i.DMA_DeInit        stm32f4xx_dma.o
    0x08003a38   0x08003a38   0x00000016   Code   RO         3203    i.DMA_DoubleBufferModeCmd  stm32f4xx_dma.o
    0x08003a4e   0x08003a4e   0x00000018   Code   RO         3204    i.DMA_DoubleBufferModeConfig  stm32f4xx_dma.o
    0x08003a66   0x08003a66   0x00000008   Code   RO         3207    i.DMA_GetCurrDataCounter  stm32f4xx_dma.o
    0x08003a6e   0x08003a6e   0x00000014   Code   RO         3208    i.DMA_GetCurrentMemoryTarget  stm32f4xx_dma.o
    0x08003a82   0x08003a82   0x00000002   PAD
    0x08003a84   0x08003a84   0x00000058   Code   RO         3213    i.DMA_Init          stm32f4xx_dma.o
    0x08003adc   0x08003adc   0x00000004   Code   RO         3216    i.DMA_SetCurrDataCounter  stm32f4xx_dma.o
    0x08003ae0   0x08003ae0   0x00000022   Code   RO         3217    i.DMA_StructInit    stm32f4xx_dma.o
    0x08003b02   0x08003b02   0x00000002   Code   RO         2089    i.DebugMon_Handler  stm32f4xx_it.o
    0x08003b04   0x08003b04   0x0000016c   Code   RO          279    i.DetectDisplay     detect_task.o
    0x08003c70   0x08003c70   0x00000124   Code   RO          280    i.DetectHook        detect_task.o
    0x08003d94   0x08003d94   0x00000174   Code   RO          281    i.DetectInit        detect_task.o
    0x08003f08   0x08003f08   0x0000025c   Code   RO          282    i.Detect_task       detect_task.o
    0x08004164   0x08004164   0x00000100   Code   RO         1085    i.Distance_State    positioning.o
    0x08004264   0x08004264   0x0000000c   Code   RO         3537    i.FLASH_ClearFlag   stm32f4xx_flash.o
    0x08004270   0x08004270   0x00000088   Code   RO         3543    i.FLASH_EraseSector  stm32f4xx_flash.o
    0x080042f8   0x080042f8   0x00000054   Code   RO         3545    i.FLASH_GetStatus   stm32f4xx_flash.o
    0x0800434c   0x0800434c   0x00000014   Code   RO         3549    i.FLASH_Lock        stm32f4xx_flash.o
    0x08004360   0x08004360   0x0000004c   Code   RO         3570    i.FLASH_ProgramByte  stm32f4xx_flash.o
    0x080043ac   0x080043ac   0x00000024   Code   RO         3575    i.FLASH_Unlock      stm32f4xx_flash.o
    0x080043d0   0x080043d0   0x00000022   Code   RO         3576    i.FLASH_WaitForLastOperation  stm32f4xx_flash.o
    0x080043f2   0x080043f2   0x0000001a   Code   RO         1519    i.FlashAllEraseBoot  bsp_flash.o
    0x0800440c   0x0800440c   0x0000001c   Code   RO         1522    i.FlashReadK        bsp_flash.o
    0x08004428   0x08004428   0x00000034   Code   RO         1523    i.FlashWriteK       bsp_flash.o
    0x0800445c   0x0800445c   0x00000038   Code   RO          433    i.GIMBAL_Feedback_Update  gimbal_task.o
    0x08004494   0x08004494   0x00000090   Code   RO         3838    i.GPIO_Init         stm32f4xx_gpio.o
    0x08004524   0x08004524   0x00000046   Code   RO         3839    i.GPIO_PinAFConfig  stm32f4xx_gpio.o
    0x0800456a   0x0800456a   0x00000004   Code   RO         3845    i.GPIO_ResetBits    stm32f4xx_gpio.o
    0x0800456e   0x0800456e   0x00000004   Code   RO         3846    i.GPIO_SetBits      stm32f4xx_gpio.o
    0x08004572   0x08004572   0x00000002   PAD
    0x08004574   0x08004574   0x000000a0   Code   RO         1813    i.GYRO_Filter       imutask.o
    0x08004614   0x08004614   0x00000068   Code   RO         1994    i.Get_Sys_Ticks     mpu_time_init.o
    0x0800467c   0x0800467c   0x00000018   Code   RO          434    i.Gimbal_Init       gimbal_task.o
    0x08004694   0x08004694   0x00000048   Code   RO          435    i.Gimbal_Juege_Info  gimbal_task.o
    0x080046dc   0x080046dc   0x00000060   Code   RO          436    i.Gimbal_task       gimbal_task.o
    0x0800473c   0x0800473c   0x00000078   Code   RO         1711    i.Gyro_Correct_Filter  filter_control.o
    0x080047b4   0x080047b4   0x00000004   Code   RO         2090    i.HardFault_Handler  stm32f4xx_it.o
    0x080047b8   0x080047b8   0x0000009c   Code   RO         1814    i.IMU_Calibration   imutask.o
    0x08004854   0x08004854   0x0000001a   Code   RO         1815    i.IMU_Init          imutask.o
    0x0800486e   0x0800486e   0x00000002   PAD
    0x08004870   0x08004870   0x0000008c   Code   RO         1818    i.IMU_task          imutask.o
    0x080048fc   0x080048fc   0x00000030   Code   RO         1819    i.IMU_task_Create   imutask.o
    0x0800492c   0x0800492c   0x00000074   Code   RO            3    i.Init              main.o
    0x080049a0   0x080049a0   0x00000018   Code   RO         1215    i.JUDGE_SHOOT_SPEED  judgement_info.o
    0x080049b8   0x080049b8   0x0000000c   Code   RO         1216    i.JUDGE_ShootAllow_17mm  judgement_info.o
    0x080049c4   0x080049c4   0x0000000c   Code   RO         1219    i.JUDGE_id1_usGetRemoteHeat17  judgement_info.o
    0x080049d0   0x080049d0   0x0000000c   Code   RO         1220    i.JUDGE_id2_usGetRemoteHeat17  judgement_info.o
    0x080049dc   0x080049dc   0x0000000c   Code   RO         1222    i.JUDGE_usGetState  judgement_info.o
    0x080049e8   0x080049e8   0x00000020   Code   RO         1163    i.Judge_DataVerify  judge_task.o
    0x08004a08   0x08004a08   0x00000144   Code   RO         1164    i.Judge_task        judge_task.o
    0x08004b4c   0x08004b4c   0x000000c4   Code   RO          585    i.LED_Init          led.o
    0x08004c10   0x08004c10   0x00000136   Code   RO         1572    i.MPU6500_1_init    bsp_mpu9250_init.o
    0x08004d46   0x08004d46   0x00000136   Code   RO         1573    i.MPU6500_2_init    bsp_mpu9250_init.o
    0x08004e7c   0x08004e7c   0x0000001a   Code   RO         1574    i.MPU6500_Init      bsp_mpu9250_init.o
    0x08004e96   0x08004e96   0x000000b2   Code   RO         1575    i.MPU9250_Get_Accelerometer  bsp_mpu9250_init.o
    0x08004f48   0x08004f48   0x000000dc   Code   RO         1576    i.MPU9250_Get_Gyroscope  bsp_mpu9250_init.o
    0x08005024   0x08005024   0x00000070   Code   RO         1578    i.MPU9250_Get_Temperature  bsp_mpu9250_init.o
    0x08005094   0x08005094   0x00000058   Code   RO         1580    i.MPU9250_Read_Byte  bsp_mpu9250_init.o
    0x080050ec   0x080050ec   0x0000007c   Code   RO         1581    i.MPU9250_Read_Len  bsp_mpu9250_init.o
    0x08005168   0x08005168   0x00000054   Code   RO         1584    i.MPU9250_Write_Byte  bsp_mpu9250_init.o
    0x080051bc   0x080051bc   0x00000098   Code   RO         1589    i.MPU_SPI_Configuration  bsp_mpu9250_init.o
    0x08005254   0x08005254   0x00000e34   Code   RO         1713    i.Mat2Quat          filter_control.o
    0x08006088   0x08006088   0x00000062   Code   RO         1714    i.Mat_Trans_d       filter_control.o
    0x080060ea   0x080060ea   0x00000004   Code   RO         2091    i.MemManage_Handler  stm32f4xx_it.o
    0x080060ee   0x080060ee   0x00000002   Code   RO         2092    i.NMI_Handler       stm32f4xx_it.o
    0x080060f0   0x080060f0   0x00000078   Code   RO         2178    i.NVIC_Init         misc.o
    0x08006168   0x08006168   0x00000014   Code   RO         2179    i.NVIC_PriorityGroupConfig  misc.o
    0x0800617c   0x0800617c   0x0000011e   Code   RO          911    i.PID_Calc          pid.o
    0x0800629a   0x0800629a   0x00000036   Code   RO          912    i.PID_Init          pid.o
    0x080062d0   0x080062d0   0x00000016   Code   RO          743    i.PcDataCheck       usart6.o
    0x080062e6   0x080062e6   0x00000002   PAD
    0x080062e8   0x080062e8   0x00000020   Code   RO         4724    i.RCC_AHB1PeriphClockCmd  stm32f4xx_rcc.o
    0x08006308   0x08006308   0x00000020   Code   RO         4733    i.RCC_APB1PeriphClockCmd  stm32f4xx_rcc.o
    0x08006328   0x08006328   0x00000020   Code   RO         4735    i.RCC_APB1PeriphResetCmd  stm32f4xx_rcc.o
    0x08006348   0x08006348   0x00000020   Code   RO         4736    i.RCC_APB2PeriphClockCmd  stm32f4xx_rcc.o
    0x08006368   0x08006368   0x00000020   Code   RO         4738    i.RCC_APB2PeriphResetCmd  stm32f4xx_rcc.o
    0x08006388   0x08006388   0x000000e8   Code   RO         4745    i.RCC_GetClocksFreq  stm32f4xx_rcc.o
    0x08006470   0x08006470   0x00000150   Code   RO          803    i.RC_Init           rc.o
    0x080065c0   0x080065c0   0x0000006c   Code   RO          605    i.RC_MODE_CONTROL   remotecontrol.o
    0x0800662c   0x0800662c   0x00000010   Code   RO          606    i.RC_abs            remotecontrol.o
    0x0800663c   0x0800663c   0x00000098   Code   RO          608    i.RC_data_is_error  remotecontrol.o
    0x080066d4   0x080066d4   0x00000058   Code   RO          804    i.RC_restart        rc.o
    0x0800672c   0x0800672c   0x00000030   Code   RO         1223    i.Remain_outpost_HP  judgement_info.o
    0x0800675c   0x0800675c   0x000000da   Code   RO          609    i.SBUS_TO_RC        remotecontrol.o
    0x08006836   0x08006836   0x00000002   PAD
    0x08006838   0x08006838   0x000000c4   Code   RO         1955    i.SPI1_Init         mpu_spi_init.o
    0x080068fc   0x080068fc   0x00000038   Code   RO         1956    i.SPI1_ReadWriteByte  mpu_spi_init.o
    0x08006934   0x08006934   0x00000018   Code   RO         5858    i.SPI_Cmd           stm32f4xx_spi.o
    0x0800694c   0x0800694c   0x00000012   Code   RO         5866    i.SPI_I2S_GetFlagStatus  stm32f4xx_spi.o
    0x0800695e   0x0800695e   0x00000006   Code   RO         5869    i.SPI_I2S_ReceiveData  stm32f4xx_spi.o
    0x08006964   0x08006964   0x00000004   Code   RO         5870    i.SPI_I2S_SendData  stm32f4xx_spi.o
    0x08006968   0x08006968   0x0000003c   Code   RO         5871    i.SPI_Init          stm32f4xx_spi.o
    0x080069a4   0x080069a4   0x000000ec   Code   RO         2141    i.SetSysClock       system_stm32f4xx.o
    0x08006a90   0x08006a90   0x00000028   Code   RO         2182    i.SysTick_CLKSourceConfig  misc.o
    0x08006ab8   0x08006ab8   0x00000010   Code   RO         2041    i.SysTick_Handler   delay.o
    0x08006ac8   0x08006ac8   0x00000068   Code   RO         2143    i.SystemInit        system_stm32f4xx.o
    0x08006b30   0x08006b30   0x00000064   Code   RO          864    i.TIM3_IRQHandler   timer.o
    0x08006b94   0x08006b94   0x0000005c   Code   RO          865    i.TIM3_Int_Init     timer.o
    0x08006bf0   0x08006bf0   0x00000018   Code   RO          866    i.TIM4_IRQHandler   timer.o
    0x08006c08   0x08006c08   0x00000006   Code   RO         6083    i.TIM_ClearITPendingBit  stm32f4xx_tim.o
    0x08006c0e   0x08006c0e   0x00000018   Code   RO         6088    i.TIM_Cmd           stm32f4xx_tim.o
    0x08006c26   0x08006c26   0x00000022   Code   RO         6109    i.TIM_GetITStatus   stm32f4xx_tim.o
    0x08006c48   0x08006c48   0x00000012   Code   RO         6113    i.TIM_ITConfig      stm32f4xx_tim.o
    0x08006c5a   0x08006c5a   0x00000002   PAD
    0x08006c5c   0x08006c5c   0x00000084   Code   RO         6160    i.TIM_TimeBaseInit  stm32f4xx_tim.o
    0x08006ce0   0x08006ce0   0x00000030   Code   RO            4    i.TaskStart         main.o
    0x08006d10   0x08006d10   0x00000064   Code   RO          683    i.USART1_IRQHandler  usart1.o
    0x08006d74   0x08006d74   0x00000104   Code   RO          610    i.USART2_IRQHandler  remotecontrol.o
    0x08006e78   0x08006e78   0x000001c8   Code   RO         1109    i.USART3_IRQHandler  infrared.o
    0x08007040   0x08007040   0x00000128   Code   RO          744    i.USART6_IRQHandler  usart6.o
    0x08007168   0x08007168   0x00000012   Code   RO         6634    i.USART_ClearFlag   stm32f4xx_usart.o
    0x0800717a   0x0800717a   0x0000001e   Code   RO         6635    i.USART_ClearITPendingBit  stm32f4xx_usart.o
    0x08007198   0x08007198   0x00000020   Code   RO         6636    i.USART_ClockInit   stm32f4xx_usart.o
    0x080071b8   0x080071b8   0x00000018   Code   RO         6638    i.USART_Cmd         stm32f4xx_usart.o
    0x080071d0   0x080071d0   0x00000012   Code   RO         6639    i.USART_DMACmd      stm32f4xx_usart.o
    0x080071e2   0x080071e2   0x00000002   PAD
    0x080071e4   0x080071e4   0x000000f0   Code   RO         6640    i.USART_DeInit      stm32f4xx_usart.o
    0x080072d4   0x080072d4   0x00000054   Code   RO         6642    i.USART_GetITStatus  stm32f4xx_usart.o
    0x08007328   0x08007328   0x0000004a   Code   RO         6644    i.USART_ITConfig    stm32f4xx_usart.o
    0x08007372   0x08007372   0x00000002   PAD
    0x08007374   0x08007374   0x000000d4   Code   RO         6645    i.USART_Init        stm32f4xx_usart.o
    0x08007448   0x08007448   0x0000000a   Code   RO         6652    i.USART_ReceiveData  stm32f4xx_usart.o
    0x08007452   0x08007452   0x00000018   Code   RO         6661    i.USART_StructInit  stm32f4xx_usart.o
    0x0800746a   0x0800746a   0x00000004   Code   RO         2093    i.UsageFault_Handler  stm32f4xx_it.o
    0x0800746e   0x0800746e   0x00000002   PAD
    0x08007470   0x08007470   0x000000ec   Code   RO          684    i.Usart1_Init       usart1.o
    0x0800755c   0x0800755c   0x00000184   Code   RO          783    i.Usart3_Init       usart3.o
    0x080076e0   0x080076e0   0x00000020   Code   RO         8721    i.__0printf$3       mc_w.l(printf3.o)
    0x08007700   0x08007700   0x00000030   Code   RO         8946    i.__ARM_fpclassify  m_wm.l(fpclassify.o)
    0x08007730   0x08007730   0x00000360   Code   RO         8551    i.__hardfp_asin     m_wm.l(asin.o)
    0x08007a90   0x08007a90   0x000002d8   Code   RO         8915    i.__hardfp_atan     m_wm.l(atan.o)
    0x08007d68   0x08007d68   0x000001f0   Code   RO         8565    i.__hardfp_atan2    m_wm.l(atan2.o)
    0x08007f58   0x08007f58   0x000000c8   Code   RO         8577    i.__hardfp_cos      m_wm.l(cos.o)
    0x08008020   0x08008020   0x00000014   Code   RO         8589    i.__hardfp_fabs     m_wm.l(fabs.o)
    0x08008034   0x08008034   0x00000004   PAD
    0x08008038   0x08008038   0x000000c8   Code   RO         8595    i.__hardfp_sin      m_wm.l(sin.o)
    0x08008100   0x08008100   0x0000007a   Code   RO         8607    i.__hardfp_sqrt     m_wm.l(sqrt_full.o)
    0x0800817a   0x0800817a   0x00000006   PAD
    0x08008180   0x08008180   0x00000438   Code   RO         8951    i.__ieee754_rem_pio2  m_wm.l(rred.o)
    0x080085b8   0x080085b8   0x00000170   Code   RO         8929    i.__kernel_cos      m_wm.l(cos_i.o)
    0x08008728   0x08008728   0x000000f8   Code   RO         8948    i.__kernel_poly     m_wm.l(poly.o)
    0x08008820   0x08008820   0x00000130   Code   RO         8956    i.__kernel_sin      m_wm.l(sin_i.o)
    0x08008950   0x08008950   0x00000014   Code   RO         8933    i.__mathlib_dbl_infnan  m_wm.l(dunder.o)
    0x08008964   0x08008964   0x00000014   Code   RO         8934    i.__mathlib_dbl_infnan2  m_wm.l(dunder.o)
    0x08008978   0x08008978   0x00000020   Code   RO         8935    i.__mathlib_dbl_invalid  m_wm.l(dunder.o)
    0x08008998   0x08008998   0x00000020   Code   RO         8938    i.__mathlib_dbl_underflow  m_wm.l(dunder.o)
    0x080089b8   0x080089b8   0x0000000e   Code   RO         9006    i.__scatterload_copy  mc_w.l(handlers.o)
    0x080089c6   0x080089c6   0x00000002   Code   RO         9007    i.__scatterload_null  mc_w.l(handlers.o)
    0x080089c8   0x080089c8   0x0000000e   Code   RO         9008    i.__scatterload_zeroinit  mc_w.l(handlers.o)
    0x080089d6   0x080089d6   0x00000002   PAD
    0x080089d8   0x080089d8   0x0000000c   Code   RO         8988    i.__set_errno       mc_w.l(errno.o)
    0x080089e4   0x080089e4   0x000001b8   Code   RO         8728    i._printf_core      mc_w.l(printf3.o)
    0x08008b9c   0x08008b9c   0x00000088   Code   RO         1467    i.accel_data_update  accelerometer_calibration.o
    0x08008c24   0x08008c24   0x0000019c   Code   RO         1468    i.accel_mat_init    accelerometer_calibration.o
    0x08008dc0   0x08008dc0   0x00000010   Code   RO         8917    i.atan              m_wm.l(atan.o)
    0x08008dd0   0x08008dd0   0x00000094   Code   RO         1469    i.caculate_mat      accelerometer_calibration.o
    0x08008e64   0x08008e64   0x00000124   Code   RO         1470    i.cali_accel_para   accelerometer_calibration.o
    0x08008f88   0x08008f88   0x00000008   Code   RO         1471    i.cali_fenction     accelerometer_calibration.o
    0x08008f90   0x08008f90   0x00001224   Code   RO          502    i.chassis_Behaviour_update  chassis_task.o
    0x0800a1b4   0x0800a1b4   0x000000ce   Code   RO          503    i.chassis_behaviour_mode_set  chassis_task.o
    0x0800a282   0x0800a282   0x00000002   PAD
    0x0800a284   0x0800a284   0x000000bc   Code   RO          504    i.chassis_feedback_update  chassis_task.o
    0x0800a340   0x0800a340   0x00000154   Code   RO          505    i.chassis_init      chassis_task.o
    0x0800a494   0x0800a494   0x00000044   Code   RO         2042    i.delay_init        delay.o
    0x0800a4d8   0x0800a4d8   0x0000008c   Code   RO         2043    i.delay_ms          delay.o
    0x0800a564   0x0800a564   0x00000018   Code   RO         8591    i.fabs              m_wm.l(fabs.o)
    0x0800a57c   0x0800a57c   0x00000016   Code   RO          943    i.fp32_constrain    user_lib.o
    0x0800a592   0x0800a592   0x00000002   PAD
    0x0800a594   0x0800a594   0x0000001c   Code   RO          686    i.fputc             usart1.o
    0x0800a5b0   0x0800a5b0   0x00000008   Code   RO          283    i.getErrorListPoint  detect_task.o
    0x0800a5b8   0x0800a5b8   0x00000018   Code   RO          352    i.get_Chassis_Motor_Measure_Point  can_receive.o
    0x0800a5d0   0x0800a5d0   0x00000008   Code   RO         1822    i.get_Gyro_Angle_Point  imutask.o
    0x0800a5d8   0x0800a5d8   0x00000008   Code   RO         1368    i.get_Robot_Command_t  get_judge_measure.o
    0x0800a5e0   0x0800a5e0   0x00000008   Code   RO         1369    i.get_Robot_Pos_t   get_judge_measure.o
    0x0800a5e8   0x0800a5e8   0x00000008   Code   RO          353    i.get_Yaw_Gimbal_Motor_Measure_Point  can_receive.o
    0x0800a5f0   0x0800a5f0   0x00000008   Code   RO          354    i.get_can_remote_control_point  can_receive.o
    0x0800a5f8   0x0800a5f8   0x00000034   Code   RO         1316    i.get_crc16_check_sum  protocol.o
    0x0800a62c   0x0800a62c   0x00000024   Code   RO         1317    i.get_crc8_check_sum  protocol.o
    0x0800a650   0x0800a650   0x00000008   Code   RO         1373    i.get_game_robot_state_t  get_judge_measure.o
    0x0800a658   0x0800a658   0x00000008   Code   RO         1375    i.get_game_state_t  get_judge_measure.o
    0x0800a660   0x0800a660   0x00000008   Code   RO         1376    i.get_power_heat_data_t  get_judge_measure.o
    0x0800a668   0x0800a668   0x0000003a   Code   RO          437    i.get_relative_pos  gimbal_task.o
    0x0800a6a2   0x0800a6a2   0x00000002   PAD
    0x0800a6a4   0x0800a6a4   0x00000008   Code   RO         1379    i.get_robot_hurt_t  get_judge_measure.o
    0x0800a6ac   0x0800a6ac   0x00000008   Code   RO         1110    i.get_sensor_Distance_point  infrared.o
    0x0800a6b4   0x0800a6b4   0x00000008   Code   RO          438    i.get_yaw_motor_point  gimbal_task.o
    0x0800a6bc   0x0800a6bc   0x00000010   Code   RO         7815    i.inHandlerMode     cmsis_os.o
    0x0800a6cc   0x0800a6cc   0x00000014   Code   RO         1111    i.infrared_Usart_init  infrared.o
    0x0800a6e0   0x0800a6e0   0x0000003c   Code   RO         1716    i.invSqrt           filter_control.o
    0x0800a71c   0x0800a71c   0x00000020   Code   RO         1226    i.is_red_or_blue    judgement_info.o
    0x0800a73c   0x0800a73c   0x00000180   Code   RO         1227    i.judgement_data_handler  judgement_info.o
    0x0800a8bc   0x0800a8bc   0x0000000e   Code   RO            5    i.main              main.o
    0x0800a8ca   0x0800a8ca   0x00000002   PAD
    0x0800a8cc   0x0800a8cc   0x00000168   Code   RO          506    i.mecanum_calc      chassis_task.o
    0x0800aa34   0x0800aa34   0x0000001c   Code   RO         1935    i.mpu_delay_ms      mpu_delay.o
    0x0800aa50   0x0800aa50   0x0000005c   Code   RO         1717    i.my_sqrt           filter_control.o
    0x0800aaac   0x0800aaac   0x00000014   Code   RO         7823    i.osKernelSysTick   cmsis_os.o
    0x0800aac0   0x0800aac0   0x00000098   Code   RO         7303    i.prvAddCurrentTaskToDelayedList  tasks.o
    0x0800ab58   0x0800ab58   0x000000b8   Code   RO         7304    i.prvAddNewTaskToReadyList  tasks.o
    0x0800ac10   0x0800ac10   0x00000064   Code   RO         7677    i.prvCheckForValidListAndQueue  timers.o
    0x0800ac74   0x0800ac74   0x00000064   Code   RO         7305    i.prvCheckTasksWaitingTermination  tasks.o
    0x0800acd8   0x0800acd8   0x0000002a   Code   RO         7062    i.prvCopyDataFromQueue  queue.o
    0x0800ad02   0x0800ad02   0x0000007c   Code   RO         7063    i.prvCopyDataToQueue  queue.o
    0x0800ad7e   0x0800ad7e   0x00000012   Code   RO         7306    i.prvDeleteTCB      tasks.o
    0x0800ad90   0x0800ad90   0x00000028   Code   RO         7678    i.prvGetNextExpireTime  timers.o
    0x0800adb8   0x0800adb8   0x0000007c   Code   RO         8265    i.prvHeapInit       heap_4.o
    0x0800ae34   0x0800ae34   0x00000028   Code   RO         7307    i.prvIdleTask       tasks.o
    0x0800ae5c   0x0800ae5c   0x0000002e   Code   RO         7065    i.prvInitialiseNewQueue  queue.o
    0x0800ae8a   0x0800ae8a   0x00000002   PAD
    0x0800ae8c   0x0800ae8c   0x000000d8   Code   RO         7308    i.prvInitialiseNewTask  tasks.o
    0x0800af64   0x0800af64   0x00000068   Code   RO         7309    i.prvInitialiseTaskLists  tasks.o
    0x0800afcc   0x0800afcc   0x00000068   Code   RO         8266    i.prvInsertBlockIntoFreeList  heap_4.o
    0x0800b034   0x0800b034   0x00000058   Code   RO         7680    i.prvInsertTimerInActiveList  timers.o
    0x0800b08c   0x0800b08c   0x0000001a   Code   RO         7066    i.prvIsQueueEmpty   queue.o
    0x0800b0a6   0x0800b0a6   0x0000001e   Code   RO         7067    i.prvIsQueueFull    queue.o
    0x0800b0c4   0x0800b0c4   0x000000a8   Code   RO         7068    i.prvNotifyQueueSetContainer  queue.o
    0x0800b16c   0x0800b16c   0x00000084   Code   RO         7681    i.prvProcessExpiredTimer  timers.o
    0x0800b1f0   0x0800b1f0   0x00000130   Code   RO         7682    i.prvProcessReceivedCommands  timers.o
    0x0800b320   0x0800b320   0x00000074   Code   RO         7683    i.prvProcessTimerOrBlockTask  timers.o
    0x0800b394   0x0800b394   0x00000034   Code   RO         7311    i.prvResetNextTaskUnblockTime  tasks.o
    0x0800b3c8   0x0800b3c8   0x0000002c   Code   RO         7684    i.prvSampleTimeNow  timers.o
    0x0800b3f4   0x0800b3f4   0x000000c0   Code   RO         7685    i.prvSwitchTimerLists  timers.o
    0x0800b4b4   0x0800b4b4   0x00000016   Code   RO         7312    i.prvTaskCheckFreeStackSpace  tasks.o
    0x0800b4ca   0x0800b4ca   0x00000002   PAD
    0x0800b4cc   0x0800b4cc   0x0000007c   Code   RO         8181    i.prvTaskExitError  port.o
    0x0800b548   0x0800b548   0x0000001a   Code   RO         7686    i.prvTimerTask      timers.o
    0x0800b562   0x0800b562   0x00000092   Code   RO         7069    i.prvUnlockQueue    queue.o
    0x0800b5f4   0x0800b5f4   0x0000015c   Code   RO         8267    i.pvPortMalloc      heap_4.o
    0x0800b750   0x0800b750   0x00000020   Code   RO         7315    i.pvTaskIncrementMutexHeldCount  tasks.o
    0x0800b770   0x0800b770   0x0000002c   Code   RO         8182    i.pxPortInitialiseStack  port.o
    0x0800b79c   0x0800b79c   0x00000014   Code   RO          612    i.remote_control_init  remotecontrol.o
    0x0800b7b0   0x0800b7b0   0x0000000a   Code   RO          614    i.slove_data_error  remotecontrol.o
    0x0800b7ba   0x0800b7ba   0x0000006e   Code   RO         8609    i.sqrt              m_wm.l(sqrt_full.o)
    0x0800b828   0x0800b828   0x00000030   Code   RO            6    i.start_task        main.o
    0x0800b858   0x0800b858   0x00000034   Code   RO          507    i.task_Chsssis_Create  chassis_task.o
    0x0800b88c   0x0800b88c   0x0000002c   Code   RO          284    i.task_Detect_Create  detect_task.o
    0x0800b8b8   0x0800b8b8   0x00000030   Code   RO          439    i.task_Gimbal_Create  gimbal_task.o
    0x0800b8e8   0x0800b8e8   0x00000030   Code   RO         1165    i.task_Judge_Create  judge_task.o
    0x0800b918   0x0800b918   0x00000028   Code   RO         7017    i.uxListRemove      list.o
    0x0800b940   0x0800b940   0x00000028   Code   RO         7318    i.uxTaskGetStackHighWaterMark  tasks.o
    0x0800b968   0x0800b968   0x0000001a   Code   RO         7018    i.vListInitialise   list.o
    0x0800b982   0x0800b982   0x00000006   Code   RO         7019    i.vListInitialiseItem  list.o
    0x0800b988   0x0800b988   0x00000034   Code   RO         7020    i.vListInsert       list.o
    0x0800b9bc   0x0800b9bc   0x00000018   Code   RO         7021    i.vListInsertEnd    list.o
    0x0800b9d4   0x0800b9d4   0x00000090   Code   RO         8184    i.vPortEnterCritical  port.o
    0x0800ba64   0x0800ba64   0x00000078   Code   RO         8185    i.vPortExitCritical  port.o
    0x0800badc   0x0800badc   0x000000c0   Code   RO         8268    i.vPortFree         heap_4.o
    0x0800bb9c   0x0800bb9c   0x00000020   Code   RO         8186    i.vPortSetupTimerInterrupt  port.o
    0x0800bbbc   0x0800bbbc   0x000000a8   Code   RO         8187    i.vPortValidateInterruptPriority  port.o
    0x0800bc64   0x0800bc64   0x0000002c   Code   RO         7075    i.vQueueAddToRegistry  queue.o
    0x0800bc90   0x0800bc90   0x0000004a   Code   RO         7079    i.vQueueWaitForMessageRestricted  queue.o
    0x0800bcda   0x0800bcda   0x00000002   PAD
    0x0800bcdc   0x0800bcdc   0x0000007c   Code   RO         7324    i.vTaskDelay        tasks.o
    0x0800bd58   0x0800bd58   0x00000114   Code   RO         7326    i.vTaskDelete       tasks.o
    0x0800be6c   0x0800be6c   0x0000000c   Code   RO         7330    i.vTaskMissedYield  tasks.o
    0x0800be78   0x0800be78   0x0000005c   Code   RO         7332    i.vTaskPlaceOnEventList  tasks.o
    0x0800bed4   0x0800bed4   0x00000064   Code   RO         7333    i.vTaskPlaceOnEventListRestricted  tasks.o
    0x0800bf38   0x0800bf38   0x000000b0   Code   RO         7335    i.vTaskPriorityInherit  tasks.o
    0x0800bfe8   0x0800bfe8   0x00000054   Code   RO         7339    i.vTaskSetTimeOutState  tasks.o
    0x0800c03c   0x0800c03c   0x000000b4   Code   RO         7340    i.vTaskStartScheduler  tasks.o
    0x0800c0f0   0x0800c0f0   0x00000010   Code   RO         7342    i.vTaskSuspendAll   tasks.o
    0x0800c100   0x0800c100   0x000000b0   Code   RO         7343    i.vTaskSwitchContext  tasks.o
    0x0800c1b0   0x0800c1b0   0x00000040   Code   RO         1318    i.verify_crc16_check_sum  protocol.o
    0x0800c1f0   0x0800c1f0   0x00000030   Code   RO         1319    i.verify_crc8_check_sum  protocol.o
    0x0800c220   0x0800c220   0x00000164   Code   RO         8188    i.xPortStartScheduler  port.o
    0x0800c384   0x0800c384   0x00000034   Code   RO         8189    i.xPortSysTickHandler  port.o
    0x0800c3b8   0x0800c3b8   0x0000007c   Code   RO         7084    i.xQueueGenericCreate  queue.o
    0x0800c434   0x0800c434   0x000001d0   Code   RO         7085    i.xQueueGenericReceive  queue.o
    0x0800c604   0x0800c604   0x000000b8   Code   RO         7086    i.xQueueGenericReset  queue.o
    0x0800c6bc   0x0800c6bc   0x000001cc   Code   RO         7087    i.xQueueGenericSend  queue.o
    0x0800c888   0x0800c888   0x00000118   Code   RO         7088    i.xQueueGenericSendFromISR  queue.o
    0x0800c9a0   0x0800c9a0   0x000000a8   Code   RO         7344    i.xTaskCheckForTimeOut  tasks.o
    0x0800ca48   0x0800ca48   0x00000060   Code   RO         7345    i.xTaskCreate       tasks.o
    0x0800caa8   0x0800caa8   0x00000020   Code   RO         7349    i.xTaskGetSchedulerState  tasks.o
    0x0800cac8   0x0800cac8   0x0000000c   Code   RO         7350    i.xTaskGetTickCount  tasks.o
    0x0800cad4   0x0800cad4   0x00000014   Code   RO         7351    i.xTaskGetTickCountFromISR  tasks.o
    0x0800cae8   0x0800cae8   0x00000168   Code   RO         7352    i.xTaskIncrementTick  tasks.o
    0x0800cc50   0x0800cc50   0x000000e0   Code   RO         7355    i.xTaskPriorityDisinherit  tasks.o
    0x0800cd30   0x0800cd30   0x000000bc   Code   RO         7356    i.xTaskRemoveFromEventList  tasks.o
    0x0800cdec   0x0800cdec   0x00000128   Code   RO         7358    i.xTaskResumeAll    tasks.o
    0x0800cf14   0x0800cf14   0x00000078   Code   RO         7690    i.xTimerCreateTimerTask  timers.o
    0x0800cf8c   0x0800cf8c   0x000000a8   Code   RO         7691    i.xTimerGenericCommand  timers.o
    0x0800d034   0x0800d034   0x00000030   Data   RO          287    .constdata          detect_task.o
    0x0800d064   0x0800d064   0x00000048   Data   RO          509    .constdata          chassis_task.o
    0x0800d0ac   0x0800d0ac   0x00000302   Data   RO         1320    .constdata          protocol.o
    0x0800d3ae   0x0800d3ae   0x00000002   PAD
    0x0800d3b0   0x0800d3b0   0x00000140   Data   RO         1719    .constdata          filter_control.o
    0x0800d4f0   0x0800d4f0   0x00000804   Data   RO         8528    .constdata          arm_cortexM4lf_math.lib(arm_common_tables.o)
    0x0800dcf4   0x0800dcf4   0x00000004   PAD
    0x0800dcf8   0x0800dcf8   0x00000050   Data   RO         8554    .constdata          m_wm.l(asin.o)
    0x0800dd48   0x0800dd48   0x00000098   Data   RO         8918    .constdata          m_wm.l(atan.o)
    0x0800dde0   0x0800dde0   0x00000030   Data   RO         8930    .constdata          m_wm.l(cos_i.o)
    0x0800de10   0x0800de10   0x00000008   Data   RO         8950    .constdata          m_wm.l(qnan.o)
    0x0800de18   0x0800de18   0x000000c8   Data   RO         8953    .constdata          m_wm.l(rred.o)
    0x0800dee0   0x0800dee0   0x00000028   Data   RO         8957    .constdata          m_wm.l(sin_i.o)
    0x0800df08   0x0800df08   0x00000020   Data   RO         9004    Region$$Table       anon$$obj.o


    Execution Region RW_IRAM1 (Exec base: 0x20000000, Load base: 0x0800df28, Size: 0x00007738, Max: 0x00020000, ABSOLUTE, COMPRESSED[0x00000068])

    Exec Addr    Load Addr    Size         Type   Attr      Idx    E Section Name        Object

    0x20000000   COMPRESSED   0x00000004   Data   RW            7    .data               main.o
    0x20000004   COMPRESSED   0x00000029   Data   RW          288    .data               detect_task.o
    0x2000002d   COMPRESSED   0x00000003   PAD
    0x20000030   COMPRESSED   0x00000009   Data   RW          356    .data               can_receive.o
    0x20000039   COMPRESSED   0x00000003   PAD
    0x2000003c   COMPRESSED   0x0000000c   Data   RW          441    .data               gimbal_task.o
    0x20000048   COMPRESSED   0x00000066   Data   RW          510    .data               chassis_task.o
    0x200000ae   COMPRESSED   0x00000012   Data   RW          616    .data               remotecontrol.o
    0x200000c0   COMPRESSED   0x0000000c   Data   RW          687    .data               usart1.o
    0x200000cc   COMPRESSED   0x00000010   Data   RW          747    .data               usart6.o
    0x200000dc   COMPRESSED   0x00000018   Data   RW          869    .data               timer.o
    0x200000f4   COMPRESSED   0x0000000c   Data   RW         1086    .data               positioning.o
    0x20000100   COMPRESSED   0x00000022   Data   RW         1114    .data               infrared.o
    0x20000122   COMPRESSED   0x00000002   PAD
    0x20000124   COMPRESSED   0x00000010   Data   RW         1167    .data               judge_task.o
    0x20000134   COMPRESSED   0x00000044   Data   RW         1229    .data               judgement_info.o
    0x20000178   COMPRESSED   0x00000002   Data   RW         1321    .data               protocol.o
    0x2000017a   COMPRESSED   0x00000002   PAD
    0x2000017c   COMPRESSED   0x00000114   Data   RW         1473    .data               accelerometer_calibration.o
    0x20000290   COMPRESSED   0x00000084   Data   RW         1824    .data               imutask.o
    0x20000314   COMPRESSED   0x00000008   Data   RW         2045    .data               delay.o
    0x2000031c   COMPRESSED   0x00000014   Data   RW         2144    .data               system_stm32f4xx.o
    0x20000330   COMPRESSED   0x00000010   Data   RW         4777    .data               stm32f4xx_rcc.o
    0x20000340   COMPRESSED   0x0000003c   Data   RW         7361    .data               tasks.o
    0x2000037c   COMPRESSED   0x00000014   Data   RW         7699    .data               timers.o
    0x20000390   COMPRESSED   0x0000000c   Data   RW         8190    .data               port.o
    0x2000039c   COMPRESSED   0x00000018   Data   RW         8273    .data               heap_4.o
    0x200003b4   COMPRESSED   0x00000004   Data   RW         8989    .data               mc_w.l(errno.o)
    0x200003b8        -       0x00000144   Zero   RW          286    .bss                detect_task.o
    0x200004fc        -       0x000000b0   Zero   RW          355    .bss                can_receive.o
    0x200005ac        -       0x00000030   Zero   RW          440    .bss                gimbal_task.o
    0x200005dc        -       0x00000340   Zero   RW          508    .bss                chassis_task.o
    0x2000091c        -       0x0000005e   Zero   RW          615    .bss                remotecontrol.o
    0x2000097a        -       0x0000001e   Zero   RW          746    .bss                usart6.o
    0x20000998        -       0x00000028   Zero   RW         1113    .bss                infrared.o
    0x200009c0        -       0x00000064   Zero   RW         1166    .bss                judge_task.o
    0x20000a24        -       0x0000046d   Zero   RW         1228    .bss                judgement_info.o
    0x20000e91   COMPRESSED   0x00000003   PAD
    0x20000e94        -       0x000001ac   Zero   RW         1472    .bss                accelerometer_calibration.o
    0x20001040        -       0x00000e70   Zero   RW         1718    .bss                filter_control.o
    0x20001eb0        -       0x0000013c   Zero   RW         1823    .bss                imutask.o
    0x20001fec        -       0x00000040   Zero   RW         7099    .bss                queue.o
    0x2000202c        -       0x000002e4   Zero   RW         7360    .bss                tasks.o
    0x20002310        -       0x00000028   Zero   RW         7698    .bss                timers.o
    0x20002338        -       0x00005000   Zero   RW         8272    .bss                heap_4.o
    0x20007338        -       0x00000400   Zero   RW         2079    STACK               startup_stm32f40_41xxx.o


==============================================================================

Image component sizes


      Code (inc. data)   RO Data    RW Data    ZI Data      Debug   Object Name

       996        144          0        276        428       5028   accelerometer_calibration.o
       106          8          0          0          0       2059   bsp_flash.o
      1604         56          0          0          0       7923   bsp_mpu9250_init.o
       588         24          0          0          0       2090   can.o
      1120         90          0          9        176      35858   can_receive.o
      6658        474         72        102        832      16029   chassis_task.o
        36          0          0          0          0       2598   cmsis_os.o
       224         14          0          8          0       2118   delay.o
      1684        106         48         41        324       5977   detect_task.o
         0          0          0          0          0       9400   event_groups.o
      5330        102        320          0       3696      10573   filter_control.o
        48         24          0          0          0       4159   get_judge_measure.o
       362         42          0         12         48       6075   gimbal_task.o
       768        192          0         24      20480       4043   heap_4.o
      5290        306          0        132        316      14718   imutask.o
       484         38          0         34         40       3259   infrared.o
       404         38          0         16        100       2635   judge_task.o
       536        106          0         68       1133       7700   judgement_info.o
       196         10          0          0          0        607   led.o
       148          0          0          0          0       3294   list.o
       226         32          0          4          0     370072   main.o
       180         24          0          0          0       2125   misc.o
        28          0          0          0          0        603   mpu_delay.o
       252         16          0          0          0       1265   mpu_spi_init.o
       104         10          0          0          0        620   mpu_time_init.o
       340          0          0          0          0       1862   pid.o
      1222        436          0         12          0      11021   port.o
       256         24          0         12          0        869   positioning.o
       200         14        770          2          0       3593   protocol.o
      2212        286          0          0         64      13577   queue.o
       424         34          0          0          0       1815   rc.o
       784         44          0         18         94       8753   remotecontrol.o
        36          8        392          0       1024        844   startup_stm32f40_41xxx.o
      1398         10          0          0          0       5862   stm32f4xx_can.o
       670         54          0          0          0       8045   stm32f4xx_dma.o
       398         40          0          0          0       4573   stm32f4xx_flash.o
       222          0          0          0          0       2931   stm32f4xx_gpio.o
        20          0          0          0          0       2897   stm32f4xx_it.o
       392         48          0         16          0       5905   stm32f4xx_rcc.o
       112          0          0          0          0       3558   stm32f4xx_spi.o
       214         28          0          0          0       3738   stm32f4xx_tim.o
       766         42          0          0          0       8113   stm32f4xx_usart.o
       340         32          0         20          0       1865   system_stm32f4xx.o
      3592        992          0         60        740      31756   tasks.o
       216         34          0         24          0       2153   timer.o
      1330        332          0         20         40       8983   timers.o
       364         30          0         12          0       4918   usart1.o
       388         14          0          0          0       1350   usart3.o
       318         20          0         16         30       2827   usart6.o
        22          0          0          0          0        677   user_lib.o

    ----------------------------------------------------------------------
     43650       4378       1636        948      29568     663313   Object Totals
         0          0         32          0          0          0   (incl. Generated)
        42          0          2         10          3          0   (incl. Padding)

    ----------------------------------------------------------------------

      Code (inc. data)   RO Data    RW Data    ZI Data      Debug   Library Member Name

         0          0       2052          0          0       4636   arm_common_tables.o
       120         12          0          0          0      16970   arm_cos_f32.o
         8          0          0          0          0        843   arm_mat_init_f32.o
      1328          4          0          0          0       2718   arm_mat_inverse_f32.o
       316          4          0          0          0       1627   arm_mat_mult_f32.o
       116         12          0          0          0        658   arm_sin_f32.o
       864         94         80          0          0        280   asin.o
       744        106        152          0          0        352   atan.o
       496         64          0          0          0        192   atan2.o
       200         20          0          0          0        164   cos.o
       368         46         48          0          0        200   cos_i.o
       104         16          0          0          0        496   dunder.o
        44          0          0          0          0        248   fabs.o
        48          0          0          0          0        124   fpclassify.o
       248          0          0          0          0        152   poly.o
         0          0          8          0          0          0   qnan.o
      1080        142        200          0          0        188   rred.o
       200         20          0          0          0        164   sin.o
       304         24         40          0          0        208   sin_i.o
       232          0          0          0          0        296   sqrt_full.o
        86          0          0          0          0          0   __dczerorl2.o
         0          0          0          0          0          0   entry.o
         0          0          0          0          0          0   entry10a.o
         0          0          0          0          0          0   entry11a.o
         8          4          0          0          0          0   entry2.o
         4          0          0          0          0          0   entry5.o
         0          0          0          0          0          0   entry7b.o
         0          0          0          0          0          0   entry8b.o
         8          4          0          0          0          0   entry9a.o
        12          6          0          4          0         68   errno.o
        30          0          0          0          0          0   handlers.o
        36          8          0          0          0         68   init.o
         0          0          0          0          0          0   iusefp.o
        30          0          0          0          0         68   llshl.o
        36          0          0          0          0         68   llsshr.o
        32          0          0          0          0         68   llushr.o
        36          0          0          0          0         68   memcpya.o
        36          0          0          0          0        108   memseta.o
       472         14          0          0          0        184   printf3.o
        44          0          0          0          0         80   uidiv.o
        48          0          0          0          0         68   cdcmple.o
        48          0          0          0          0         68   cdrcmple.o
        56          0          0          0          0         88   d2f.o
       334          0          0          0          0        148   dadd.o
       222          0          0          0          0        100   ddiv.o
       186          0          0          0          0        176   depilogue.o
        62          0          0          0          0         80   dfixi.o
        34          0          0          0          0         76   dflti.o
        26          0          0          0          0         76   dfltui.o
       228          0          0          0          0         96   dmul.o
       162          0          0          0          0        100   dsqrt.o
        38          0          0          0          0         68   f2d.o
       110          0          0          0          0        168   fepilogue.o

    ----------------------------------------------------------------------
      9258        600       2584          4          0      32608   Library Totals
        14          0          4          0          0          0   (incl. Padding)

    ----------------------------------------------------------------------

      Code (inc. data)   RO Data    RW Data    ZI Data      Debug   Library Name

      1888         32       2052          0          0      27452   arm_cortexM4lf_math.lib
      4932        532        528          0          0       3064   m_wm.l
       870         36          0          4          0        780   mc_w.l
      1554          0          0          0          0       1312   mf_w.l

    ----------------------------------------------------------------------
      9258        600       2584          4          0      32608   Library Totals

    ----------------------------------------------------------------------

==============================================================================


      Code (inc. data)   RO Data    RW Data    ZI Data      Debug   

     52908       4978       4220        952      29568     667265   Grand Totals
     52908       4978       4220        104      29568     667265   ELF Image Totals (compressed)
     52908       4978       4220        104          0          0   ROM Totals

==============================================================================

    Total RO  Size (Code + RO Data)                57128 (  55.79kB)
    Total RW  Size (RW Data + ZI Data)             30520 (  29.80kB)
    Total ROM Size (Code + RO Data + RW Data)      57232 (  55.89kB)

==============================================================================

