Component: ARM Compiler 5.06 update 6 (build 750) Tool: armlink [4d35ed]

==============================================================================

Section Cross References

    main.o(i.Init) refers to delay.o(i.delay_init) for delay_init
    main.o(i.Init) refers to misc.o(i.NVIC_PriorityGroupConfig) for NVIC_PriorityGroupConfig
    main.o(i.Init) refers to remotecontrol.o(i.remote_control_init) for remote_control_init
    main.o(i.Init) refers to usart1.o(i.Usart1_Init) for Usart1_Init
    main.o(i.Init) refers to led.o(i.LED_Init) for LED_Init
    main.o(i.Init) refers to imutask.o(i.IMU_Init) for IMU_Init
    main.o(i.Init) refers to stm32f4xx_gpio.o(i.GPIO_ResetBits) for GPIO_ResetBits
    main.o(i.Init) refers to stm32f4xx_gpio.o(i.GPIO_SetBits) for GPIO_SetBits
    main.o(i.Init) refers to can.o(i.CAN1_mode_init) for CAN1_mode_init
    main.o(i.Init) refers to can.o(i.CAN2_mode_init) for CAN2_mode_init
    main.o(i.Init) refers to usbd_core.o(i.USBD_Init) for USBD_Init
    main.o(i.Init) refers to delay.o(i.delay_ms) for delay_ms
    main.o(i.Init) refers to usbd_usr.o(.data) for USR_cb
    main.o(i.Init) refers to usbd_cdc_core.o(.data) for USBD_CDC_cb
    main.o(i.Init) refers to usbd_desc.o(.data) for USR_desc
    main.o(i.Init) refers to main.o(.bss) for USB_OTG_dev
    main.o(i.TaskStart) refers to tasks.o(i.xTaskCreate) for xTaskCreate
    main.o(i.TaskStart) refers to tasks.o(i.vTaskStartScheduler) for vTaskStartScheduler
    main.o(i.TaskStart) refers to main.o(.data) for StartTask_Handler
    main.o(i.TaskStart) refers to main.o(i.start_task) for start_task
    main.o(i.main) refers to main.o(i.Init) for Init
    main.o(i.main) refers to main.o(i.TaskStart) for TaskStart
    main.o(i.start_task) refers to port.o(i.vPortEnterCritical) for vPortEnterCritical
    main.o(i.start_task) refers to imutask.o(i.IMU_task_Create) for IMU_task_Create
    main.o(i.start_task) refers to gimbal_task.o(i.task_Gimbal_Create) for task_Gimbal_Create
    main.o(i.start_task) refers to shoot_task.o(i.task_Shoot_Create) for task_Shoot_Create
    main.o(i.start_task) refers to tx2_task.o(i.task_Tx2_Create) for task_Tx2_Create
    main.o(i.start_task) refers to tx2_task.o(i.task_PC_Create) for task_PC_Create
    main.o(i.start_task) refers to detect_task.o(i.task_Detect_Create) for task_Detect_Create
    main.o(i.start_task) refers to tasks.o(i.vTaskDelete) for vTaskDelete
    main.o(i.start_task) refers to port.o(i.vPortExitCritical) for vPortExitCritical
    main.o(i.start_task) refers to main.o(.data) for StartTask_Handler
    detect_task.o(i.DetectDisplay) refers to stm32f4xx_gpio.o(i.GPIO_SetBits) for GPIO_SetBits
    detect_task.o(i.DetectDisplay) refers to tx2_task.o(i.tx2_error) for tx2_error
    detect_task.o(i.DetectDisplay) refers to stm32f4xx_gpio.o(i.GPIO_ResetBits) for GPIO_ResetBits
    detect_task.o(i.DetectDisplay) refers to detect_task.o(.data) for i
    detect_task.o(i.DetectDisplay) refers to detect_task.o(.bss) for monitorList
    detect_task.o(i.DetectHook) refers to tasks.o(i.xTaskGetTickCount) for xTaskGetTickCount
    detect_task.o(i.DetectHook) refers to detect_task.o(.bss) for monitorList
    detect_task.o(i.DetectInit) refers to memcpya.o(.text) for __aeabi_memcpy4
    detect_task.o(i.DetectInit) refers to detect_task.o(.constdata) for .constdata
    detect_task.o(i.DetectInit) refers to detect_task.o(.bss) for monitorList
    detect_task.o(i.DetectInit) refers to remotecontrol.o(i.RC_data_is_error) for RC_data_is_error
    detect_task.o(i.DetectInit) refers to remotecontrol.o(i.slove_data_error) for slove_data_error
    detect_task.o(i.Detect_task) refers to tasks.o(i.xTaskGetTickCount) for xTaskGetTickCount
    detect_task.o(i.Detect_task) refers to detect_task.o(i.DetectInit) for DetectInit
    detect_task.o(i.Detect_task) refers to tasks.o(i.vTaskDelay) for vTaskDelay
    detect_task.o(i.Detect_task) refers to detect_task.o(i.DetectDisplay) for DetectDisplay
    detect_task.o(i.Detect_task) refers to tasks.o(i.uxTaskGetStackHighWaterMark) for uxTaskGetStackHighWaterMark
    detect_task.o(i.Detect_task) refers to detect_task.o(.data) for systemTime
    detect_task.o(i.Detect_task) refers to detect_task.o(.bss) for monitorList
    detect_task.o(i.getErrorListPoint) refers to detect_task.o(.bss) for monitorList
    detect_task.o(i.task_Detect_Create) refers to tasks.o(i.xTaskCreate) for xTaskCreate
    detect_task.o(i.task_Detect_Create) refers to detect_task.o(.data) for DETECT_TASK_Handler
    detect_task.o(i.task_Detect_Create) refers to detect_task.o(i.Detect_task) for Detect_task
    detect_task.o(i.toe_is_error) refers to detect_task.o(.bss) for monitorList
    gimbal_task.o(i.GIMBAL_Behaviour_update) refers to ramp_control.o(i.RAMP_float) for RAMP_float
    gimbal_task.o(i.GIMBAL_Behaviour_update) refers to gimbal_task.o(i.gimbal_PID_init) for gimbal_PID_init
    gimbal_task.o(i.GIMBAL_Behaviour_update) refers to gimbal_task.o(i.gimbal_PID_compute) for gimbal_PID_compute
[...]
    __1printf                                0x0800a6bd   Thumb Code     0  printfa.o(i.__0printf)
    __2printf                                0x0800a6bd   Thumb Code     0  printfa.o(i.__0printf)
    __c89printf                              0x0800a6bd   Thumb Code     0  printfa.o(i.__0printf)
    printf                                   0x0800a6bd   Thumb Code     0  printfa.o(i.__0printf)
    __ARM_fpclassify                         0x0800a6dd   Thumb Code    48  fpclassify.o(i.__ARM_fpclassify)
    __hardfp_asin                            0x0800a711   Thumb Code   770  asin.o(i.__hardfp_asin)
    __hardfp_atan                            0x0800aa71   Thumb Code   622  atan.o(i.__hardfp_atan)
    __hardfp_atan2                           0x0800ad49   Thumb Code   432  atan2.o(i.__hardfp_atan2)
    __hardfp_cos                             0x0800af39   Thumb Code   180  cos.o(i.__hardfp_cos)
    __hardfp_fabs                            0x0800b001   Thumb Code    20  fabs.o(i.__hardfp_fabs)
    __hardfp_sin                             0x0800b019   Thumb Code   180  sin.o(i.__hardfp_sin)
    __hardfp_sqrt                            0x0800b0e1   Thumb Code   122  sqrt_full.o(i.__hardfp_sqrt)
    __ieee754_rem_pio2                       0x0800b161   Thumb Code   938  rred.o(i.__ieee754_rem_pio2)
    __kernel_cos                             0x0800b599   Thumb Code   322  cos_i.o(i.__kernel_cos)
    __kernel_poly                            0x0800b709   Thumb Code   248  poly.o(i.__kernel_poly)
    __kernel_sin                             0x0800b801   Thumb Code   280  sin_i.o(i.__kernel_sin)
    __mathlib_dbl_infnan                     0x0800b931   Thumb Code    20  dunder.o(i.__mathlib_dbl_infnan)
    __mathlib_dbl_infnan2                    0x0800b945   Thumb Code    20  dunder.o(i.__mathlib_dbl_infnan2)
    __mathlib_dbl_invalid                    0x0800b959   Thumb Code    24  dunder.o(i.__mathlib_dbl_invalid)
    __mathlib_dbl_underflow                  0x0800b979   Thumb Code    24  dunder.o(i.__mathlib_dbl_underflow)
    __scatterload_copy                       0x0800b999   Thumb Code    14  handlers.o(i.__scatterload_copy)
    __scatterload_null                       0x0800b9a7   Thumb Code     2  handlers.o(i.__scatterload_null)
    __scatterload_zeroinit                   0x0800b9a9   Thumb Code    14  handlers.o(i.__scatterload_zeroinit)
    __set_errno                              0x0800b9b9   Thumb Code     6  errno.o(i.__set_errno)
    accel_data_update                        0x0800c279   Thumb Code   124  accelerometer_calibration.o(i.accel_data_update)
    accel_mat_init                           0x0800c301   Thumb Code   332  accelerometer_calibration.o(i.accel_mat_init)
    atan                                     0x0800c49d   Thumb Code    16  atan.o(i.atan)
    caculate_mat                             0x0800c4ad   Thumb Code   138  accelerometer_calibration.o(i.caculate_mat)
    cali_accel_para                          0x0800c541   Thumb Code   250  accelerometer_calibration.o(i.cali_accel_para)
    cali_fenction                            0x0800c665   Thumb Code     8  accelerometer_calibration.o(i.cali_fenction)
    delay_init                               0x0800c66d   Thumb Code    58  delay.o(i.delay_init)
    delay_ms                                 0x0800c6b1   Thumb Code   136  delay.o(i.delay_ms)
    delay_us                                 0x0800c73d   Thumb Code    76  delay.o(i.delay_us)
    fabs                                     0x0800c78d   Thumb Code    24  fabs.o(i.fabs)
    fp32_deadline                            0x0800c7a5   Thumb Code    12  user_lib.o(i.fp32_deadline)
    fp32_limit                               0x0800c7b1   Thumb Code    22  user_lib.o(i.fp32_limit)
    fp32_map                                 0x0800c7c7   Thumb Code    34  user_lib.o(i.fp32_map)
    fputc                                    0x0800c7e9   Thumb Code    22  usart1.o(i.fputc)
    getErrorListPoint                        0x0800c875   Thumb Code     4  detect_task.o(i.getErrorListPoint)
    get_Friction_left_Motor_Measure_Point    0x0800c87d   Thumb Code    18  can_receive.o(i.get_Friction_left_Motor_Measure_Point)
    get_Friction_right_Motor_Measure_Point   0x0800c895   Thumb Code    18  can_receive.o(i.get_Friction_right_Motor_Measure_Point)
    get_Gyro_Angle_Point                     0x0800c8ad   Thumb Code     4  imutask.o(i.get_Gyro_Angle_Point)
    get_PC_Data_Point                        0x0800c8b5   Thumb Code     4  tx2_task.o(i.get_PC_Data_Point)
    get_Pitch_Gimbal_Motor_Measure_Point     0x0800c8bd   Thumb Code     4  can_receive.o(i.get_Pitch_Gimbal_Motor_Measure_Point)
    get_Trigger_Motor_Measure_Point          0x0800c8c5   Thumb Code    18  can_receive.o(i.get_Trigger_Motor_Measure_Point)
    get_Yaw_Gimbal_Motor_Measure_Point       0x0800c8dd   Thumb Code     4  can_receive.o(i.get_Yaw_Gimbal_Motor_Measure_Point)
    get_crc8_check_sum                       0x0800c8e5   Thumb Code    32  protocol.o(i.get_crc8_check_sum)
    get_relative_pos                         0x0800c909   Thumb Code    58  gimbal_task.o(i.get_relative_pos)
    get_remote_control_point                 0x0800c945   Thumb Code     4  remotecontrol.o(i.get_remote_control_point)
    get_yaw_motor_point                      0x0800c94d   Thumb Code     4  gimbal_task.o(i.get_yaw_motor_point)
    invSqrt                                  0x0800ce69   Thumb Code    56  filter_control.o(i.invSqrt)
    main                                     0x0800cea5   Thumb Code    14  main.o(i.main)
    mpu_delay_ms                             0x0800cf1f   Thumb Code    28  mpu_delay.o(i.mpu_delay_ms)
    my_sqrt                                  0x0800cf3d   Thumb Code    88  filter_control.o(i.my_sqrt)
    osKernelSysTick                          0x0800cf99   Thumb Code    20  cmsis_os.o(i.osKernelSysTick)
    pvPortMalloc                             0x0800dae1   Thumb Code   262  heap_4.o(i.pvPortMalloc)
    pvTaskIncrementMutexHeldCount            0x0800dc3d   Thumb Code    26  tasks.o(i.pvTaskIncrementMutexHeldCount)
    pxPortInitialiseStack                    0x0800dc5d   Thumb Code    38  port.o(i.pxPortInitialiseStack)
    remote_control_init                      0x0800dc89   Thumb Code    16  remotecontrol.o(i.remote_control_init)
    slove_data_error                         0x0800dfb9   Thumb Code    10  remotecontrol.o(i.slove_data_error)
    sqrt                                     0x0800dfc3   Thumb Code   110  sqrt_full.o(i.sqrt)
    start_task                               0x0800e031   Thumb Code    46  main.o(i.start_task)
    task_Detect_Create                       0x0800e065   Thumb Code    24  detect_task.o(i.task_Detect_Create)
    task_Gimbal_Create                       0x0800e091   Thumb Code    26  gimbal_task.o(i.task_Gimbal_Create)
    task_PC_Create                           0x0800e0c1   Thumb Code    26  tx2_task.o(i.task_PC_Create)
    task_Shoot_Create                        0x0800e0f9   Thumb Code    26  shoot_task.o(i.task_Shoot_Create)
    task_Tx2_Create                          0x0800e129   Thumb Code    26  tx2_task.o(i.task_Tx2_Create)
    tx2_error                                0x0800e191   Thumb Code    60  tx2_task.o(i.tx2_error)
    uxListRemove                             0x0800e469   Thumb Code    40  list.o(i.uxListRemove)
    uxTaskGetStackHighWaterMark              0x0800e491   Thumb Code    34  tasks.o(i.uxTaskGetStackHighWaterMark)
    vListInitialise                          0x0800e4b9   Thumb Code    26  list.o(i.vListInitialise)
    vListInitialiseItem                      0x0800e4d3   Thumb Code     6  list.o(i.vListInitialiseItem)
    vListInsert                              0x0800e4d9   Thumb Code    52  list.o(i.vListInsert)
    vListInsertEnd                           0x0800e50d   Thumb Code    24  list.o(i.vListInsertEnd)
    vPortEnterCritical                       0x0800e525   Thumb Code    68  port.o(i.vPortEnterCritical)
    vPortExitCritical                        0x0800e5b5   Thumb Code    48  port.o(i.vPortExitCritical)
    vPortFree                                0x0800e62d   Thumb Code   120  heap_4.o(i.vPortFree)
    vPortSetupTimerInterrupt                 0x0800e6ed   Thumb Code    26  port.o(i.vPortSetupTimerInterrupt)
    vPortValidateInterruptPriority           0x0800e70d   Thumb Code    86  port.o(i.vPortValidateInterruptPriority)
    vQueueAddToRegistry                      0x0800e7b5   Thumb Code    38  queue.o(i.vQueueAddToRegistry)
    vQueueWaitForMessageRestricted           0x0800e7e1   Thumb Code    74  queue.o(i.vQueueWaitForMessageRestricted)
    vTaskDelay                               0x0800e82d   Thumb Code    72  tasks.o(i.vTaskDelay)
    vTaskDelete                              0x0800e8a9   Thumb Code   192  tasks.o(i.vTaskDelete)
    vTaskMissedYield                         0x0800e9bd   Thumb Code     8  tasks.o(i.vTaskMissedYield)
    vTaskPlaceOnEventList                    0x0800e9c9   Thumb Code    42  tasks.o(i.vTaskPlaceOnEventList)
    vTaskPlaceOnEventListRestricted          0x0800ea25   Thumb Code    50  tasks.o(i.vTaskPlaceOnEventListRestricted)
    vTaskPriorityInherit                     0x0800ea89   Thumb Code   164  tasks.o(i.vTaskPriorityInherit)
    vTaskSetTimeOutState                     0x0800eb39   Thumb Code    32  tasks.o(i.vTaskSetTimeOutState)
    vTaskStartScheduler                      0x0800eb8d   Thumb Code   108  tasks.o(i.vTaskStartScheduler)
    vTaskSuspendAll                          0x0800ec41   Thumb Code    12  tasks.o(i.vTaskSuspendAll)
    vTaskSwitchContext                       0x0800ec51   Thumb Code   110  tasks.o(i.vTaskSwitchContext)
    xPortStartScheduler                      0x0800ed01   Thumb Code   258  port.o(i.xPortStartScheduler)
    xPortSysTickHandler                      0x0800ee65   Thumb Code    46  port.o(i.xPortSysTickHandler)
    xQueueGenericCreate                      0x0800ee99   Thumb Code    78  queue.o(i.xQueueGenericCreate)
    xQueueGenericReceive                     0x0800ef15   Thumb Code   416  queue.o(i.xQueueGenericReceive)
    xQueueGenericReset                       0x0800f0e5   Thumb Code   136  queue.o(i.xQueueGenericReset)
    xQueueGenericSend                        0x0800f19d   Thumb Code   412  queue.o(i.xQueueGenericSend)
    xQueueGenericSendFromISR                 0x0800f369   Thumb Code   234  queue.o(i.xQueueGenericSendFromISR)
    xTaskCheckForTimeOut                     0x0800f481   Thumb Code   116  tasks.o(i.xTaskCheckForTimeOut)
    xTaskCreate                              0x0800f529   Thumb Code    96  tasks.o(i.xTaskCreate)
    xTaskGetSchedulerState                   0x0800f589   Thumb Code    24  tasks.o(i.xTaskGetSchedulerState)
    xTaskGetTickCount                        0x0800f5a9   Thumb Code     6  tasks.o(i.xTaskGetTickCount)
    xTaskGetTickCountFromISR                 0x0800f5b5   Thumb Code    16  tasks.o(i.xTaskGetTickCountFromISR)
    xTaskIncrementTick                       0x0800f5c9   Thumb Code   272  tasks.o(i.xTaskIncrementTick)
    xTaskPriorityDisinherit                  0x0800f731   Thumb Code   168  tasks.o(i.xTaskPriorityDisinherit)
    xTaskRemoveFromEventList                 0x0800f811   Thumb Code   118  tasks.o(i.xTaskRemoveFromEventList)
    xTaskResumeAll                           0x0800f8cd   Thumb Code   214  tasks.o(i.xTaskResumeAll)
    xTimerCreateTimerTask                    0x0800f9f5   Thumb Code    56  timers.o(i.xTimerCreateTimerTask)
    xTimerGenericCommand                     0x0800fa6d   Thumb Code   118  timers.o(i.xTimerGenericCommand)
    CRC8_INIT                                0x0800fbb0   Data           1  protocol.o(.constdata)
    CRC8_TAB                                 0x0800fbb1   Data         256  protocol.o(.constdata)
    wCRC_Table                               0x0800fcb2   Data         512  protocol.o(.constdata)
    NL                                       0x0800feb8   Data           4  filter_control.o(.constdata)
    NUM                                      0x0800fec0   Data         152  filter_control.o(.constdata)
    DL                                       0x0800ff58   Data           4  filter_control.o(.constdata)
    DEN                                      0x0800ff60   Data         152  filter_control.o(.constdata)
    __mathlib_zero                           0x08010110   Data           8  qnan.o(.constdata)
    Region$$Table$$Base                      0x08010208   Number         0  anon$$obj.o(Region$$Table)
    Region$$Table$$Limit                     0x08010228   Number         0  anon$$obj.o(Region$$Table)
    StartTask_Handler                        0x20000000   Data           4  main.o(.data)
    DetectTaskStack                          0x20000004   Data           4  detect_task.o(.data)
    error_count01                            0x2000000c   Data           4  detect_task.o(.data)
    time1                                    0x20000010   Data           4  detect_task.o(.data)
    time1_count                              0x20000014   Data           4  detect_task.o(.data)
    time1_error_count01                      0x20000018   Data           4  detect_task.o(.data)
    action                                   0x2000001c   Data           4  detect_task.o(.data)
    GimbalTask_Handler                       0x20000030   Data           4  gimbal_task.o(.data)
    Yaw_Can_Set_Current                      0x20000034   Data           2  gimbal_task.o(.data)
    Pitch_Can_Set_Current                    0x20000036   Data           2  gimbal_task.o(.data)
    Last_yaw                                 0x20000038   Data           4  gimbal_task.o(.data)
    PC_PITCH                                 0x2000003c   Data           4  gimbal_task.o(.data)
    PC_YAW                                   0x20000040   Data           4  gimbal_task.o(.data)
    yaw_patrol_MAX                           0x20000044   Data           4  gimbal_task.o(.data)
    yaw_patrol_MIN                           0x20000048   Data           4  gimbal_task.o(.data)
    pitch_patrol_MAX                         0x2000004c   Data           4  gimbal_task.o(.data)
    pitch_patrol_MIN                         0x20000050   Data           4  gimbal_task.o(.data)
    yaw_min                                  0x20000054   Data           4  gimbal_task.o(.data)
    timer                                    0x20000058   Data           4  gimbal_task.o(.data)
    yaw_angle                                0x2000005c   Data           4  gimbal_task.o(.data)
    TIME                                     0x20000060   Data           4  gimbal_task.o(.data)
    distance                                 0x20000064   Data           4  gimbal_task.o(.data)
    QFlag_state                              0x20000074   Data           4  tx2_task.o(.data)
    last_QFlag_state                         0x20000078   Data           4  tx2_task.o(.data)
    last_GFlag_state                         0x2000007c   Data           4  tx2_task.o(.data)
    TxTaskStack                              0x20000080   Data           4  tx2_task.o(.data)
    sendTaskStack                            0x20000084   Data           4  tx2_task.o(.data)
    tim                                      0x20000088   Data           4  tx2_task.o(.data)
    pc_pitch_limit                           0x2000008c   Data           4  tx2_task.o(.data)
    pc_yaw_limit                             0x20000090   Data           4  tx2_task.o(.data)
    pc_pitch_deadline                        0x20000094   Data           4  tx2_task.o(.data)
    pc_yaw_deadline                          0x20000098   Data           4  tx2_task.o(.data)
    pitch_motor_speed                        0x2000009c   Data           4  tx2_task.o(.data)
    yaw_motor_speed                          0x200000a0   Data           4  tx2_task.o(.data)
    pc_pitch_raw                             0x200000a4   Data           4  tx2_task.o(.data)
    pc_yaw_raw                               0x200000a8   Data           4  tx2_task.o(.data)
    last_relative_angle                      0x200000ac   Data           4  tx2_task.o(.data)
    err_angle                                0x200000b0   Data           4  tx2_task.o(.data)
    count                                    0x200000b4   Data           4  tx2_task.o(.data)
    minipc_error_timer                       0x200000bc   Data           4  tx2_task.o(.data)
    send_f                                   0x200000c4   Data           4  can_receive.o(.data)
    ShootTask_Handler                        0x200000cc   Data           4  shoot_task.o(.data)
    stuck_right                              0x200000d0   Data           4  shoot_task.o(.data)
    stuck_left                               0x200000d4   Data           4  shoot_task.o(.data)
    stuck_right_time                         0x200000d8   Data           4  shoot_task.o(.data)
    stuck_left_time                          0x200000dc   Data           4  shoot_task.o(.data)
    b                                        0x200000e0   Data           4  shoot_task.o(.data)
    kin                                      0x200000e4   Data           4  shoot_task.o(.data)
    min                                      0x200000e8   Data           4  shoot_task.o(.data)
    tigger_right_speed                       0x200000ec   Data           2  shoot_task.o(.data)
    friction_speed                           0x200000ee   Data           2  shoot_task.o(.data)
    tigger_left_speed                        0x200000f0   Data           2  shoot_task.o(.data)
    friction_speed2                          0x200000f2   Data           2  shoot_task.o(.data)
    a                                        0x200000f4   Data           4  shoot_task.o(.data)
    INPUTMOD                                 0x200000f8   Data           1  remotecontrol.o(.data)
    Q_Flag                                   0x200000f9   Data           1  remotecontrol.o(.data)
    E_Flag                                   0x200000fa   Data           1  remotecontrol.o(.data)
    F_Flag                                   0x200000fb   Data           1  remotecontrol.o(.data)
    G_Flag                                   0x200000fc   Data           1  remotecontrol.o(.data)
    V_Flag                                   0x200000fd   Data           1  remotecontrol.o(.data)
    R_Flag                                   0x200000fe   Data           1  remotecontrol.o(.data)
    MOU_LEFT_F                               0x200000ff   Data           1  remotecontrol.o(.data)
    MOU_RIGH_F                               0x20000100   Data           1  remotecontrol.o(.data)
    W_Flag                                   0x20000101   Data           1  remotecontrol.o(.data)
    A_Flag                                   0x20000102   Data           1  remotecontrol.o(.data)
    S_Flag                                   0x20000103   Data           1  remotecontrol.o(.data)
    D_Flag                                   0x20000104   Data           1  remotecontrol.o(.data)
    Shift_Flag                               0x20000105   Data           1  remotecontrol.o(.data)
    Ctrl_Flag                                0x20000106   Data           1  remotecontrol.o(.data)
    TxCOM1                                   0x2000010c   Data           4  usart1.o(.data)
    RxCOM1                                   0x20000110   Data           4  usart1.o(.data)
    __stdout                                 0x20000114   Data           4  usart1.o(.data)
    Calibrateion_id                          0x20000118   Data           4  accelerometer_calibration.o(.data)
    ahat_T_data                              0x2000011c   Data          96  accelerometer_calibration.o(.data)
    ahat_data                                0x2000017c   Data          96  accelerometer_calibration.o(.data)
    ahat_T                                   0x200001dc   Data           8  accelerometer_calibration.o(.data)
    ahat                                     0x200001e4   Data           8  accelerometer_calibration.o(.data)
    Ahat                                     0x200001ec   Data           8  accelerometer_calibration.o(.data)
    K_m                                      0x200001f4   Data           8  accelerometer_calibration.o(.data)
    uMat                                     0x200001fc   Data           8  accelerometer_calibration.o(.data)
    uMat_mius                                0x20000204   Data           8  accelerometer_calibration.o(.data)
    P                                        0x2000020c   Data           8  accelerometer_calibration.o(.data)
    K_ca                                     0x20000214   Data           8  accelerometer_calibration.o(.data)
    K_ca_mines                               0x2000021c   Data           8  accelerometer_calibration.o(.data)
    a_m                                      0x20000224   Data           8  accelerometer_calibration.o(.data)
    spi_rtx                                  0x20000230   Data          16  imutask.o(.data)
    last_yaw                                 0x20000240   Data           4  imutask.o(.data)
    timeText                                 0x20000244   Data           4  imutask.o(.data)
    K                                        0x20000270   Data          12  imutask.o(.data)
    Accex_x                                  0x2000027c   Data           4  imutask.o(.data)
    IMUTaskStack                             0x20000280   Data           4  imutask.o(.data)
    issu                                     0x20000288   Data           2  imutask.o(.data)
    SystemCoreClock                          0x200002b4   Data           4  system_stm32f4xx.o(.data)
    AHBPrescTable                            0x200002b8   Data          16  system_stm32f4xx.o(.data)
    pxCurrentTCB                             0x200002d8   Data           4  tasks.o(.data)
    SET_TEST_MODE                            0x2000034c   Data           4  usbd_core.o(.data)
    USBD_DCD_INT_cb                          0x20000350   Data          44  usbd_core.o(.data)
    USBD_DCD_INT_fops                        0x2000037c   Data           4  usbd_core.o(.data)
    USBD_ep_status                           0x20000380   Data           4  usbd_req.o(.data)
    USBD_default_cfg                         0x20000384   Data           4  usbd_req.o(.data)
    USBD_cfg_status                          0x20000388   Data           4  usbd_req.o(.data)
    CmdBuff                                  0x20000394   Data           8  usbd_cdc_core.o(.data)
    APP_Rx_ptr_in                            0x2000039c   Data           4  usbd_cdc_core.o(.data)
    APP_Rx_ptr_out                           0x200003a0   Data           4  usbd_cdc_core.o(.data)
    APP_Rx_length                            0x200003a4   Data           4  usbd_cdc_core.o(.data)
    USB_Tx_State                             0x200003a8   Data           1  usbd_cdc_core.o(.data)
    USBD_CDC_cb                              0x200003b4   Data          44  usbd_cdc_core.o(.data)
    usbd_cdc_CfgDesc                         0x200003e0   Data          67  usbd_cdc_core.o(.data)
    linecoding                               0x20000428   Data           8  usbd_cdc_vcp.o(.data)
    USB_USART_RX_STA                         0x20000430   Data           2  usbd_cdc_vcp.o(.data)
    VCP_fops                                 0x20000434   Data          20  usbd_cdc_vcp.o(.data)
    USR_desc                                 0x20000448   Data          28  usbd_desc.o(.data)
    USBD_DeviceDesc                          0x20000464   Data          18  usbd_desc.o(.data)
    USBD_DeviceQualifierDesc                 0x20000476   Data          10  usbd_desc.o(.data)
    USBD_LangIDDesc                          0x20000480   Data           4  usbd_desc.o(.data)
    USBD_StringSerial                        0x20000484   Data          26  usbd_desc.o(.data)
    bDeviceState                             0x200004a0   Data           1  usbd_usr.o(.data)
    USR_cb                                   0x200004a4   Data          28  usbd_usr.o(.data)
    USB_OTG_dev                              0x200004c4   Data        1524  main.o(.bss)
    monitorList                              0x20000ab8   Data         396  detect_task.o(.bss)
    gimbal_control                           0x20000c44   Data         432  gimbal_task.o(.bss)
    Pitch_Motor_Smooth                       0x20000df4   Data        1032  gimbal_task.o(.bss)
    Yaw_Motor_Smooth                         0x200011fc   Data        1032  gimbal_task.o(.bss)
    GimbalRaw                                0x20001604   Data          24  tx2_task.o(.bss)
    TX_vision_Mes                            0x2000162c   Data          16  tx2_task.o(.bss)
    InterUpdate                              0x2000163c   Data          20  tx2_task.o(.bss)
    motor_yaw                                0x20001650   Data          20  can_receive.o(.bss)
    motor_pit                                0x20001664   Data          20  can_receive.o(.bss)
    motor_trigger                            0x20001678   Data          40  can_receive.o(.bss)
    motor_left_friction                      0x200016a0   Data          40  can_receive.o(.bss)
    motor_right_friction                     0x200016c8   Data          40  can_receive.o(.bss)
    judge_receive                            0x200016f0   Data          14  can_receive.o(.bss)
    shoot_motor                              0x20001728   Data         536  shoot_task.o(.bss)
    friction_smooth                          0x20001940   Data        1032  shoot_task.o(.bss)
    rc_ctrl                                  0x20001d48   Data          22  remotecontrol.o(.bss)
    Ahat_data                                0x20001da8   Data          72  accelerometer_calibration.o(.bss)
    K_m_data                                 0x20001df0   Data          48  accelerometer_calibration.o(.bss)
    uMat_data                                0x20001e20   Data          64  accelerometer_calibration.o(.bss)
    uMat_mius_data                           0x20001e60   Data          64  accelerometer_calibration.o(.bss)
    P_data                                   0x20001ea0   Data          96  accelerometer_calibration.o(.bss)
    K_ca_data                                0x20001f00   Data          36  accelerometer_calibration.o(.bss)
    a_data                                   0x20001f24   Data          12  accelerometer_calibration.o(.bss)
    K_ca_mines_data                          0x20001f30   Data          36  accelerometer_calibration.o(.bss)
    Acce_BufferData                          0x20001f58   Data          72  filter_control.o(.bss)
    Acce_Fiter_t                             0x20001fa0   Data        1776  filter_control.o(.bss)
    Gyro_Fiter_t                             0x20002690   Data        1776  filter_control.o(.bss)
    Gyro_BufferData                          0x20002d80   Data          72  filter_control.o(.bss)
    MPU9250_Real_Data                        0x20002dc8   Data          40  imutask.o(.bss)
    MPU6500_Offest_data                      0x20002e18   Data          40  imutask.o(.bss)
    mpu6500_real_data                        0x20002e40   Data          16  imutask.o(.bss)
    Angular_Handler                          0x20002e50   Data          24  imutask.o(.bss)
    B                                        0x20002e68   Data          12  imutask.o(.bss)
    xQueueRegistry                           0x20002f00   Data          64  queue.o(.bss)
    usbd_cdc_OtherCfgDesc                    0x2000824c   Data          67  usbd_cdc_core.o(.bss)
    USB_Rx_Buffer                            0x2000828f   Data          64  usbd_cdc_core.o(.bss)
    APP_Rx_Buffer                            0x200082cf   Data        2048  usbd_cdc_core.o(.bss)
    USART_PRINTF_Buffer                      0x20008acf   Data         200  usbd_cdc_vcp.o(.bss)
    USB_USART_RX_BUF                         0x20008b97   Data         200  usbd_cdc_vcp.o(.bss)
    USBD_StrDesc                             0x20008c5f   Data         255  usbd_desc.o(.bss)
    __initial_sp                             0x20009160   Data           0  startup_stm32f40_41xxx.o(STACK)



==============================================================================

Memory Map of the image

  Image Entry point : 0x08000189

  Load Region LR_IROM1 (Base: 0x08000000, Size: 0x000106ec, Max: 0x00080000, ABSOLUTE, COMPRESSED[0x0001038c])

    Execution Region ER_IROM1 (Exec base: 0x08000000, Load base: 0x08000000, Size: 0x00010228, Max: 0x00080000, ABSOLUTE)

    Exec Addr    Load Addr    Size         Type   Attr      Idx    E Section Name        Object

    0x08000000   0x08000000   0x00000188   Data   RO         2226    RESET               startup_stm32f40_41xxx.o
    0x08000188   0x08000188   0x00000000   Code   RO         9619  * .ARM.Collect$$$$00000000  mc_w.l(entry.o)
    0x08000188   0x08000188   0x00000004   Code   RO         9962    .ARM.Collect$$$$00000001  mc_w.l(entry2.o)
    0x0800018c   0x0800018c   0x00000004   Code   RO         9965    .ARM.Collect$$$$00000004  mc_w.l(entry5.o)
    0x08000190   0x08000190   0x00000000   Code   RO         9967    .ARM.Collect$$$$00000008  mc_w.l(entry7b.o)
    0x08000190   0x08000190   0x00000000   Code   RO         9969    .ARM.Collect$$$$0000000A  mc_w.l(entry8b.o)
    0x08000190   0x08000190   0x00000008   Code   RO         9970    .ARM.Collect$$$$0000000B  mc_w.l(entry9a.o)
    0x08000198   0x08000198   0x00000000   Code   RO         9972    .ARM.Collect$$$$0000000D  mc_w.l(entry10a.o)
    0x08000198   0x08000198   0x00000000   Code   RO         9974    .ARM.Collect$$$$0000000F  mc_w.l(entry11a.o)
    0x08000198   0x08000198   0x00000004   Code   RO         9963    .ARM.Collect$$$$00002712  mc_w.l(entry2.o)
    0x0800019c   0x0800019c   0x000000b6   Code   RO         8325    .emb_text           port.o
    0x08000252   0x08000252   0x00000002   PAD
    0x08000254   0x08000254   0x00000024   Code   RO         2227    .text               startup_stm32f40_41xxx.o
    0x08000278   0x08000278   0x00000008   Code   RO         9457    .text               arm_cortexM4lf_math.lib(arm_mat_init_f32.o)
    0x08000280   0x08000280   0x00000530   Code   RO         9506    .text               arm_cortexM4lf_math.lib(arm_mat_inverse_f32.o)
    0x080007b0   0x080007b0   0x0000013c   Code   RO         9530    .text               arm_cortexM4lf_math.lib(arm_mat_mult_f32.o)
    0x080008ec   0x080008ec   0x00000024   Code   RO         9622    .text               mc_w.l(memcpya.o)
    0x08000910   0x08000910   0x00000024   Code   RO         9624    .text               mc_w.l(memseta.o)
    0x08000934   0x08000934   0x0000014e   Code   RO         9893    .text               mf_w.l(dadd.o)
    0x08000a82   0x08000a82   0x000000e4   Code   RO         9895    .text               mf_w.l(dmul.o)
    0x08000b66   0x08000b66   0x000000de   Code   RO         9897    .text               mf_w.l(ddiv.o)
    0x08000c44   0x08000c44   0x00000022   Code   RO         9901    .text               mf_w.l(dflti.o)
    0x08000c66   0x08000c66   0x0000001a   Code   RO         9903    .text               mf_w.l(dfltui.o)
    0x08000c80   0x08000c80   0x0000003e   Code   RO         9905    .text               mf_w.l(dfixi.o)
    0x08000cbe   0x08000cbe   0x00000026   Code   RO         9907    .text               mf_w.l(f2d.o)
    0x08000ce4   0x08000ce4   0x00000030   Code   RO         9909    .text               mf_w.l(cdcmple.o)
    0x08000d14   0x08000d14   0x00000030   Code   RO         9911    .text               mf_w.l(cdrcmple.o)
    0x08000d44   0x08000d44   0x00000038   Code   RO         9913    .text               mf_w.l(d2f.o)
    0x08000d7c   0x08000d7c   0x0000002c   Code   RO         9976    .text               mc_w.l(uidiv.o)
    0x08000da8   0x08000da8   0x00000062   Code   RO         9978    .text               mc_w.l(uldiv.o)
    0x08000e0a   0x08000e0a   0x0000001e   Code   RO         9980    .text               mc_w.l(llshl.o)
    0x08000e28   0x08000e28   0x00000020   Code   RO         9982    .text               mc_w.l(llushr.o)
    0x08000e48   0x08000e48   0x00000024   Code   RO         9984    .text               mc_w.l(llsshr.o)
    0x08000e6c   0x08000e6c   0x00000000   Code   RO         9993    .text               mc_w.l(iusefp.o)
    0x08000e6c   0x08000e6c   0x0000006e   Code   RO         9994    .text               mf_w.l(fepilogue.o)
    0x08000eda   0x08000eda   0x000000ba   Code   RO         9996    .text               mf_w.l(depilogue.o)
    0x08000f94   0x08000f94   0x000000a2   Code   RO         9998    .text               mf_w.l(dsqrt.o)
    0x08001036   0x08001036   0x00000030   Code   RO        10000    .text               mf_w.l(dfixul.o)
    0x08001066   0x08001066   0x00000002   PAD
    0x08001068   0x08001068   0x00000024   Code   RO        10002    .text               mc_w.l(init.o)
    0x0800108c   0x0800108c   0x00000056   Code   RO        10012    .text               mc_w.l(__dczerorl2.o)
    0x080010e2   0x080010e2   0x00000002   PAD
    0x080010e4   0x080010e4   0x000002ec   Code   RO         1961    i.ACCEL_Calibration  imutask.o
    0x080013d0   0x080013d0   0x000000b8   Code   RO         1962    i.ACCEL_Filter      imutask.o
    0x08001488   0x08001488   0x00000ddc   Code   RO         1963    i.AHRSUpdate_GraDes_Delay_Corretion  imutask.o
    0x08002264   0x08002264   0x00000014   Code   RO         1861    i.Acce_Correct_Filter  filter_control.o
    0x08002278   0x08002278   0x00000110   Code   RO         1964    i.Accel_calibration_get  imutask.o
    0x08002388   0x08002388   0x000003d8   Code   RO         1862    i.Atti2Mat_d        filter_control.o
    0x08002760   0x08002760   0x00000004   Code   RO         2233    i.BusFault_Handler  stm32f4xx_it.o
    0x08002764   0x08002764   0x00000028   Code   RO          604    i.CAN1_RX0_IRQHandler  can_receive.o
    0x0800278c   0x0800278c   0x00000426   Code   RO          605    i.CAN1_hook         can_receive.o
    0x08002bb2   0x08002bb2   0x00000002   PAD
    0x08002bb4   0x08002bb4   0x00000124   Code   RO         1104    i.CAN1_mode_init    can.o
    0x08002cd8   0x08002cd8   0x00000028   Code   RO          606    i.CAN2_RX1_IRQHandler  can_receive.o
    0x08002d00   0x08002d00   0x000000d0   Code   RO          607    i.CAN2_hook         can_receive.o
    0x08002dd0   0x08002dd0   0x00000128   Code   RO         1105    i.CAN2_mode_init    can.o
    0x08002ef8   0x08002ef8   0x000000a8   Code   RO          608    i.CAN_CMD_RC        can_receive.o
    0x08002fa0   0x08002fa0   0x00000108   Code   RO         2615    i.CAN_FilterInit    stm32f4xx_can.o
    0x080030a8   0x080030a8   0x00000064   Code   RO          609    i.CAN_Friction      can_receive.o
    0x0800310c   0x0800310c   0x00000120   Code   RO         2617    i.CAN_GetITStatus   stm32f4xx_can.o
    0x0800322c   0x0800322c   0x00000058   Code   RO          610    i.CAN_Gimbal        can_receive.o
    0x08003284   0x08003284   0x00000012   Code   RO         2621    i.CAN_ITConfig      stm32f4xx_can.o
    0x08003296   0x08003296   0x00000114   Code   RO         2622    i.CAN_Init          stm32f4xx_can.o
    0x080033aa   0x080033aa   0x00000002   PAD
    0x080033ac   0x080033ac   0x00000058   Code   RO          611    i.CAN_MPU           can_receive.o
    0x08003404   0x08003404   0x000000f0   Code   RO         2625    i.CAN_Receive       stm32f4xx_can.o
    0x080034f4   0x080034f4   0x00000126   Code   RO         2630    i.CAN_Transmit      stm32f4xx_can.o
    0x0800361a   0x0800361a   0x00000002   PAD
    0x0800361c   0x0800361c   0x00000058   Code   RO          612    i.CAN_Trigger       can_receive.o
    0x08003674   0x08003674   0x00000140   Code   RO         1863    i.Chebyshev50HzLPF  filter_control.o
    0x080037b4   0x080037b4   0x00000012   Code   RO         2633    i.CheckITStatus     stm32f4xx_can.o
    0x080037c6   0x080037c6   0x0000004a   Code   RO         8469    i.DCD_EP_Close      usb_dcd.o
    0x08003810   0x08003810   0x00000048   Code   RO         8470    i.DCD_EP_ClrStall   usb_dcd.o
    0x08003858   0x08003858   0x00000068   Code   RO         8472    i.DCD_EP_Open       usb_dcd.o
    0x080038c0   0x080038c0   0x00000052   Code   RO         8473    i.DCD_EP_PrepareRx  usb_dcd.o
    0x08003912   0x08003912   0x0000001c   Code   RO         8474    i.DCD_EP_SetAddress  usb_dcd.o
    0x0800392e   0x0800392e   0x00000048   Code   RO         8475    i.DCD_EP_Stall      usb_dcd.o
    0x08003976   0x08003976   0x0000004e   Code   RO         8476    i.DCD_EP_Tx         usb_dcd.o
    0x080039c4   0x080039c4   0x0000018c   Code   RO         8562    i.DCD_HandleEnumDone_ISR  usb_dcd_int.o
    0x08003b50   0x08003b50   0x00000128   Code   RO         8563    i.DCD_HandleInEP_ISR  usb_dcd_int.o
    0x08003c78   0x08003c78   0x00000100   Code   RO         8564    i.DCD_HandleOutEP_ISR  usb_dcd_int.o
    0x08003d78   0x08003d78   0x0000006c   Code   RO         8565    i.DCD_HandleResume_ISR  usb_dcd_int.o
    0x08003de4   0x08003de4   0x000000b0   Code   RO         8566    i.DCD_HandleRxStatusQueueLevel_ISR  usb_dcd_int.o
    0x08003e94   0x08003e94   0x0000002c   Code   RO         8567    i.DCD_HandleSof_ISR  usb_dcd_int.o
    0x08003ec0   0x08003ec0   0x000000a8   Code   RO         8568    i.DCD_HandleUSBSuspend_ISR  usb_dcd_int.o
    0x08003f68   0x08003f68   0x00000104   Code   RO         8569    i.DCD_HandleUsbReset_ISR  usb_dcd_int.o
    0x0800406c   0x0800406c   0x0000009c   Code   RO         8478    i.DCD_Init          usb_dcd.o
    0x08004108   0x08004108   0x0000002c   Code   RO         8570    i.DCD_IsoINIncomplete_ISR  usb_dcd_int.o
    0x08004134   0x08004134   0x0000002c   Code   RO         8571    i.DCD_IsoOUTIncomplete_ISR  usb_dcd_int.o
    0x08004160   0x08004160   0x00000028   Code   RO         8572    i.DCD_ReadDevInEP   usb_dcd_int.o
    0x08004188   0x08004188   0x000000ac   Code   RO         8573    i.DCD_WriteEmptyTxFifo  usb_dcd_int.o
    0x08004234   0x08004234   0x00000034   Code   RO         3344    i.DMA_ClearFlag     stm32f4xx_dma.o
    0x08004268   0x08004268   0x00000034   Code   RO         3345    i.DMA_ClearITPendingBit  stm32f4xx_dma.o
    0x0800429c   0x0800429c   0x00000016   Code   RO         3346    i.DMA_Cmd           stm32f4xx_dma.o
    0x080042b2   0x080042b2   0x00000002   PAD
    0x080042b4   0x080042b4   0x00000158   Code   RO         3347    i.DMA_DeInit        stm32f4xx_dma.o
    0x0800440c   0x0800440c   0x00000016   Code   RO         3348    i.DMA_DoubleBufferModeCmd  stm32f4xx_dma.o
    0x08004422   0x08004422   0x00000018   Code   RO         3349    i.DMA_DoubleBufferModeConfig  stm32f4xx_dma.o
    0x0800443a   0x0800443a   0x00000008   Code   RO         3352    i.DMA_GetCurrDataCounter  stm32f4xx_dma.o
    0x08004442   0x08004442   0x00000014   Code   RO         3353    i.DMA_GetCurrentMemoryTarget  stm32f4xx_dma.o
    0x08004456   0x08004456   0x00000002   PAD
    0x08004458   0x08004458   0x00000058   Code   RO         3358    i.DMA_Init          stm32f4xx_dma.o
    0x080044b0   0x080044b0   0x00000004   Code   RO         3361    i.DMA_SetCurrDataCounter  stm32f4xx_dma.o
    0x080044b4   0x080044b4   0x00000002   Code   RO         2234    i.DebugMon_Handler  stm32f4xx_it.o
    0x080044b6   0x080044b6   0x00000002   PAD
    0x080044b8   0x080044b8   0x00000154   Code   RO          321    i.DetectDisplay     detect_task.o
    0x0800460c   0x0800460c   0x00000124   Code   RO          322    i.DetectHook        detect_task.o
    0x08004730   0x08004730   0x00000178   Code   RO          323    i.DetectInit        detect_task.o
    0x080048a8   0x080048a8   0x0000025c   Code   RO          324    i.Detect_task       detect_task.o
    0x08004b04   0x08004b04   0x0000000c   Code   RO         3682    i.FLASH_ClearFlag   stm32f4xx_flash.o
    0x08004b10   0x08004b10   0x00000088   Code   RO         3688    i.FLASH_EraseSector  stm32f4xx_flash.o
    0x08004b98   0x08004b98   0x00000054   Code   RO         3690    i.FLASH_GetStatus   stm32f4xx_flash.o
    0x08004bec   0x08004bec   0x00000014   Code   RO         3694    i.FLASH_Lock        stm32f4xx_flash.o
    0x08004c00   0x08004c00   0x0000004c   Code   RO         3715    i.FLASH_ProgramByte  stm32f4xx_flash.o
    0x08004c4c   0x08004c4c   0x00000024   Code   RO         3720    i.FLASH_Unlock      stm32f4xx_flash.o
    0x08004c70   0x08004c70   0x00000022   Code   RO         3721    i.FLASH_WaitForLastOperation  stm32f4xx_flash.o
    0x08004c92   0x08004c92   0x0000001a   Code   RO         1676    i.FlashAllEraseBoot  bsp_flash.o
    0x08004cac   0x08004cac   0x0000001c   Code   RO         1679    i.FlashReadK        bsp_flash.o
    0x08004cc8   0x08004cc8   0x00000034   Code   RO         1680    i.FlashWriteK       bsp_flash.o
    0x08004cfc   0x08004cfc   0x000000bc   Code   RO          383    i.GIMBAL_Behaviour_update  gimbal_task.o
    0x08004db8   0x08004db8   0x000000ec   Code   RO          384    i.GIMBAL_Feedback_Update  gimbal_task.o
    0x08004ea4   0x08004ea4   0x00000268   Code   RO          385    i.GIMBAL_Handoff_Pid  gimbal_task.o
    0x0800510c   0x0800510c   0x00000090   Code   RO         3983    i.GPIO_Init         stm32f4xx_gpio.o
    0x0800519c   0x0800519c   0x00000046   Code   RO         3984    i.GPIO_PinAFConfig  stm32f4xx_gpio.o
    0x080051e2   0x080051e2   0x00000004   Code   RO         3990    i.GPIO_ResetBits    stm32f4xx_gpio.o
    0x080051e6   0x080051e6   0x00000004   Code   RO         3991    i.GPIO_SetBits      stm32f4xx_gpio.o
    0x080051ea   0x080051ea   0x00000002   PAD
    0x080051ec   0x080051ec   0x000000a0   Code   RO         1967    i.GYRO_Filter       imutask.o
    0x0800528c   0x0800528c   0x00000034   Code   RO         9312    i.Get_SerialNum     usbd_desc.o
    0x080052c0   0x080052c0   0x00000068   Code   RO         2139    i.Get_Sys_Ticks     mpu_time_init.o
    0x08005328   0x08005328   0x0000017c   Code   RO          386    i.Gimbal_Behavour   gimbal_task.o
    0x080054a4   0x080054a4   0x000000f4   Code   RO          387    i.Gimbal_Init       gimbal_task.o
    0x08005598   0x08005598   0x000001a8   Code   RO          388    i.Gimbal_Rc_Ctrl_Armor  gimbal_task.o
    0x08005740   0x08005740   0x000000b0   Code   RO          389    i.Gimbal_task       gimbal_task.o
    0x080057f0   0x080057f0   0x00000078   Code   RO         1865    i.Gyro_Correct_Filter  filter_control.o
    0x08005868   0x08005868   0x000000cc   Code   RO         9124    i.Handle_USBAsynchXfer  usbd_cdc_core.o
    0x08005934   0x08005934   0x00000004   Code   RO         2235    i.HardFault_Handler  stm32f4xx_it.o
    0x08005938   0x08005938   0x0000009c   Code   RO         1968    i.IMU_Calibration   imutask.o
    0x080059d4   0x080059d4   0x0000001a   Code   RO         1969    i.IMU_Init          imutask.o
    0x080059ee   0x080059ee   0x00000002   PAD
    0x080059f0   0x080059f0   0x0000008c   Code   RO         1972    i.IMU_task          imutask.o
    0x08005a7c   0x08005a7c   0x00000030   Code   RO         1973    i.IMU_task_Create   imutask.o
    0x08005aac   0x08005aac   0x00000084   Code   RO            3    i.Init              main.o
    0x08005b30   0x08005b30   0x0000003e   Code   RO         9313    i.IntToUnicode      usbd_desc.o
    0x08005b6e   0x08005b6e   0x00000002   PAD
    0x08005b70   0x08005b70   0x00000078   Code   RO          514    i.Interactive_task  tx2_task.o
    0x08005be8   0x08005be8   0x000000c4   Code   RO          801    i.LED_Init          led.o
    0x08005cac   0x08005cac   0x00000136   Code   RO         1729    i.MPU6500_1_init    bsp_mpu9250_init.o
    0x08005de2   0x08005de2   0x00000136   Code   RO         1730    i.MPU6500_2_init    bsp_mpu9250_init.o
    0x08005f18   0x08005f18   0x0000001a   Code   RO         1731    i.MPU6500_Init      bsp_mpu9250_init.o
    0x08005f32   0x08005f32   0x000000b2   Code   RO         1732    i.MPU9250_Get_Accelerometer  bsp_mpu9250_init.o
    0x08005fe4   0x08005fe4   0x000000dc   Code   RO         1733    i.MPU9250_Get_Gyroscope  bsp_mpu9250_init.o
    0x080060c0   0x080060c0   0x00000070   Code   RO         1735    i.MPU9250_Get_Temperature  bsp_mpu9250_init.o
    0x08006130   0x08006130   0x00000058   Code   RO         1737    i.MPU9250_Read_Byte  bsp_mpu9250_init.o
    0x08006188   0x08006188   0x0000007c   Code   RO         1738    i.MPU9250_Read_Len  bsp_mpu9250_init.o
    0x08006204   0x08006204   0x00000054   Code   RO         1741    i.MPU9250_Write_Byte  bsp_mpu9250_init.o
    0x08006258   0x08006258   0x00000098   Code   RO         1746    i.MPU_SPI_Configuration  bsp_mpu9250_init.o
    0x080062f0   0x080062f0   0x00000e34   Code   RO         1867    i.Mat2Quat          filter_control.o
    0x08007124   0x08007124   0x00000062   Code   RO         1868    i.Mat_Trans_d       filter_control.o
    0x08007186   0x08007186   0x00000004   Code   RO         2236    i.MemManage_Handler  stm32f4xx_it.o
    0x0800718a   0x0800718a   0x00000002   PAD
    0x0800718c   0x0800718c   0x00000240   Code   RO          515    i.MinipcDatePrcess  tx2_task.o
    0x080073cc   0x080073cc   0x00000002   Code   RO         2237    i.NMI_Handler       stm32f4xx_it.o
    0x080073ce   0x080073ce   0x00000002   PAD
    0x080073d0   0x080073d0   0x00000078   Code   RO         2323    i.NVIC_Init         misc.o
    0x08007448   0x08007448   0x00000014   Code   RO         2324    i.NVIC_PriorityGroupConfig  misc.o
    0x0800745c   0x0800745c   0x00000010   Code   RO         9386    i.OTG_FS_IRQHandler  usbd_usr.o
    0x0800746c   0x0800746c   0x0000016e   Code   RO         1131    i.PID_Calc          pid.o
    0x080075da   0x080075da   0x00000036   Code   RO         1134    i.PID_Init          pid.o
    0x08007610   0x08007610   0x00000016   Code   RO          516    i.PcDataCheck       tx2_task.o
    0x08007626   0x08007626   0x00000028   Code   RO         1136    i.Pid_reset         pid.o
    0x0800764e   0x0800764e   0x00000002   PAD
    0x08007650   0x08007650   0x00000078   Code   RO         1242    i.RAMP_float        ramp_control.o
    0x080076c8   0x080076c8   0x00000020   Code   RO         4869    i.RCC_AHB1PeriphClockCmd  stm32f4xx_rcc.o
    0x080076e8   0x080076e8   0x00000020   Code   RO         4872    i.RCC_AHB2PeriphClockCmd  stm32f4xx_rcc.o
    0x08007708   0x08007708   0x00000020   Code   RO         4878    i.RCC_APB1PeriphClockCmd  stm32f4xx_rcc.o
    0x08007728   0x08007728   0x00000020   Code   RO         4880    i.RCC_APB1PeriphResetCmd  stm32f4xx_rcc.o
    0x08007748   0x08007748   0x00000020   Code   RO         4881    i.RCC_APB2PeriphClockCmd  stm32f4xx_rcc.o
    0x08007768   0x08007768   0x00000020   Code   RO         4883    i.RCC_APB2PeriphResetCmd  stm32f4xx_rcc.o
    0x08007788   0x08007788   0x000000e8   Code   RO         4890    i.RCC_GetClocksFreq  stm32f4xx_rcc.o
    0x08007870   0x08007870   0x00000150   Code   RO          995    i.RC_Init           rc.o
    0x080079c0   0x080079c0   0x00000002   Code   RO          854    i.RC_MODE_CONTROL   remotecontrol.o
    0x080079c2   0x080079c2   0x00000010   Code   RO          855    i.RC_abs            remotecontrol.o
    0x080079d2   0x080079d2   0x00000002   PAD
    0x080079d4   0x080079d4   0x00000098   Code   RO          857    i.RC_data_is_error  remotecontrol.o
    0x08007a6c   0x08007a6c   0x00000058   Code   RO          996    i.RC_restart        rc.o
    0x08007ac4   0x08007ac4   0x000000da   Code   RO          858    i.SBUS_TO_RC        remotecontrol.o
    0x08007b9e   0x08007b9e   0x00000002   PAD
    0x08007ba0   0x08007ba0   0x000000f4   Code   RO          704    i.SHOOT_Auto        shoot_task.o
    0x08007c94   0x08007c94   0x00000108   Code   RO          705    i.SHOOT_Rc          shoot_task.o
    0x08007d9c   0x08007d9c   0x000000c4   Code   RO         2100    i.SPI1_Init         mpu_spi_init.o
    0x08007e60   0x08007e60   0x00000038   Code   RO         2101    i.SPI1_ReadWriteByte  mpu_spi_init.o
    0x08007e98   0x08007e98   0x00000018   Code   RO         6003    i.SPI_Cmd           stm32f4xx_spi.o
    0x08007eb0   0x08007eb0   0x00000012   Code   RO         6011    i.SPI_I2S_GetFlagStatus  stm32f4xx_spi.o
    0x08007ec2   0x08007ec2   0x00000006   Code   RO         6014    i.SPI_I2S_ReceiveData  stm32f4xx_spi.o
    0x08007ec8   0x08007ec8   0x00000004   Code   RO         6015    i.SPI_I2S_SendData  stm32f4xx_spi.o
    0x08007ecc   0x08007ecc   0x0000003c   Code   RO         6016    i.SPI_Init          stm32f4xx_spi.o
    0x08007f08   0x08007f08   0x000000ec   Code   RO         2286    i.SetSysClock       system_stm32f4xx.o
    0x08007ff4   0x08007ff4   0x00000138   Code   RO          706    i.Shoot_Init        shoot_task.o
    0x0800812c   0x0800812c   0x0000003c   Code   RO          707    i.Shoot_task        shoot_task.o
    0x08008168   0x08008168   0x00000068   Code   RO         1332    i.SmoothFilter_Calc  smooth_filter.o
    0x080081d0   0x080081d0   0x00000038   Code   RO         1333    i.SmoothFilter_Init  smooth_filter.o
    0x08008208   0x08008208   0x00000028   Code   RO         2327    i.SysTick_CLKSourceConfig  misc.o
    0x08008230   0x08008230   0x00000010   Code   RO         2186    i.SysTick_Handler   delay.o
    0x08008240   0x08008240   0x00000068   Code   RO         2288    i.SystemInit        system_stm32f4xx.o
    0x080082a8   0x080082a8   0x00000030   Code   RO            4    i.TaskStart         main.o
    0x080082d8   0x080082d8   0x00000080   Code   RO          517    i.Tx2_task          tx2_task.o
    0x08008358   0x08008358   0x00000064   Code   RO          932    i.USART1_IRQHandler  usart1.o
    0x080083bc   0x080083bc   0x00000104   Code   RO          859    i.USART2_IRQHandler  remotecontrol.o
    0x080084c0   0x080084c0   0x00000002   Code   RO          821    i.USART6_IRQHandler  usart6.o
    0x080084c2   0x080084c2   0x00000012   Code   RO         6779    i.USART_ClearFlag   stm32f4xx_usart.o
    0x080084d4   0x080084d4   0x0000001e   Code   RO         6780    i.USART_ClearITPendingBit  stm32f4xx_usart.o
    0x080084f2   0x080084f2   0x00000018   Code   RO         6783    i.USART_Cmd         stm32f4xx_usart.o
    0x0800850a   0x0800850a   0x00000012   Code   RO         6784    i.USART_DMACmd      stm32f4xx_usart.o
    0x0800851c   0x0800851c   0x000000f0   Code   RO         6785    i.USART_DeInit      stm32f4xx_usart.o
    0x0800860c   0x0800860c   0x00000054   Code   RO         6787    i.USART_GetITStatus  stm32f4xx_usart.o
    0x08008660   0x08008660   0x0000004a   Code   RO         6789    i.USART_ITConfig    stm32f4xx_usart.o
    0x080086aa   0x080086aa   0x00000002   PAD
    0x080086ac   0x080086ac   0x000000d4   Code   RO         6790    i.USART_Init        stm32f4xx_usart.o
    0x08008780   0x08008780   0x0000000a   Code   RO         6797    i.USART_ReceiveData  stm32f4xx_usart.o
    0x0800878a   0x0800878a   0x00000016   Code   RO         8874    i.USBD_ClrCfg       usbd_core.o
    0x080087a0   0x080087a0   0x00000048   Code   RO         9030    i.USBD_ClrFeature   usbd_req.o
    0x080087e8   0x080087e8   0x0000001e   Code   RO         8974    i.USBD_CtlContinueRx  usbd_ioreq.o
    0x08008806   0x08008806   0x0000001e   Code   RO         8975    i.USBD_CtlContinueSendData  usbd_ioreq.o
    0x08008824   0x08008824   0x0000001e   Code   RO         9031    i.USBD_CtlError     usbd_req.o
    0x08008842   0x08008842   0x0000002e   Code   RO         8976    i.USBD_CtlPrepareRx  usbd_ioreq.o
    0x08008870   0x08008870   0x00000024   Code   RO         8977    i.USBD_CtlReceiveStatus  usbd_ioreq.o
    0x08008894   0x08008894   0x0000002e   Code   RO         8978    i.USBD_CtlSendData  usbd_ioreq.o
    0x080088c2   0x080088c2   0x00000024   Code   RO         8979    i.USBD_CtlSendStatus  usbd_ioreq.o
    0x080088e6   0x080088e6   0x000000d0   Code   RO         8875    i.USBD_DataInStage  usbd_core.o
    0x080089b6   0x080089b6   0x00000096   Code   RO         8876    i.USBD_DataOutStage  usbd_core.o
    0x08008a4c   0x08008a4c   0x00000006   Code   RO         8877    i.USBD_DeInit       usbd_core.o
    0x08008a52   0x08008a52   0x00000002   PAD
    0x08008a54   0x08008a54   0x00000054   Code   RO         9032    i.USBD_GetConfig    usbd_req.o
    0x08008aa8   0x08008aa8   0x00000122   Code   RO         9033    i.USBD_GetDescriptor  usbd_req.o
    0x08008bca   0x08008bca   0x00000014   Code   RO         9034    i.USBD_GetLen       usbd_req.o
    0x08008bde   0x08008bde   0x00000002   PAD
    0x08008be0   0x08008be0   0x00000050   Code   RO         9035    i.USBD_GetStatus    usbd_req.o
    0x08008c30   0x08008c30   0x00000052   Code   RO         9036    i.USBD_GetString    usbd_req.o
    0x08008c82   0x08008c82   0x00000042   Code   RO         8878    i.USBD_Init         usbd_core.o
    0x08008cc4   0x08008cc4   0x00000012   Code   RO         8879    i.USBD_IsoINIncomplete  usbd_core.o
    0x08008cd6   0x08008cd6   0x00000012   Code   RO         8880    i.USBD_IsoOUTIncomplete  usbd_core.o
    0x08008ce8   0x08008ce8   0x000000e0   Code   RO         8574    i.USBD_OTG_ISR_Handler  usb_dcd_int.o
    0x08008dc8   0x08008dc8   0x00000048   Code   RO         9037    i.USBD_ParseSetupRequest  usbd_req.o
    0x08008e10   0x08008e10   0x00000032   Code   RO         8881    i.USBD_Reset        usbd_core.o
    0x08008e42   0x08008e42   0x0000001e   Code   RO         8882    i.USBD_Resume       usbd_core.o
    0x08008e60   0x08008e60   0x00000014   Code   RO         8883    i.USBD_RunTestMode  usbd_core.o
    0x08008e74   0x08008e74   0x0000001a   Code   RO         8884    i.USBD_SOF          usbd_core.o
    0x08008e8e   0x08008e8e   0x0000005c   Code   RO         9038    i.USBD_SetAddress   usbd_req.o
    0x08008eea   0x08008eea   0x0000001e   Code   RO         8885    i.USBD_SetCfg       usbd_core.o
    0x08008f08   0x08008f08   0x000000d0   Code   RO         9039    i.USBD_SetConfig    usbd_req.o
    0x08008fd8   0x08008fd8   0x000000a4   Code   RO         9040    i.USBD_SetFeature   usbd_req.o
    0x0800907c   0x0800907c   0x00000054   Code   RO         8886    i.USBD_SetupStage   usbd_core.o
    0x080090d0   0x080090d0   0x00000072   Code   RO         9041    i.USBD_StdDevReq    usbd_req.o
    0x08009142   0x08009142   0x00000002   PAD
    0x08009144   0x08009144   0x0000015c   Code   RO         9042    i.USBD_StdEPReq     usbd_req.o
    0x080092a0   0x080092a0   0x0000004c   Code   RO         9043    i.USBD_StdItfReq    usbd_req.o
    0x080092ec   0x080092ec   0x00000020   Code   RO         8887    i.USBD_Suspend      usbd_core.o
    0x0800930c   0x0800930c   0x00000034   Code   RO         9314    i.USBD_USR_ConfigStrDescriptor  usbd_desc.o
    0x08009340   0x08009340   0x00000030   Code   RO         9387    i.USBD_USR_DeviceConfigured  usbd_usr.o
    0x08009370   0x08009370   0x00000038   Code   RO         9388    i.USBD_USR_DeviceConnected  usbd_usr.o
    0x080093a8   0x080093a8   0x00000010   Code   RO         9315    i.USBD_USR_DeviceDescriptor  usbd_desc.o
    0x080093b8   0x080093b8   0x00000030   Code   RO         9389    i.USBD_USR_DeviceDisconnected  usbd_usr.o
    0x080093e8   0x080093e8   0x00000094   Code   RO         9390    i.USBD_USR_DeviceReset  usbd_usr.o
    0x0800947c   0x0800947c   0x00000020   Code   RO         9391    i.USBD_USR_DeviceResumed  usbd_usr.o
    0x0800949c   0x0800949c   0x00000030   Code   RO         9392    i.USBD_USR_DeviceSuspended  usbd_usr.o
    0x080094cc   0x080094cc   0x00000002   Code   RO         9393    i.USBD_USR_Init     usbd_usr.o
    0x080094ce   0x080094ce   0x00000002   PAD
    0x080094d0   0x080094d0   0x00000038   Code   RO         9316    i.USBD_USR_InterfaceStrDescriptor  usbd_desc.o
    0x08009508   0x08009508   0x00000010   Code   RO         9317    i.USBD_USR_LangIDStrDescriptor  usbd_desc.o
    0x08009518   0x08009518   0x0000002c   Code   RO         9318    i.USBD_USR_ManufacturerStrDescriptor  usbd_desc.o
    0x08009544   0x08009544   0x00000048   Code   RO         9319    i.USBD_USR_ProductStrDescriptor  usbd_desc.o
    0x0800958c   0x0800958c   0x00000018   Code   RO         9320    i.USBD_USR_SerialStrDescriptor  usbd_desc.o
    0x080095a4   0x080095a4   0x00000010   Code   RO         9125    i.USBD_cdc_GetCfgDesc  usbd_cdc_core.o
    0x080095b4   0x080095b4   0x00000024   Code   RO         9194    i.USB_OTG_BSP_EnableInterrupt  usb_bsp.o
    0x080095d8   0x080095d8   0x00000078   Code   RO         9195    i.USB_OTG_BSP_Init  usb_bsp.o
    0x08009650   0x08009650   0x0000000c   Code   RO         9196    i.USB_OTG_BSP_mDelay  usb_bsp.o
    0x0800965c   0x0800965c   0x0000000c   Code   RO         9197    i.USB_OTG_BSP_uDelay  usb_bsp.o
    0x08009668   0x08009668   0x00000126   Code   RO         8647    i.USB_OTG_CoreInit  usb_core.o
    0x0800978e   0x0800978e   0x0000020a   Code   RO         8648    i.USB_OTG_CoreInitDev  usb_core.o
    0x08009998   0x08009998   0x00000070   Code   RO         8649    i.USB_OTG_CoreReset  usb_core.o
    0x08009a08   0x08009a08   0x00000022   Code   RO         8650    i.USB_OTG_DisableGlobalInt  usb_core.o
    0x08009a2a   0x08009a2a   0x0000006a   Code   RO         8651    i.USB_OTG_EP0Activate  usb_core.o
    0x08009a94   0x08009a94   0x00000156   Code   RO         8652    i.USB_OTG_EP0StartXfer  usb_core.o
    0x08009bea   0x08009bea   0x00000062   Code   RO         8653    i.USB_OTG_EP0_OutStart  usb_core.o
    0x08009c4c   0x08009c4c   0x00000098   Code   RO         8654    i.USB_OTG_EPActivate  usb_core.o
    0x08009ce4   0x08009ce4   0x00000050   Code   RO         8655    i.USB_OTG_EPClearStall  usb_core.o
    0x08009d34   0x08009d34   0x0000005e   Code   RO         8656    i.USB_OTG_EPDeactivate  usb_core.o
    0x08009d92   0x08009d92   0x00000064   Code   RO         8657    i.USB_OTG_EPSetStall  usb_core.o
    0x08009df6   0x08009df6   0x000001f6   Code   RO         8658    i.USB_OTG_EPStartXfer  usb_core.o
    0x08009fec   0x08009fec   0x00000034   Code   RO         8659    i.USB_OTG_EnableCommonInt  usb_core.o
    0x0800a020   0x0800a020   0x0000009a   Code   RO         8660    i.USB_OTG_EnableDevInt  usb_core.o
    0x0800a0ba   0x0800a0ba   0x00000022   Code   RO         8661    i.USB_OTG_EnableGlobalInt  usb_core.o
    0x0800a0dc   0x0800a0dc   0x0000004c   Code   RO         8662    i.USB_OTG_FlushRxFifo  usb_core.o
    0x0800a128   0x0800a128   0x00000054   Code   RO         8663    i.USB_OTG_FlushTxFifo  usb_core.o
    0x0800a17c   0x0800a17c   0x00000034   Code   RO         8664    i.USB_OTG_GetDeviceSpeed  usb_core.o
    0x0800a1b0   0x0800a1b0   0x0000000c   Code   RO         8666    i.USB_OTG_GetMode   usb_core.o
    0x0800a1bc   0x0800a1bc   0x00000018   Code   RO         8667    i.USB_OTG_InitDevSpeed  usb_core.o
    0x0800a1d4   0x0800a1d4   0x00000016   Code   RO         8668    i.USB_OTG_IsDeviceMode  usb_core.o
    0x0800a1ea   0x0800a1ea   0x00000010   Code   RO         8670    i.USB_OTG_ReadCoreItr  usb_core.o
    0x0800a1fa   0x0800a1fa   0x00000010   Code   RO         8671    i.USB_OTG_ReadDevAllInEPItr  usb_core.o
    0x0800a20a   0x0800a20a   0x00000010   Code   RO         8672    i.USB_OTG_ReadDevAllOutEp_itr  usb_core.o
    0x0800a21a   0x0800a21a   0x00000014   Code   RO         8673    i.USB_OTG_ReadDevOutEP_itr  usb_core.o
    0x0800a22e   0x0800a22e   0x00000028   Code   RO         8675    i.USB_OTG_ReadPacket  usb_core.o
    0x0800a256   0x0800a256   0x00000002   PAD
    0x0800a258   0x0800a258   0x000000d0   Code   RO         8676    i.USB_OTG_SelectCore  usb_core.o
    0x0800a328   0x0800a328   0x0000004e   Code   RO         8677    i.USB_OTG_SetCurrentMode  usb_core.o
    0x0800a376   0x0800a376   0x00000040   Code   RO         8681    i.USB_OTG_WritePacket  usb_core.o
    0x0800a3b6   0x0800a3b6   0x00000004   Code   RO         2238    i.UsageFault_Handler  stm32f4xx_it.o
    0x0800a3ba   0x0800a3ba   0x00000002   PAD
    0x0800a3bc   0x0800a3bc   0x000000ec   Code   RO          933    i.Usart1_Init       usart1.o
    0x0800a4a8   0x0800a4a8   0x00000134   Code   RO         9247    i.VCP_Ctrl          usbd_cdc_vcp.o
    0x0800a5dc   0x0800a5dc   0x000000a8   Code   RO         9248    i.VCP_DataRx        usbd_cdc_vcp.o
    0x0800a684   0x0800a684   0x00000030   Code   RO         9249    i.VCP_DataTx        usbd_cdc_vcp.o
    0x0800a6b4   0x0800a6b4   0x00000004   Code   RO         9250    i.VCP_DeInit        usbd_cdc_vcp.o
    0x0800a6b8   0x0800a6b8   0x00000004   Code   RO         9251    i.VCP_Init          usbd_cdc_vcp.o
    0x0800a6bc   0x0800a6bc   0x00000020   Code   RO         9865    i.__0printf         mc_w.l(printfa.o)
    0x0800a6dc   0x0800a6dc   0x00000030   Code   RO         9946    i.__ARM_fpclassify  m_wm.l(fpclassify.o)
    0x0800a70c   0x0800a70c   0x00000004   PAD
    0x0800a710   0x0800a710   0x00000360   Code   RO         9551    i.__hardfp_asin     m_wm.l(asin.o)
    0x0800aa70   0x0800aa70   0x000002d8   Code   RO         9915    i.__hardfp_atan     m_wm.l(atan.o)
    0x0800ad48   0x0800ad48   0x000001f0   Code   RO         9565    i.__hardfp_atan2    m_wm.l(atan2.o)
    0x0800af38   0x0800af38   0x000000c8   Code   RO         9577    i.__hardfp_cos      m_wm.l(cos.o)
    0x0800b000   0x0800b000   0x00000014   Code   RO         9589    i.__hardfp_fabs     m_wm.l(fabs.o)
    0x0800b014   0x0800b014   0x00000004   PAD
    0x0800b018   0x0800b018   0x000000c8   Code   RO         9595    i.__hardfp_sin      m_wm.l(sin.o)
    0x0800b0e0   0x0800b0e0   0x0000007a   Code   RO         9607    i.__hardfp_sqrt     m_wm.l(sqrt_full.o)
    0x0800b15a   0x0800b15a   0x00000006   PAD
    0x0800b160   0x0800b160   0x00000438   Code   RO         9951    i.__ieee754_rem_pio2  m_wm.l(rred.o)
    0x0800b598   0x0800b598   0x00000170   Code   RO         9929    i.__kernel_cos      m_wm.l(cos_i.o)
    0x0800b708   0x0800b708   0x000000f8   Code   RO         9948    i.__kernel_poly     m_wm.l(poly.o)
    0x0800b800   0x0800b800   0x00000130   Code   RO         9956    i.__kernel_sin      m_wm.l(sin_i.o)
    0x0800b930   0x0800b930   0x00000014   Code   RO         9933    i.__mathlib_dbl_infnan  m_wm.l(dunder.o)
    0x0800b944   0x0800b944   0x00000014   Code   RO         9934    i.__mathlib_dbl_infnan2  m_wm.l(dunder.o)
    0x0800b958   0x0800b958   0x00000020   Code   RO         9935    i.__mathlib_dbl_invalid  m_wm.l(dunder.o)
    0x0800b978   0x0800b978   0x00000020   Code   RO         9938    i.__mathlib_dbl_underflow  m_wm.l(dunder.o)
    0x0800b998   0x0800b998   0x0000000e   Code   RO        10006    i.__scatterload_copy  mc_w.l(handlers.o)
    0x0800b9a6   0x0800b9a6   0x00000002   Code   RO        10007    i.__scatterload_null  mc_w.l(handlers.o)
    0x0800b9a8   0x0800b9a8   0x0000000e   Code   RO        10008    i.__scatterload_zeroinit  mc_w.l(handlers.o)
    0x0800b9b6   0x0800b9b6   0x00000002   PAD
    0x0800b9b8   0x0800b9b8   0x0000000c   Code   RO         9988    i.__set_errno       mc_w.l(errno.o)
    0x0800b9c4   0x0800b9c4   0x00000184   Code   RO         9872    i._fp_digits        mc_w.l(printfa.o)
    0x0800bb48   0x0800bb48   0x000006dc   Code   RO         9873    i._printf_core      mc_w.l(printfa.o)
    0x0800c224   0x0800c224   0x00000024   Code   RO         9874    i._printf_post_padding  mc_w.l(printfa.o)
    0x0800c248   0x0800c248   0x0000002e   Code   RO         9875    i._printf_pre_padding  mc_w.l(printfa.o)
    0x0800c276   0x0800c276   0x00000002   PAD
    0x0800c278   0x0800c278   0x00000088   Code   RO         1624    i.accel_data_update  accelerometer_calibration.o
    0x0800c300   0x0800c300   0x0000019c   Code   RO         1625    i.accel_mat_init    accelerometer_calibration.o
    0x0800c49c   0x0800c49c   0x00000010   Code   RO         9917    i.atan              m_wm.l(atan.o)
    0x0800c4ac   0x0800c4ac   0x00000094   Code   RO         1626    i.caculate_mat      accelerometer_calibration.o
    0x0800c540   0x0800c540   0x00000124   Code   RO         1627    i.cali_accel_para   accelerometer_calibration.o
    0x0800c664   0x0800c664   0x00000008   Code   RO         1628    i.cali_fenction     accelerometer_calibration.o
    0x0800c66c   0x0800c66c   0x00000044   Code   RO         2187    i.delay_init        delay.o
    0x0800c6b0   0x0800c6b0   0x0000008c   Code   RO         2188    i.delay_ms          delay.o
    0x0800c73c   0x0800c73c   0x00000050   Code   RO         2189    i.delay_us          delay.o
    0x0800c78c   0x0800c78c   0x00000018   Code   RO         9591    i.fabs              m_wm.l(fabs.o)
    0x0800c7a4   0x0800c7a4   0x0000000c   Code   RO         1192    i.fp32_deadline     user_lib.o
    0x0800c7b0   0x0800c7b0   0x00000016   Code   RO         1193    i.fp32_limit        user_lib.o
    0x0800c7c6   0x0800c7c6   0x00000022   Code   RO         1194    i.fp32_map          user_lib.o
    0x0800c7e8   0x0800c7e8   0x0000001c   Code   RO          935    i.fputc             usart1.o
    0x0800c804   0x0800c804   0x00000070   Code   RO          708    i.friction_shoot_control  shoot_task.o
    0x0800c874   0x0800c874   0x00000008   Code   RO          325    i.getErrorListPoint  detect_task.o
    0x0800c87c   0x0800c87c   0x00000018   Code   RO          613    i.get_Friction_left_Motor_Measure_Point  can_receive.o
    0x0800c894   0x0800c894   0x00000018   Code   RO          614    i.get_Friction_right_Motor_Measure_Point  can_receive.o
    0x0800c8ac   0x0800c8ac   0x00000008   Code   RO         1976    i.get_Gyro_Angle_Point  imutask.o
    0x0800c8b4   0x0800c8b4   0x00000008   Code   RO          518    i.get_PC_Data_Point  tx2_task.o
    0x0800c8bc   0x0800c8bc   0x00000008   Code   RO          615    i.get_Pitch_Gimbal_Motor_Measure_Point  can_receive.o
    0x0800c8c4   0x0800c8c4   0x00000018   Code   RO          616    i.get_Trigger_Motor_Measure_Point  can_receive.o
    0x0800c8dc   0x0800c8dc   0x00000008   Code   RO          617    i.get_Yaw_Gimbal_Motor_Measure_Point  can_receive.o
    0x0800c8e4   0x0800c8e4   0x00000024   Code   RO         1474    i.get_crc8_check_sum  protocol.o
    0x0800c908   0x0800c908   0x0000003a   Code   RO          391    i.get_relative_pos  gimbal_task.o
    0x0800c942   0x0800c942   0x00000002   PAD
    0x0800c944   0x0800c944   0x00000008   Code   RO          860    i.get_remote_control_point  remotecontrol.o
    0x0800c94c   0x0800c94c   0x00000008   Code   RO          392    i.get_yaw_motor_point  gimbal_task.o
    0x0800c954   0x0800c954   0x00000076   Code   RO          393    i.gimbal_PID_compute  gimbal_task.o
    0x0800c9ca   0x0800c9ca   0x00000068   Code   RO          394    i.gimbal_PID_init   gimbal_task.o
    0x0800ca32   0x0800ca32   0x00000002   PAD
    0x0800ca34   0x0800ca34   0x00000424   Code   RO          395    i.gimbal_track_armor  gimbal_task.o
    0x0800ce58   0x0800ce58   0x00000010   Code   RO         7960    i.inHandlerMode     cmsis_os.o
    0x0800ce68   0x0800ce68   0x0000003c   Code   RO         1870    i.invSqrt           filter_control.o
    0x0800cea4   0x0800cea4   0x0000000e   Code   RO            5    i.main              main.o
    0x0800ceb2   0x0800ceb2   0x0000006c   Code   RO          519    i.minipc_Send_Message  tx2_task.o
    0x0800cf1e   0x0800cf1e   0x0000001c   Code   RO         2080    i.mpu_delay_ms      mpu_delay.o
    0x0800cf3a   0x0800cf3a   0x00000002   PAD
    0x0800cf3c   0x0800cf3c   0x0000005c   Code   RO         1871    i.my_sqrt           filter_control.o
    0x0800cf98   0x0800cf98   0x00000014   Code   RO         7968    i.osKernelSysTick   cmsis_os.o
    0x0800cfac   0x0800cfac   0x00000098   Code   RO         7448    i.prvAddCurrentTaskToDelayedList  tasks.o
    0x0800d044   0x0800d044   0x000000b8   Code   RO         7449    i.prvAddNewTaskToReadyList  tasks.o
    0x0800d0fc   0x0800d0fc   0x00000064   Code   RO         7822    i.prvCheckForValidListAndQueue  timers.o
    0x0800d160   0x0800d160   0x00000064   Code   RO         7450    i.prvCheckTasksWaitingTermination  tasks.o
    0x0800d1c4   0x0800d1c4   0x0000002a   Code   RO         7207    i.prvCopyDataFromQueue  queue.o
    0x0800d1ee   0x0800d1ee   0x0000007c   Code   RO         7208    i.prvCopyDataToQueue  queue.o
    0x0800d26a   0x0800d26a   0x00000012   Code   RO         7451    i.prvDeleteTCB      tasks.o
    0x0800d27c   0x0800d27c   0x00000028   Code   RO         7823    i.prvGetNextExpireTime  timers.o
    0x0800d2a4   0x0800d2a4   0x0000007c   Code   RO         8410    i.prvHeapInit       heap_4.o
    0x0800d320   0x0800d320   0x00000028   Code   RO         7452    i.prvIdleTask       tasks.o
    0x0800d348   0x0800d348   0x0000002e   Code   RO         7210    i.prvInitialiseNewQueue  queue.o
    0x0800d376   0x0800d376   0x00000002   PAD
    0x0800d378   0x0800d378   0x000000d8   Code   RO         7453    i.prvInitialiseNewTask  tasks.o
    0x0800d450   0x0800d450   0x00000068   Code   RO         7454    i.prvInitialiseTaskLists  tasks.o
    0x0800d4b8   0x0800d4b8   0x00000068   Code   RO         8411    i.prvInsertBlockIntoFreeList  heap_4.o
    0x0800d520   0x0800d520   0x00000058   Code   RO         7825    i.prvInsertTimerInActiveList  timers.o
    0x0800d578   0x0800d578   0x0000001a   Code   RO         7211    i.prvIsQueueEmpty   queue.o
    0x0800d592   0x0800d592   0x0000001e   Code   RO         7212    i.prvIsQueueFull    queue.o
    0x0800d5b0   0x0800d5b0   0x000000a8   Code   RO         7213    i.prvNotifyQueueSetContainer  queue.o
    0x0800d658   0x0800d658   0x00000084   Code   RO         7826    i.prvProcessExpiredTimer  timers.o
    0x0800d6dc   0x0800d6dc   0x00000130   Code   RO         7827    i.prvProcessReceivedCommands  timers.o
    0x0800d80c   0x0800d80c   0x00000074   Code   RO         7828    i.prvProcessTimerOrBlockTask  timers.o
    0x0800d880   0x0800d880   0x00000034   Code   RO         7456    i.prvResetNextTaskUnblockTime  tasks.o
    0x0800d8b4   0x0800d8b4   0x0000002c   Code   RO         7829    i.prvSampleTimeNow  timers.o
    0x0800d8e0   0x0800d8e0   0x000000c0   Code   RO         7830    i.prvSwitchTimerLists  timers.o
    0x0800d9a0   0x0800d9a0   0x00000016   Code   RO         7457    i.prvTaskCheckFreeStackSpace  tasks.o
    0x0800d9b6   0x0800d9b6   0x00000002   PAD
    0x0800d9b8   0x0800d9b8   0x0000007c   Code   RO         8326    i.prvTaskExitError  port.o
    0x0800da34   0x0800da34   0x0000001a   Code   RO         7831    i.prvTimerTask      timers.o
    0x0800da4e   0x0800da4e   0x00000092   Code   RO         7214    i.prvUnlockQueue    queue.o
    0x0800dae0   0x0800dae0   0x0000015c   Code   RO         8412    i.pvPortMalloc      heap_4.o
    0x0800dc3c   0x0800dc3c   0x00000020   Code   RO         7460    i.pvTaskIncrementMutexHeldCount  tasks.o
    0x0800dc5c   0x0800dc5c   0x0000002c   Code   RO         8327    i.pxPortInitialiseStack  port.o
    0x0800dc88   0x0800dc88   0x00000014   Code   RO          861    i.remote_control_init  remotecontrol.o
    0x0800dc9c   0x0800dc9c   0x000000d0   Code   RO          709    i.shoot__behavour_set  shoot_task.o
    0x0800dd6c   0x0800dd6c   0x0000009c   Code   RO          710    i.shoot_ctrl_limit  shoot_task.o
    0x0800de08   0x0800de08   0x00000096   Code   RO          711    i.shoot_down_control  shoot_task.o
    0x0800de9e   0x0800de9e   0x00000002   PAD
    0x0800dea0   0x0800dea0   0x00000070   Code   RO          712    i.shoot_gight_stuck_bullet  shoot_task.o
    0x0800df10   0x0800df10   0x00000070   Code   RO          713    i.shoot_left_stuck_bullet  shoot_task.o
    0x0800df80   0x0800df80   0x00000038   Code   RO          714    i.shoot_mode_control  shoot_task.o
    0x0800dfb8   0x0800dfb8   0x0000000a   Code   RO          863    i.slove_data_error  remotecontrol.o
    0x0800dfc2   0x0800dfc2   0x0000006e   Code   RO         9609    i.sqrt              m_wm.l(sqrt_full.o)
    0x0800e030   0x0800e030   0x00000034   Code   RO            6    i.start_task        main.o
    0x0800e064   0x0800e064   0x0000002c   Code   RO          326    i.task_Detect_Create  detect_task.o
    0x0800e090   0x0800e090   0x00000030   Code   RO          396    i.task_Gimbal_Create  gimbal_task.o
    0x0800e0c0   0x0800e0c0   0x00000038   Code   RO          520    i.task_PC_Create    tx2_task.o
    0x0800e0f8   0x0800e0f8   0x00000030   Code   RO          715    i.task_Shoot_Create  shoot_task.o
    0x0800e128   0x0800e128   0x00000030   Code   RO          521    i.task_Tx2_Create   tx2_task.o
    0x0800e158   0x0800e158   0x00000036   Code   RO          716    i.trigger_speed_control  shoot_task.o
    0x0800e18e   0x0800e18e   0x00000002   PAD
    0x0800e190   0x0800e190   0x00000044   Code   RO          522    i.tx2_error         tx2_task.o
    0x0800e1d4   0x0800e1d4   0x00000088   Code   RO         9126    i.usbd_cdc_DataIn   usbd_cdc_core.o
    0x0800e25c   0x0800e25c   0x00000038   Code   RO         9127    i.usbd_cdc_DataOut  usbd_cdc_core.o
    0x0800e294   0x0800e294   0x0000002c   Code   RO         9128    i.usbd_cdc_DeInit   usbd_cdc_core.o
    0x0800e2c0   0x0800e2c0   0x00000038   Code   RO         9129    i.usbd_cdc_EP0_RxReady  usbd_cdc_core.o
    0x0800e2f8   0x0800e2f8   0x00000058   Code   RO         9130    i.usbd_cdc_Init     usbd_cdc_core.o
    0x0800e350   0x0800e350   0x00000028   Code   RO         9131    i.usbd_cdc_SOF      usbd_cdc_core.o
    0x0800e378   0x0800e378   0x000000f0   Code   RO         9132    i.usbd_cdc_Setup    usbd_cdc_core.o
    0x0800e468   0x0800e468   0x00000028   Code   RO         7162    i.uxListRemove      list.o
    0x0800e490   0x0800e490   0x00000028   Code   RO         7463    i.uxTaskGetStackHighWaterMark  tasks.o
    0x0800e4b8   0x0800e4b8   0x0000001a   Code   RO         7163    i.vListInitialise   list.o
    0x0800e4d2   0x0800e4d2   0x00000006   Code   RO         7164    i.vListInitialiseItem  list.o
    0x0800e4d8   0x0800e4d8   0x00000034   Code   RO         7165    i.vListInsert       list.o
    0x0800e50c   0x0800e50c   0x00000018   Code   RO         7166    i.vListInsertEnd    list.o
    0x0800e524   0x0800e524   0x00000090   Code   RO         8329    i.vPortEnterCritical  port.o
    0x0800e5b4   0x0800e5b4   0x00000078   Code   RO         8330    i.vPortExitCritical  port.o
    0x0800e62c   0x0800e62c   0x000000c0   Code   RO         8413    i.vPortFree         heap_4.o
    0x0800e6ec   0x0800e6ec   0x00000020   Code   RO         8331    i.vPortSetupTimerInterrupt  port.o
    0x0800e70c   0x0800e70c   0x000000a8   Code   RO         8332    i.vPortValidateInterruptPriority  port.o
    0x0800e7b4   0x0800e7b4   0x0000002c   Code   RO         7220    i.vQueueAddToRegistry  queue.o
    0x0800e7e0   0x0800e7e0   0x0000004a   Code   RO         7224    i.vQueueWaitForMessageRestricted  queue.o
    0x0800e82a   0x0800e82a   0x00000002   PAD
    0x0800e82c   0x0800e82c   0x0000007c   Code   RO         7469    i.vTaskDelay        tasks.o
    0x0800e8a8   0x0800e8a8   0x00000114   Code   RO         7471    i.vTaskDelete       tasks.o
    0x0800e9bc   0x0800e9bc   0x0000000c   Code   RO         7475    i.vTaskMissedYield  tasks.o
    0x0800e9c8   0x0800e9c8   0x0000005c   Code   RO         7477    i.vTaskPlaceOnEventList  tasks.o
    0x0800ea24   0x0800ea24   0x00000064   Code   RO         7478    i.vTaskPlaceOnEventListRestricted  tasks.o
    0x0800ea88   0x0800ea88   0x000000b0   Code   RO         7480    i.vTaskPriorityInherit  tasks.o
    0x0800eb38   0x0800eb38   0x00000054   Code   RO         7484    i.vTaskSetTimeOutState  tasks.o
    0x0800eb8c   0x0800eb8c   0x000000b4   Code   RO         7485    i.vTaskStartScheduler  tasks.o
    0x0800ec40   0x0800ec40   0x00000010   Code   RO         7487    i.vTaskSuspendAll   tasks.o
    0x0800ec50   0x0800ec50   0x000000b0   Code   RO         7488    i.vTaskSwitchContext  tasks.o
    0x0800ed00   0x0800ed00   0x00000164   Code   RO         8333    i.xPortStartScheduler  port.o
    0x0800ee64   0x0800ee64   0x00000034   Code   RO         8334    i.xPortSysTickHandler  port.o
    0x0800ee98   0x0800ee98   0x0000007c   Code   RO         7229    i.xQueueGenericCreate  queue.o
    0x0800ef14   0x0800ef14   0x000001d0   Code   RO         7230    i.xQueueGenericReceive  queue.o
    0x0800f0e4   0x0800f0e4   0x000000b8   Code   RO         7231    i.xQueueGenericReset  queue.o
    0x0800f19c   0x0800f19c   0x000001cc   Code   RO         7232    i.xQueueGenericSend  queue.o
    0x0800f368   0x0800f368   0x00000118   Code   RO         7233    i.xQueueGenericSendFromISR  queue.o
    0x0800f480   0x0800f480   0x000000a8   Code   RO         7489    i.xTaskCheckForTimeOut  tasks.o
    0x0800f528   0x0800f528   0x00000060   Code   RO         7490    i.xTaskCreate       tasks.o
    0x0800f588   0x0800f588   0x00000020   Code   RO         7494    i.xTaskGetSchedulerState  tasks.o
    0x0800f5a8   0x0800f5a8   0x0000000c   Code   RO         7495    i.xTaskGetTickCount  tasks.o
    0x0800f5b4   0x0800f5b4   0x00000014   Code   RO         7496    i.xTaskGetTickCountFromISR  tasks.o
    0x0800f5c8   0x0800f5c8   0x00000168   Code   RO         7497    i.xTaskIncrementTick  tasks.o
    0x0800f730   0x0800f730   0x000000e0   Code   RO         7500    i.xTaskPriorityDisinherit  tasks.o
    0x0800f810   0x0800f810   0x000000bc   Code   RO         7501    i.xTaskRemoveFromEventList  tasks.o
    0x0800f8cc   0x0800f8cc   0x00000128   Code   RO         7503    i.xTaskResumeAll    tasks.o
    0x0800f9f4   0x0800f9f4   0x00000078   Code   RO         7835    i.xTimerCreateTimerTask  timers.o
    0x0800fa6c   0x0800fa6c   0x000000a8   Code   RO         7836    i.xTimerGenericCommand  timers.o
    0x0800fb14   0x0800fb14   0x0000003c   Data   RO          329    .constdata          detect_task.o
    0x0800fb50   0x0800fb50   0x00000030   Data   RO          398    .constdata          gimbal_task.o
    0x0800fb80   0x0800fb80   0x00000030   Data   RO          718    .constdata          shoot_task.o
    0x0800fbb0   0x0800fbb0   0x00000302   Data   RO         1477    .constdata          protocol.o
    0x0800feb2   0x0800feb2   0x00000006   PAD
    0x0800feb8   0x0800feb8   0x00000140   Data   RO         1873    .constdata          filter_control.o
    0x0800fff8   0x0800fff8   0x00000050   Data   RO         9554    .constdata          m_wm.l(asin.o)
    0x08010048   0x08010048   0x00000098   Data   RO         9918    .constdata          m_wm.l(atan.o)
    0x080100e0   0x080100e0   0x00000030   Data   RO         9930    .constdata          m_wm.l(cos_i.o)
    0x08010110   0x08010110   0x00000008   Data   RO         9950    .constdata          m_wm.l(qnan.o)
    0x08010118   0x08010118   0x000000c8   Data   RO         9953    .constdata          m_wm.l(rred.o)
    0x080101e0   0x080101e0   0x00000028   Data   RO         9957    .constdata          m_wm.l(sin_i.o)
    0x08010208   0x08010208   0x00000020   Data   RO        10004    Region$$Table       anon$$obj.o


    Execution Region RW_IRAM1 (Exec base: 0x20000000, Load base: 0x08010228, Size: 0x00009160, Max: 0x00020000, ABSOLUTE, COMPRESSED[0x00000164])

    Exec Addr    Load Addr    Size         Type   Attr      Idx    E Section Name        Object

    0x20000000   COMPRESSED   0x00000004   Data   RW            8    .data               main.o
    0x20000004   COMPRESSED   0x00000029   Data   RW          330    .data               detect_task.o
    0x2000002d   COMPRESSED   0x00000003   PAD
    0x20000030   COMPRESSED   0x00000044   Data   RW          399    .data               gimbal_task.o
    0x20000074   COMPRESSED   0x00000050   Data   RW          524    .data               tx2_task.o
    0x200000c4   COMPRESSED   0x00000008   Data   RW          619    .data               can_receive.o
    0x200000cc   COMPRESSED   0x0000002c   Data   RW          719    .data               shoot_task.o
    0x200000f8   COMPRESSED   0x00000012   Data   RW          865    .data               remotecontrol.o
    0x2000010a   COMPRESSED   0x00000002   PAD
    0x2000010c   COMPRESSED   0x0000000c   Data   RW          936    .data               usart1.o
    0x20000118   COMPRESSED   0x00000114   Data   RW         1630    .data               accelerometer_calibration.o
    0x2000022c   COMPRESSED   0x00000004   PAD
    0x20000230   COMPRESSED   0x0000007c   Data   RW         1978    .data               imutask.o
    0x200002ac   COMPRESSED   0x00000008   Data   RW         2190    .data               delay.o
    0x200002b4   COMPRESSED   0x00000014   Data   RW         2289    .data               system_stm32f4xx.o
    0x200002c8   COMPRESSED   0x00000010   Data   RW         4922    .data               stm32f4xx_rcc.o
    0x200002d8   COMPRESSED   0x0000003c   Data   RW         7506    .data               tasks.o
    0x20000314   COMPRESSED   0x00000014   Data   RW         7844    .data               timers.o
    0x20000328   COMPRESSED   0x0000000c   Data   RW         8335    .data               port.o
    0x20000334   COMPRESSED   0x00000018   Data   RW         8418    .data               heap_4.o
    0x2000034c   COMPRESSED   0x00000034   Data   RW         8888    .data               usbd_core.o
    0x20000380   COMPRESSED   0x0000000d   Data   RW         9044    .data               usbd_req.o
    0x2000038d   COMPRESSED   0x00000003   PAD
    0x20000390   COMPRESSED   0x00000098   Data   RW         9134    .data               usbd_cdc_core.o
    0x20000428   COMPRESSED   0x00000020   Data   RW         9254    .data               usbd_cdc_vcp.o
    0x20000448   COMPRESSED   0x00000056   Data   RW         9322    .data               usbd_desc.o
    0x2000049e   COMPRESSED   0x00000002   PAD
    0x200004a0   COMPRESSED   0x00000020   Data   RW         9394    .data               usbd_usr.o
    0x200004c0   COMPRESSED   0x00000004   Data   RW         9989    .data               mc_w.l(errno.o)
    0x200004c4        -       0x000005f4   Zero   RW            7    .bss                main.o
    0x20000ab8        -       0x0000018c   Zero   RW          328    .bss                detect_task.o
    0x20000c44        -       0x000009c0   Zero   RW          397    .bss                gimbal_task.o
    0x20001604        -       0x0000004c   Zero   RW          523    .bss                tx2_task.o
    0x20001650        -       0x000000d8   Zero   RW          618    .bss                can_receive.o
    0x20001728        -       0x00000620   Zero   RW          717    .bss                shoot_task.o
    0x20001d48        -       0x0000005e   Zero   RW          864    .bss                remotecontrol.o
    0x20001da6   COMPRESSED   0x00000002   PAD
    0x20001da8        -       0x000001ac   Zero   RW         1629    .bss                accelerometer_calibration.o
    0x20001f54   COMPRESSED   0x00000004   PAD
    0x20001f58        -       0x00000e70   Zero   RW         1872    .bss                filter_control.o
    0x20002dc8        -       0x00000138   Zero   RW         1977    .bss                imutask.o
    0x20002f00        -       0x00000040   Zero   RW         7244    .bss                queue.o
    0x20002f40        -       0x000002e4   Zero   RW         7505    .bss                tasks.o
    0x20003224        -       0x00000028   Zero   RW         7843    .bss                timers.o
    0x2000324c        -       0x00005000   Zero   RW         8417    .bss                heap_4.o
    0x2000824c        -       0x00000883   Zero   RW         9133    .bss                usbd_cdc_core.o
    0x20008acf        -       0x00000190   Zero   RW         9253    .bss                usbd_cdc_vcp.o
    0x20008c5f        -       0x000000ff   Zero   RW         9321    .bss                usbd_desc.o
    0x20008d5e   COMPRESSED   0x00000002   PAD
    0x20008d60        -       0x00000400   Zero   RW         2224    STACK               startup_stm32f40_41xxx.o


==============================================================================

Image component sizes


      Code (inc. data)   RO Data    RW Data    ZI Data      Debug   Object Name

       996        144          0        276        428       5044   accelerometer_calibration.o
       106          8          0          0          0       2067   bsp_flash.o
      1604         56          0          0          0       7955   bsp_mpu9250_init.o
       588         24          0          0          0       2098   can.o
      1970        126          0          8        216      10674   can_receive.o
        36          0          0          0          0       2610   cmsis_os.o
       304         18          0          8          0       2813   delay.o
      1664        104         60         41        396       4845   detect_task.o
         0          0          0          0          0       9404   event_groups.o
      5330        102        320          0       3696      10605   filter_control.o
      3660        276         48         68       2496      44555   gimbal_task.o
       768        192          0         24      20480       4067   heap_4.o
      5290        306          0        124        312      14709   imutask.o
       196         10          0          0          0        611   led.o
       148          0          0          0          0       3314   list.o
       246         48          0          4       1524     367711   main.o
       180         24          0          0          0       2133   misc.o
        28          0          0          0          0        607   mpu_delay.o
       252         16          0          0          0       1273   mpu_spi_init.o
       104         10          0          0          0        620   mpu_time_init.o
       460          0          0          0          0       2674   pid.o
      1222        436          0         12          0      11061   port.o
        36          4        770          0          0       1398   protocol.o
      2212        286          0          0         64      13629   queue.o
       120          4          0          0          0        737   ramp_control.o
       424         34          0          0          0     265755   rc.o
       686         40          0         18         94       9112   remotecontrol.o
      1888        138         48         44       1568      15403   shoot_task.o
       160         10          0          0          0       1816   smooth_filter.o
        36          8        392          0       1024        848   startup_stm32f40_41xxx.o
      1398         10          0          0          0       5882   stm32f4xx_can.o
       636         54          0          0          0       7528   stm32f4xx_dma.o
       398         40          0          0          0       4605   stm32f4xx_flash.o
       222          0          0          0          0       2951   stm32f4xx_gpio.o
        20          0          0          0          0       2913   stm32f4xx_it.o
       424         54          0         16          0       6534   stm32f4xx_rcc.o
       112          0          0          0          0       3582   stm32f4xx_spi.o
       710         42          0          0          0       6924   stm32f4xx_usart.o
       340         32          0         20          0       1881   system_stm32f4xx.o
      3592        992          0         60        740      31852   tasks.o
      1330        332          0         20         40       9019   timers.o
      1134        170          0         80         76      10059   tx2_task.o
       364         30          0         12          0       4938   usart1.o
         2          0          0          0          0        476   usart6.o
       180          8          0          0          0       2787   usb_bsp.o
      3404         18          0          0          0      22084   usb_core.o
       666          0          0          0          0       6244   usb_dcd.o
      2228         98          0          0          0      10095   usb_dcd_int.o
       880        118          0        152       2179       9276   usbd_cdc_core.o
       532        130          0         32        400       4539   usbd_cdc_vcp.o
       760          6          0         52          0      11000   usbd_core.o
       394        130          0         86        255       7307   usbd_desc.o
       224          0          0          0          0       4760   usbd_ioreq.o
      1732         54          0         13          0      11010   usbd_req.o
       398        264          0         32          0       4434   usbd_usr.o
        68          0          0          0          0       2072   user_lib.o

    ----------------------------------------------------------------------
     52922       5006       1676       1216      35996    1014900   Object Totals
         0          0         32          0          0          0   (incl. Generated)
        60          0          6         14          8          0   (incl. Padding)

    ----------------------------------------------------------------------

      Code (inc. data)   RO Data    RW Data    ZI Data      Debug   Library Member Name

         8          0          0          0          0      17159   arm_mat_init_f32.o
      1328          4          0          0          0       2718   arm_mat_inverse_f32.o
       316          4          0          0          0       1627   arm_mat_mult_f32.o
       864         94         80          0          0        280   asin.o
       744        106        152          0          0        352   atan.o
       496         64          0          0          0        192   atan2.o
       200         20          0          0          0        164   cos.o
       368         46         48          0          0        200   cos_i.o
       104         16          0          0          0        496   dunder.o
        44          0          0          0          0        248   fabs.o
        48          0          0          0          0        124   fpclassify.o
       248          0          0          0          0        152   poly.o
         0          0          8          0          0          0   qnan.o
      1080        142        200          0          0        188   rred.o
       200         20          0          0          0        164   sin.o
       304         24         40          0          0        208   sin_i.o
       232          0          0          0          0        296   sqrt_full.o
        86          0          0          0          0          0   __dczerorl2.o
         0          0          0          0          0          0   entry.o
         0          0          0          0          0          0   entry10a.o
         0          0          0          0          0          0   entry11a.o
         8          4          0          0          0          0   entry2.o
         4          0          0          0          0          0   entry5.o
         0          0          0          0          0          0   entry7b.o
         0          0          0          0          0          0   entry8b.o
         8          4          0          0          0          0   entry9a.o
        12          6          0          4          0         68   errno.o
        30          0          0          0          0          0   handlers.o
        36          8          0          0          0         68   init.o
         0          0          0          0          0          0   iusefp.o
        30          0          0          0          0         68   llshl.o
        36          0          0          0          0         68   llsshr.o
        32          0          0          0          0         68   llushr.o
        36          0          0          0          0         68   memcpya.o
        36          0          0          0          0        108   memseta.o
      2258         90          0          0          0        452   printfa.o
        44          0          0          0          0         80   uidiv.o
        98          0          0          0          0         92   uldiv.o
        48          0          0          0          0         68   cdcmple.o
        48          0          0          0          0         68   cdrcmple.o
        56          0          0          0          0         88   d2f.o
       334          0          0          0          0        148   dadd.o
       222          0          0          0          0        100   ddiv.o
       186          0          0          0          0        176   depilogue.o
        62          0          0          0          0         80   dfixi.o
        48          0          0          0          0         68   dfixul.o
        34          0          0          0          0         76   dflti.o
        26          0          0          0          0         76   dfltui.o
       228          0          0          0          0         96   dmul.o
       162          0          0          0          0        100   dsqrt.o
        38          0          0          0          0         68   f2d.o
       110          0          0          0          0        168   fepilogue.o

    ----------------------------------------------------------------------
     10962        652        528          4          0      27088   Library Totals
        22          0          0          0          0          0   (incl. Padding)

    ----------------------------------------------------------------------

      Code (inc. data)   RO Data    RW Data    ZI Data      Debug   Library Name

      1652          8          0          0          0      21504   arm_cortexM4lf_math.lib
      4932        532        528          0          0       3064   m_wm.l
      2754        112          0          4          0       1140   mc_w.l
      1602          0          0          0          0       1380   mf_w.l

    ----------------------------------------------------------------------
     10962        652        528          4          0      27088   Library Totals

    ----------------------------------------------------------------------

==============================================================================


      Code (inc. data)   RO Data    RW Data    ZI Data      Debug   

     63884       5658       2204       1220      35996    1001872   Grand Totals
     63884       5658       2204        356      35996    1001872   ELF Image Totals (compressed)
     63884       5658       2204        356          0          0   ROM Totals

==============================================================================

    Total RO  Size (Code + RO Data)                66088 (  64.54kB)
    Total RW  Size (RW Data + ZI Data)             37216 (  36.34kB)
    Total ROM Size (Code + RO Data + RW Data)      66444 (  64.89kB)

==============================================================================

